mvn : WARNING: A restricted method in java.lang.System has been called
At line:1 char:1
+ mvn clean test 2>&1 | tee test_output.log
+ ~~~~~~~~~~~~~~~~~~~
    + CategoryInfo          : NotSpecified: (WARNING: A rest...has been called 
   :String) [], RemoteException
    + FullyQualifiedErrorId : NativeCommandError
 
WARNING: java.lang.System::load has been called by 
org.fusesource.jansi.internal.JansiLoader in an unnamed module 
(file:/C:/maven/lib/jansi-2.4.0.jar)
WARNING: Use --enable-native-access=ALL-UNNAMED to avoid a warning for callers 
in this module
WARNING: Restricted methods will be blocked in a future release unless native 
access is enabled

WARNING: A terminally deprecated method in sun.misc.Unsafe has been called
WARNING: sun.misc.Unsafe::objectFieldOffset has been called by 
com.google.common.util.concurrent.AbstractFuture$UnsafeAtomicHelper 
(file:/C:/maven/lib/guava-32.0.1-jre.jar)
WARNING: Please consider reporting this to the maintainers of class 
com.google.common.util.concurrent.AbstractFuture$UnsafeAtomicHelper
WARNING: sun.misc.Unsafe::objectFieldOffset will be removed in a future release
WARNING: Final field _cipher in class 
org.sonatype.plexus.components.sec.dispatcher.DefaultSecDispatcher has been 
mutated reflectively by class org.eclipse.sisu.bean.BeanPropertyField in 
unnamed module @3b2da18f 
(file:/C:/maven/lib/org.eclipse.sisu.inject-0.9.0.M2.jar)
WARNING: Use --enable-final-field-mutation=ALL-UNNAMED to avoid a warning
WARNING: Mutating final fields will be blocked in a future release unless 
final field mutation is enabled
[INFO] Scanning for projects...
[INFO] 
[INFO] -------------------< com.booking:api_hotel_booking >--------------------
[INFO] Building api_hotel_booking 1.0-SNAPSHOT
[INFO]   from pom.xml
[INFO] --------------------------------[ jar ]---------------------------------
[INFO] 
[INFO] --- clean:3.1.0:clean (default-clean) @ api_hotel_booking ---
[INFO] Deleting D:\Joshiba\Kata_Cucumber_Project\api_hotel_booking\target
[INFO] 
[INFO] --- resources:3.0.2:resources (default-resources) @ api_hotel_booking ---
[INFO] Using 'UTF-8' encoding to copy filtered resources.
[INFO] skip non existing resourceDirectory D:\Joshiba\Kata_Cucumber_Project\api_hotel_booking\src\main\resources
[INFO] 
[INFO] --- compiler:3.8.0:compile (default-compile) @ api_hotel_booking ---
[INFO] Nothing to compile - all classes are up to date
[INFO] 
[INFO] --- resources:3.0.2:testResources (default-testResources) @ api_hotel_booking ---
[INFO] Using 'UTF-8' encoding to copy filtered resources.
[INFO] Copying 13 resources
[INFO] 
[INFO] --- compiler:3.8.0:testCompile (default-testCompile) @ api_hotel_booking ---
[INFO] Changes detected - recompiling the module!
[INFO] Compiling 13 source files to D:\Joshiba\Kata_Cucumber_Project\api_hotel_booking\target\test-classes
[INFO] /D:/Joshiba/Kata_Cucumber_Project/api_hotel_booking/src/test/java/com/booking/stepDefinitions/E2EHotelBooking.java: D:\Joshiba\Kata_Cucumber_Project\api_hotel_booking\src\test\java\com\booking\stepDefinitions\E2EHotelBooking.java uses unchecked or unsafe operations.
[INFO] /D:/Joshiba/Kata_Cucumber_Project/api_hotel_booking/src/test/java/com/booking/stepDefinitions/E2EHotelBooking.java: Recompile with -Xlint:unchecked for details.
[INFO] 
[INFO] --- surefire:3.0.0-M9:test (default-test) @ api_hotel_booking ---
[INFO] Using auto detected provider org.apache.maven.surefire.testng.TestNGProvider
[INFO] 
[INFO] -------------------------------------------------------
[INFO]  T E S T S
[INFO] -------------------------------------------------------
[INFO] Running TestSuite
WARNING: A terminally deprecated method in sun.misc.Unsafe has been called
WARNING: sun.misc.Unsafe::arrayBaseOffset has been called by 
io.cucumber.messages.internal.com.google.protobuf.UnsafeUtil$MemoryAccessor (fi
le:/C:/Users/Juanita/.m2/repository/io/cucumber/messages/15.0.0/messages-15.0.0
.jar)
WARNING: Please consider reporting this to the maintainers of class 
io.cucumber.messages.internal.com.google.protobuf.UnsafeUtil$MemoryAccessor
WARNING: sun.misc.Unsafe::arrayBaseOffset will be removed in a future release

@get-booking-detail @schema-validation @api @get-booking-detail @schema-validation
Scenario Outline: Create a booking and then get the details of the booking             # src/test/resources/features/getBookingDetail.feature:32
  Given the user wants to check the booking details                                    # com.booking.stepDefinitions.E2EHotelBooking.the_user_wants_to_check_the_booking_details()
  When User enters search criteria with checkin "2025-07-17" and checkout "2025-07-18" # com.booking.stepDefinitions.E2EHotelBooking.User_enters_search_criteria_with_checkin_and_checkout(java.lang.String,java.lang.String)
Authentication Token: Cookie , token=null
requestBody: {firstname=Krishnan, bookingdates={checkin=2025-07-17, checkout=2025-07-18}, phone=+44123456789, depositpaid=false, roomid=2478, email=krishnan@email.com, lastname=Kumar}
Endpoint: reservation/2478?checkin=2025-07-17&checkout=2025-07-18
Spec: io.restassured.internal.RequestSpecificationImpl@2ee359a8
Request method:	POST
Request URI:	https://automationintesting.online/api/booking
Proxy:			<none>
Request params:	<none>
Query params:	<none>
Form params:	<none>
Path params:	<none>
Headers:		Accept=application/json, application/javascript, text/javascript, text/json
				Cookie=token=null
				Authorization=automationintesting.online
				Content-Type=application/json; charset=UTF-8
Cookies:		<none>
Multiparts:		<none>
Body:
{
    "firstname": "Krishnan",
    "bookingdates": {
        "checkin": "2025-07-17",
        "checkout": "2025-07-18"
    },
    "phone": "+44123456789",
    "depositpaid": false,
    "roomid": 2478,
    "email": "krishnan@email.com",
    "lastname": "Kumar"
}
HTTP/1.1 201 Created
Date: Sun, 29 Mar 2026 15:51:00 GMT
Content-Type: application/json
Transfer-Encoding: chunked
Connection: keep-alive
Server: cloudflare
vary: rsc, next-router-state-tree, next-router-prefetch, next-router-segment-prefetch
x-railway-edge: railway/asia-southeast1-eqsg3a
x-railway-request-id: dA_e3EV6T0-hfqKUDcO5xA
x-railway-cdn-edge: fastly/cache-sin-wsap440088-SIN
x-cache: MISS
x-cache-hits: 0
x-served-by: cache-sin-wsap440088-SIN
cf-cache-status: DYNAMIC
Nel: {"report_to":"cf-nel","success_fraction":0.0,"max_age":604800}
Report-To: {"group":"cf-nel","max_age":604800,"endpoints":[{"url":"https://a.nel.cloudflare.com/report/v4?s=LfFbKI5J9Xb8Z7dSNt152KkDgx9fXWNcRSA%2B3hohittBn5czKGhN9gYE3wvumNaGbeonupFyq1Y6yO0a8WgnfpbykSbDtjD%2BZ9JZ5fwwOYHHOk9p8ND5b03XRDPdW%2FXQfPePqqNmRBrHwv9aYw%3D%3D"}]}
CF-RAY: 9e40088f3cbb9e40-SIN
alt-svc: h3=":443"; ma=86400

{
    "bookingid": 4,
    "roomid": 2478,
    "firstname": "Krishnan",
    "lastname": "Kumar",
    "depositpaid": false,
    "bookingdates": {
        "checkin": "2025-07-17",
        "checkout": "2025-07-18"
    }
}
  And User creates a new booking with following details and submits the booking:       # com.booking.stepDefinitions.E2EHotelBooking.User_creates_a_new_booking_with_following_details_and_submits_the_booking(io.cucumber.datatable.DataTable)
  Then API response status code should be 201 for booking creation                     # com.booking.stepDefinitions.E2EHotelBooking.API_response_status_code_should_be_for_booking_creation(int)
  And User should see booking confirmation page with booking ID displayed              # com.booking.stepDefinitions.E2EHotelBooking.User_should_see_booking_confirmation_page_with_booking_ID_displayed()
Request method:	GET
Request URI:	https://automationintesting.online/api/booking/4
Proxy:			<none>
Request params:	<none>
Query params:	<none>
Form params:	<none>
Path params:	<none>
Headers:		Accept=application/json, application/javascript, text/javascript, text/json
				Content-Type=application/json; charset=UTF-8
Cookies:		<none>
Multiparts:		<none>
Body:			<none>
HTTP/1.1 401 Unauthorized
Date: Sun, 29 Mar 2026 15:51:01 GMT
Content-Type: application/json
Transfer-Encoding: chunked
Connection: keep-alive
Server: cloudflare
vary: rsc, next-router-state-tree, next-router-prefetch, next-router-segment-prefetch
x-railway-edge: railway/asia-southeast1-eqsg3a
x-railway-request-id: jsRwRt0wT0KVKPA0JH0Vcg
x-railway-cdn-edge: fastly/cache-sin-wsap440040-SIN
x-cache: MISS
x-cache-hits: 0
x-served-by: cache-sin-wsap440040-SIN
cf-cache-status: DYNAMIC
Nel: {"report_to":"cf-nel","success_fraction":0.0,"max_age":604800}
Report-To: {"group":"cf-nel","max_age":604800,"endpoints":[{"url":"https://a.nel.cloudflare.com/report/v4?s=GwIhTjANrv9JS79T57Vwk7xxu1gDr0bW3s5jLjfeZ0xjw0E8ekHO8JiTpPQ2%2BUQ52a8SRtzpJFtKg2%2FKYtSFWFJ5%2BDQuZaleokLw1tU9Kf85IctyWvA1kg1uwkv6qnkLrrEVh7B2iWS1wODleA%3D%3D"}]}
CF-RAY: 9e4008995edcc8b5-SIN
alt-svc: h3=":443"; ma=86400

{
    "error": "Authentication required"
}
  When the user retrieves the details of the created booking                           # com.booking.stepDefinitions.E2EHotelBooking.the_user_retrieves_the_details_of_the_created_booking()
  Then details of the booking is available:                                            # com.booking.stepDefinitions.E2EHotelBooking.details_of_the_booking_is_available(io.cucumber.datatable.DataTable)
      java.lang.AssertionError: Field 'bookingid' should not be null in response expected object to not be null
	at org.testng.Assert.fail(Assert.java:99)
	at org.testng.Assert.assertNotNull(Assert.java:942)
	at com.booking.stepDefinitions.E2EHotelBooking.details_of_the_booking_is_available(E2EHotelBooking.java:541)
	at Γ£╜.details of the booking is available:(file:///D:/Joshiba/Kata_Cucumber_Project/api_hotel_booking/src/test/resources/features/getBookingDetail.feature:21)

  And the response matches with json schema "bookingDetails.json"                      # com.booking.stepDefinitions.E2EHotelBooking.the_response_matches_with_json_schema(java.lang.String)

@get-booking-detail @schema-validation @api @get-booking-detail @schema-validation
Scenario Outline: Create a booking and then get the details of the booking             # src/test/resources/features/getBookingDetail.feature:33
  Given the user wants to check the booking details                                    # com.booking.stepDefinitions.E2EHotelBooking.the_user_wants_to_check_the_booking_details()
  When User enters search criteria with checkin "2025-08-01" and checkout "2025-08-05" # com.booking.stepDefinitions.E2EHotelBooking.User_enters_search_criteria_with_checkin_and_checkout(java.lang.String,java.lang.String)
Authentication Token: Cookie , token=null
requestBody: {firstname=John, bookingdates={checkin=2025-08-01, checkout=2025-08-05}, phone=+447358480685, depositpaid=true, roomid=2883, email=john.doe@email.com, lastname=Doe}
Endpoint: reservation/2883?checkin=2025-08-01&checkout=2025-08-05
Spec: io.restassured.internal.RequestSpecificationImpl@79afaf6d
Request method:	POST
Request URI:	https://automationintesting.online/api/booking
Proxy:			<none>
Request params:	<none>
Query params:	<none>
Form params:	<none>
Path params:	<none>
Headers:		Accept=application/json, application/javascript, text/javascript, text/json
				Cookie=token=null
				Authorization=automationintesting.online
				Content-Type=application/json; charset=UTF-8
Cookies:		<none>
Multiparts:		<none>
Body:
{
    "firstname": "John",
    "bookingdates": {
        "checkin": "2025-08-01",
        "checkout": "2025-08-05"
    },
    "phone": "+447358480685",
    "depositpaid": true,
    "roomid": 2883,
    "email": "john.doe@email.com",
    "lastname": "Doe"
}
HTTP/1.1 201 Created
Date: Sun, 29 Mar 2026 15:51:02 GMT
Content-Type: application/json
Transfer-Encoding: chunked
Connection: keep-alive
Server: cloudflare
vary: rsc, next-router-state-tree, next-router-prefetch, next-router-segment-prefetch
x-railway-edge: railway/asia-southeast1-eqsg3a
x-railway-request-id: C1wCftDCTdulgxteJH0Vcg
x-railway-cdn-edge: fastly/cache-sin-wsap440088-SIN
x-cache: MISS
x-cache-hits: 0
x-served-by: cache-sin-wsap440088-SIN
cf-cache-status: DYNAMIC
Nel: {"report_to":"cf-nel","success_fraction":0.0,"max_age":604800}
Report-To: {"group":"cf-nel","max_age":604800,"endpoints":[{"url":"https://a.nel.cloudflare.com/report/v4?s=rZuA%2BFJfsKCtqMNOTiLhFqZuF8l92upSuas0yYMzip2tlTKQfIgVZKt863VwqQOhe7J0bUdmRZSliOktIGUwegcrmBa7bf3%2BNoDVGSi%2FLh7HNbJZ2NCwqoDNzMZDymrmStVmKPtSlWw%2FhCMGmw%3D%3D"}]}
CF-RAY: 9e40089e3d898d32-SIN
alt-svc: h3=":443"; ma=86400

{
    "bookingid": 5,
    "roomid": 2883,
    "firstname": "John",
    "lastname": "Doe",
    "depositpaid": true,
    "bookingdates": {
        "checkin": "2025-08-01",
        "checkout": "2025-08-05"
    }
}
  And User creates a new booking with following details and submits the booking:       # com.booking.stepDefinitions.E2EHotelBooking.User_creates_a_new_booking_with_following_details_and_submits_the_booking(io.cucumber.datatable.DataTable)
  Then API response status code should be 201 for booking creation                     # com.booking.stepDefinitions.E2EHotelBooking.API_response_status_code_should_be_for_booking_creation(int)
  And User should see booking confirmation page with booking ID displayed              # com.booking.stepDefinitions.E2EHotelBooking.User_should_see_booking_confirmation_page_with_booking_ID_displayed()
Request method:	GET
Request URI:	https://automationintesting.online/api/booking/5
Proxy:			<none>
Request params:	<none>
Query params:	<none>
Form params:	<none>
Path params:	<none>
Headers:		Accept=application/json, application/javascript, text/javascript, text/json
				Content-Type=application/json; charset=UTF-8
Cookies:		<none>
Multiparts:		<none>
Body:			<none>
HTTP/1.1 401 Unauthorized
Date: Sun, 29 Mar 2026 15:51:03 GMT
Content-Type: application/json
Transfer-Encoding: chunked
Connection: keep-alive
Server: cloudflare
vary: rsc, next-router-state-tree, next-router-prefetch, next-router-segment-prefetch
x-railway-edge: railway/asia-southeast1-eqsg3a
x-railway-request-id: wzjC2ajJR96j8RREJH0Vcg
x-railway-cdn-edge: fastly/cache-sin-wsat1880036-SIN
x-cache: MISS
x-cache-hits: 0
x-served-by: cache-sin-wsat1880036-SIN
cf-cache-status: DYNAMIC
Nel: {"report_to":"cf-nel","success_fraction":0.0,"max_age":604800}
Report-To: {"group":"cf-nel","max_age":604800,"endpoints":[{"url":"https://a.nel.cloudflare.com/report/v4?s=Tsg%2F0SNniOEE2kYBJpoc6ixS2ve%2BhF88d6KDQ7D8m9Cte1IvqQwzOp4Pfv9Pn2bAlIQvG6O5ktelzIwOsoeqVHVXFp6b20%2F90LiXpNpIMJmTdhuQb2PlybOihqKNuy06Mw1486O4CU15ze4AIA%3D%3D"}]}
CF-RAY: 9e4008a17e3372da-SIN
alt-svc: h3=":443"; ma=86400

{
    "error": "Authentication required"
}
  When the user retrieves the details of the created booking                           # com.booking.stepDefinitions.E2EHotelBooking.the_user_retrieves_the_details_of_the_created_booking()
  Then details of the booking is available:                                            # com.booking.stepDefinitions.E2EHotelBooking.details_of_the_booking_is_available(io.cucumber.datatable.DataTable)
      java.lang.AssertionError: Field 'bookingid' should not be null in response expected object to not be null
	at org.testng.Assert.fail(Assert.java:99)
	at org.testng.Assert.assertNotNull(Assert.java:942)
	at com.booking.stepDefinitions.E2EHotelBooking.details_of_the_booking_is_available(E2EHotelBooking.java:541)
	at Γ£╜.details of the booking is available:(file:///D:/Joshiba/Kata_Cucumber_Project/api_hotel_booking/src/test/resources/features/getBookingDetail.feature:21)

  And the response matches with json schema "bookingDetails.json"                      # com.booking.stepDefinitions.E2EHotelBooking.the_response_matches_with_json_schema(java.lang.String)
ΓöîΓöÇΓöÇΓöÇΓöÇΓöÇΓöÇΓöÇΓöÇΓöÇΓöÇΓöÇΓöÇΓöÇΓöÇΓöÇΓöÇΓöÇΓöÇΓöÇΓöÇΓöÇΓöÇΓöÇΓöÇΓöÇΓ
öÇΓöÇΓöÇΓöÇΓöÇΓöÇΓöÇΓöÇΓöÇΓöÇΓöÇΓöÇΓöÇΓöÇΓöÇΓöÇΓöÇΓöÇΓöÇΓöÇΓöÇΓöÇΓöÇΓöÇΓöÇΓöÇΓö
ÇΓöÇΓöÇΓöÇΓöÇΓöÇΓöÇΓöÇΓöÇΓöÇΓöÇΓöÇΓöÇΓöÇΓöÇΓöÇΓöÇΓöÇΓöÇΓöÇΓöÇΓöÇΓöÇΓöÉ
Γöé View your Cucumber Report at:                                            
Γöé
Γöé https://reports.cucumber.io/reports/28bd2068-7d2b-4008-af85-8439cc01fa80 
Γöé
Γöé                                                                          
Γöé
Γöé This report will self-destruct in 24h.                                   
Γöé
[ERROR] Tests run: 2, Failures: 2, Errors: 0, Skipped: 0, Time elapsed: 10.571 s <<< FAILURE! - in TestSuite
[ERROR] com.booking.runners.TestRunner.runScenario["Create a booking and then get the details of the booking", "Optional[Get Booking Details]"](1)  Time elapsed: 5.283 s  <<< FAILURE!
java.lang.AssertionError: Field 'bookingid' should not be null in response expected object to not be null
	at org.testng.Assert.fail(Assert.java:99)
	at org.testng.Assert.assertNotNull(Assert.java:942)
	at com.booking.stepDefinitions.E2EHotelBooking.details_of_the_booking_is_available(E2EHotelBooking.java:541)
	at Γ£╜.details of the booking is available:(file:///D:/Joshiba/Kata_Cucumber_Project/api_hotel_booking/src/test/resources/features/getBookingDetail.feature:21)

[ERROR] com.booking.runners.TestRunner.runScenario["Create a booking and then get the details of the booking", "Optional[Get Booking Details]"](2)  Time elapsed: 1.422 s  <<< FAILURE!
java.lang.AssertionError: Field 'bookingid' should not be null in response expected object to not be null
	at org.testng.Assert.fail(Assert.java:99)
	at org.testng.Assert.assertNotNull(Assert.java:942)
	at com.booking.stepDefinitions.E2EHotelBooking.details_of_the_booking_is_available(E2EHotelBooking.java:541)
	at Γ£╜.details of the booking is available:(file:///D:/Joshiba/Kata_Cucumber_Project/api_hotel_booking/src/test/resources/features/getBookingDetail.feature:21)

[INFO] 
[INFO] Results:
[INFO] 
[ERROR] Failures: 
[ERROR]   TestRunner.runScenario Field 'bookingid' should not be null in response expected object to not be null
[ERROR]   TestRunner.runScenario Field 'bookingid' should not be null in response expected object to not be null
[INFO] 
[ERROR] Tests run: 2, Failures: 2, Errors: 0, Skipped: 0
[INFO] 
[INFO] ------------------------------------------------------------------------
[INFO] BUILD FAILURE
[INFO] ------------------------------------------------------------------------
[INFO] Total time:  17.143 s
[INFO] Finished at: 2026-03-29T21:21:06+05:30
[INFO] ------------------------------------------------------------------------
[ERROR] Failed to execute goal org.apache.maven.plugins:maven-surefire-plugin:3.0.0-M9:test (default-test) on project api_hotel_booking: There are test failures.
[ERROR] 
[ERROR] Please refer to D:\Joshiba\Kata_Cucumber_Project\api_hotel_booking\target\surefire-reports for the individual test results.
[ERROR] Please refer to dump files (if any exist) [date].dump, [date]-jvmRun[N].dump and [date].dumpstream.
[ERROR] -> [Help 1]
[ERROR] 
[ERROR] To see the full stack trace of the errors, re-run Maven with the -e switch.
[ERROR] Re-run Maven using the -X switch to enable full debug logging.
[ERROR] 
[ERROR] For more information about the errors and possible solutions, please read the following articles:
[ERROR] [Help 1] http://cwiki.apache.org/confluence/display/MAVEN/MojoFailureException
ΓööΓöÇΓöÇΓöÇΓöÇΓöÇΓöÇΓöÇΓöÇΓöÇΓöÇΓöÇΓöÇΓöÇΓöÇΓöÇΓöÇΓöÇΓöÇΓöÇΓöÇΓöÇΓöÇΓöÇΓöÇΓöÇΓ
öÇΓöÇΓöÇΓöÇΓöÇΓöÇΓöÇΓöÇΓöÇΓöÇΓöÇΓöÇΓöÇΓöÇΓöÇΓöÇΓöÇΓöÇΓöÇΓöÇΓöÇΓöÇΓöÇΓöÇΓöÇΓöÇΓö
ÇΓöÇΓöÇΓöÇΓöÇΓöÇΓöÇΓöÇΓöÇΓöÇΓöÇΓöÇΓöÇΓöÇΓöÇΓöÇΓöÇΓöÇΓöÇΓöÇΓöÇΓöÇΓöÇΓöÿ
