mvn : WARNING: A restricted method in java.lang.System has been called
At line:1 char:1
+ mvn test -q -DskipTests=false 2>&1 | Tee-Object -FilePath test_output ...
+ ~~~~~~~~~~~~~~~~~~~~~~~~~~~~~~~~~~
    + CategoryInfo          : NotSpecified: (WARNING: A rest...has been called 
   :String) [], RemoteException
    + FullyQualifiedErrorId : NativeCommandError
 
WARNING: java.lang.System::load has been called by 
org.fusesource.jansi.internal.JansiLoader in an unnamed module 
(file:/C:/maven/lib/jansi-2.4.0.jar)
WARNING: Use --enable-native-access=ALL-UNNAMED to avoid a warning for callers 
in this module
WARNING: Restricted methods will be blocked in a future release unless native 
access is enabled

WARNING: A terminally deprecated method in sun.misc.Unsafe has been called
WARNING: sun.misc.Unsafe::objectFieldOffset has been called by 
com.google.common.util.concurrent.AbstractFuture$UnsafeAtomicHelper 
(file:/C:/maven/lib/guava-32.0.1-jre.jar)
WARNING: Please consider reporting this to the maintainers of class 
com.google.common.util.concurrent.AbstractFuture$UnsafeAtomicHelper
WARNING: sun.misc.Unsafe::objectFieldOffset will be removed in a future release
WARNING: Final field _cipher in class 
org.sonatype.plexus.components.sec.dispatcher.DefaultSecDispatcher has been 
mutated reflectively by class org.eclipse.sisu.bean.BeanPropertyField in 
unnamed module @6f3b5d16 
(file:/C:/maven/lib/org.eclipse.sisu.inject-0.9.0.M2.jar)
WARNING: Use --enable-final-field-mutation=ALL-UNNAMED to avoid a warning
WARNING: Mutating final fields will be blocked in a future release unless 
final field mutation is enabled
WARNING: A terminally deprecated method in sun.misc.Unsafe has been called
WARNING: sun.misc.Unsafe::arrayBaseOffset has been called by 
io.cucumber.messages.internal.com.google.protobuf.UnsafeUtil$MemoryAccessor (fi
le:/C:/Users/Juanita/.m2/repository/io/cucumber/messages/15.0.0/messages-15.0.0
.jar)
WARNING: Please consider reporting this to the maintainers of class 
io.cucumber.messages.internal.com.google.protobuf.UnsafeUtil$MemoryAccessor
WARNING: sun.misc.Unsafe::arrayBaseOffset will be removed in a future release

@Login @HotelBookingAPI @api @positive @regression @authReg1
Scenario Outline: User authentication with valid credentials                    # src/test/resources/features/01_login.feature:21
Request method:	POST
Request URI:	https://automationintesting.online/api/auth/login
Proxy:			<none>
Request params:	<none>
Query params:	<none>
Form params:	<none>
Path params:	<none>
Headers:		Accept=application/json, application/javascript, text/javascript, text/json
				Content-Type=application/json; charset=UTF-8
Cookies:		<none>
Multiparts:		<none>
Body:
{
    "password": "password",
    "username": "admin"
}
HTTP/1.1 200 OK
Date: Mon, 30 Mar 2026 07:18:45 GMT
Content-Type: application/json
Transfer-Encoding: chunked
Connection: keep-alive
Server: cloudflare
vary: rsc, next-router-state-tree, next-router-prefetch, next-router-segment-prefetch
x-railway-edge: railway/asia-southeast1-eqsg3a
x-railway-request-id: ut_4SJ7zRc-XIqe-mrpb1w
x-railway-cdn-edge: fastly/cache-sin-wsat1880033-SIN
x-cache: MISS
x-cache-hits: 0
x-served-by: cache-sin-wsat1880033-SIN
cf-cache-status: DYNAMIC
Nel: {"report_to":"cf-nel","success_fraction":0.0,"max_age":604800}
Report-To: {"group":"cf-nel","max_age":604800,"endpoints":[{"url":"https://a.nel.cloudflare.com/report/v4?s=hJXycSMMTTHiWikFgvFzORA33GE0XQikQixroMdp8k6kVXJZOTR8qBkm3Y3WBNk6ENECrGu9y%2BCzNGE%2B%2FMmTZ8yQWXQQcWkIU5QPWF8Kzh3btOjU2zh8cAMdbaJBZFZpI5GYQUZ9IqwxgmEmjw%3D%3D"}]}
Content-Encoding: gzip
CF-RAY: 9e4557937ce0c826-SIN
alt-svc: h3=":443"; ma=86400

{
    "token": "3reVifUGXYKcwWii"
}
  When User authenticates as user with username "admin" and password "password" # com.booking.stepDefinitions.LoginAPIStepDefinition.user_authenticates_as_user(java.lang.String,java.lang.String)
  Then API response status code should be 200                                   # com.booking.stepDefinitions.LoginAPIStepDefinition.API_response_status_code_should_be(int)
Authentication Token: 3reVifUGXYKcwWii
Authentication Token: 3reVifUGXYKcwWii
Authentication Token: 3reVifUGXYKcwWii
Response Status Code: 200
  And Response should contain a valid authentication token                      # com.booking.stepDefinitions.LoginAPIStepDefinition.Response_should_contain_a_valid_authentication_token()
  And Token should not be empty                                                 # com.booking.stepDefinitions.LoginAPIStepDefinition.Token_should_not_be_empty()

@Login @HotelBookingAPI @api @negative @regression @authReg2
Scenario Outline: User authentication with invalid credentials                       # src/test/resources/features/01_login.feature:34
Request method:	POST
Request URI:	https://automationintesting.online/api/auth/login
Proxy:			<none>
Request params:	<none>
Query params:	<none>
Form params:	<none>
Path params:	<none>
Headers:		Accept=application/json, application/javascript, text/javascript, text/json
				Content-Type=application/json; charset=UTF-8
Cookies:		<none>
Multiparts:		<none>
Body:
{
    "password": "wrongpassword",
    "username": "admin"
}
HTTP/1.1 401 Unauthorized
Date: Mon, 30 Mar 2026 07:18:48 GMT
Content-Type: application/json
Transfer-Encoding: chunked
Connection: keep-alive
Server: cloudflare
vary: rsc, next-router-state-tree, next-router-prefetch, next-router-segment-prefetch
x-railway-edge: railway/asia-southeast1-eqsg3a
x-railway-request-id: CeSij4n9QHiPc4aFmrpb1w
x-railway-cdn-edge: fastly/cache-sin-wsat1880033-SIN
x-cache: MISS
x-cache-hits: 0
x-served-by: cache-sin-wsat1880033-SIN
cf-cache-status: DYNAMIC
Nel: {"report_to":"cf-nel","success_fraction":0.0,"max_age":604800}
Report-To: {"group":"cf-nel","max_age":604800,"endpoints":[{"url":"https://a.nel.cloudflare.com/report/v4?s=FhaUOJ%2FWHoeWrazLLmNKCRvqLBiYvqot8Z4J0YEVGxE%2FnhYG7%2FX9gjUhGHO2%2FVTIaJvVR1eGCfoPS4ASH53YgV%2BoF9wFR0e9XH0vH0WYmQbc6QVf6ZcFTXBMG6xl%2BXZjfaIVqlD%2BK%2F4XWjVNHQ%3D%3D"}]}
CF-RAY: 9e4557a8dd849d08-SIN
alt-svc: h3=":443"; ma=86400

{
    "error": "Invalid credentials"
}
  When User authenticates as user with username "admin" and password "wrongpassword" # com.booking.stepDefinitions.LoginAPIStepDefinition.user_authenticates_as_user(java.lang.String,java.lang.String)
  Then API response status code should be 401                                        # com.booking.stepDefinitions.LoginAPIStepDefinition.API_response_status_code_should_be(int)
  And Response should indicate "Invalid credentials"                                 # com.booking.stepDefinitions.LoginAPIStepDefinition.Response_should_indicate(java.lang.String)
  And Response should not contain authentication token                               # com.booking.stepDefinitions.LoginAPIStepDefinition.Response_should_not_contain_authentication_token()

@Login @HotelBookingAPI @api @negative @regression @authReg2
Scenario Outline: User authentication with invalid credentials                        # src/test/resources/features/01_login.feature:35
Request method:	POST
Request URI:	https://automationintesting.online/api/auth/login
Proxy:			<none>
Request params:	<none>
Query params:	<none>
Form params:	<none>
Path params:	<none>
Headers:		Accept=application/json, application/javascript, text/javascript, text/json
				Content-Type=application/json; charset=UTF-8
Cookies:		<none>
Multiparts:		<none>
Body:
{
    "password": "password",
    "username": "invaliduser"
}
HTTP/1.1 401 Unauthorized
Date: Mon, 30 Mar 2026 07:18:49 GMT
Content-Type: application/json
Transfer-Encoding: chunked
Connection: keep-alive
Server: cloudflare
vary: rsc, next-router-state-tree, next-router-prefetch, next-router-segment-prefetch
x-railway-edge: railway/asia-southeast1-eqsg3a
x-railway-request-id: Zs2gl6abSDKj5AEVipRofQ
x-railway-cdn-edge: fastly/cache-sin-wsap440043-SIN
x-cache: MISS
x-cache-hits: 0
x-served-by: cache-sin-wsap440043-SIN
cf-cache-status: DYNAMIC
Nel: {"report_to":"cf-nel","success_fraction":0.0,"max_age":604800}
Report-To: {"group":"cf-nel","max_age":604800,"endpoints":[{"url":"https://a.nel.cloudflare.com/report/v4?s=%2FUq3eep3nT%2BsuWvzwAFljS%2Bd8U%2F4fi51ybj6XfXNU4fQuTNtzmg%2B%2FVNxkAifdHl6He3vZEGun%2Foqjwo8chY679rqHqWuqpPxt5B3z3%2FE0nLXUyf7TCBbsaFg2cUE%2B%2FvBiig%2FiL8YnLFiRVGFBg%3D%3D"}]}
CF-RAY: 9e4557ad58cf22a1-SIN
alt-svc: h3=":443"; ma=86400

{
    "error": "Invalid credentials"
}
  When User authenticates as user with username "invaliduser" and password "password" # com.booking.stepDefinitions.LoginAPIStepDefinition.user_authenticates_as_user(java.lang.String,java.lang.String)
  Then API response status code should be 401                                         # com.booking.stepDefinitions.LoginAPIStepDefinition.API_response_status_code_should_be(int)
  And Response should indicate "Invalid credentials"                                  # com.booking.stepDefinitions.LoginAPIStepDefinition.Response_should_indicate(java.lang.String)
  And Response should not contain authentication token                                # com.booking.stepDefinitions.LoginAPIStepDefinition.Response_should_not_contain_authentication_token()

@Login @HotelBookingAPI @api @negative @regression @authReg2
Scenario Outline: User authentication with invalid credentials             # src/test/resources/features/01_login.feature:36
Request method:	POST
Request URI:	https://automationintesting.online/api/auth/login
Proxy:			<none>
Request params:	<none>
Query params:	<none>
Form params:	<none>
Path params:	<none>
Headers:		Accept=application/json, application/javascript, text/javascript, text/json
				Content-Type=application/json; charset=UTF-8
Cookies:		<none>
Multiparts:		<none>
Body:
{
    "password": "password",
    "username": ""
}
HTTP/1.1 401 Unauthorized
Date: Mon, 30 Mar 2026 07:18:50 GMT
Content-Type: application/json
Transfer-Encoding: chunked
Connection: keep-alive
Server: cloudflare
vary: rsc, next-router-state-tree, next-router-prefetch, next-router-segment-prefetch
x-railway-edge: railway/asia-southeast1-eqsg3a
x-railway-request-id: 43ILZbpRTS-TeEENJH0Vcg
x-railway-cdn-edge: fastly/cache-sin-wsap440078-SIN
x-cache: MISS
x-cache-hits: 0
x-served-by: cache-sin-wsap440078-SIN
cf-cache-status: DYNAMIC
Nel: {"report_to":"cf-nel","success_fraction":0.0,"max_age":604800}
Report-To: {"group":"cf-nel","max_age":604800,"endpoints":[{"url":"https://a.nel.cloudflare.com/report/v4?s=l%2Bu1JZrC8oH2ogiyxcMHsg9hu0Z1HWgVmbLEB24rJaUwfEQ1GQhd4xADg5LYbB260WCbX1JqGDPkpN6czXYoOa9tcnI3CiRYe1chaemB9ZlCTFpA7SogvJhZBKd4vjom1K99kxL6jy8RArYbBw%3D%3D"}]}
CF-RAY: 9e4557b15817fd27-SIN
alt-svc: h3=":443"; ma=86400

{
    "error": "Invalid credentials"
}
  When User authenticates as user with username "" and password "password" # com.booking.stepDefinitions.LoginAPIStepDefinition.user_authenticates_as_user(java.lang.String,java.lang.String)
  Then API response status code should be 401                              # com.booking.stepDefinitions.LoginAPIStepDefinition.API_response_status_code_should_be(int)
  And Response should indicate "Invalid credentials"                       # com.booking.stepDefinitions.LoginAPIStepDefinition.Response_should_indicate(java.lang.String)
  And Response should not contain authentication token                     # com.booking.stepDefinitions.LoginAPIStepDefinition.Response_should_not_contain_authentication_token()

@Login @HotelBookingAPI @api @negative @regression @authReg2
Scenario Outline: User authentication with invalid credentials          # src/test/resources/features/01_login.feature:37
Request method:	POST
Request URI:	https://automationintesting.online/api/auth/login
Proxy:			<none>
Request params:	<none>
Query params:	<none>
Form params:	<none>
Path params:	<none>
Headers:		Accept=application/json, application/javascript, text/javascript, text/json
				Content-Type=application/json; charset=UTF-8
Cookies:		<none>
Multiparts:		<none>
Body:
{
    "password": "",
    "username": "admin"
}
HTTP/1.1 401 Unauthorized
Date: Mon, 30 Mar 2026 07:18:51 GMT
Content-Type: application/json
Transfer-Encoding: chunked
Connection: keep-alive
Server: cloudflare
vary: rsc, next-router-state-tree, next-router-prefetch, next-router-segment-prefetch
x-railway-edge: railway/asia-southeast1-eqsg3a
x-railway-request-id: nK05p5SFTdGevQd--8Y8hA
x-railway-cdn-edge: fastly/cache-sin-wsat1880034-SIN
x-cache: MISS
x-cache-hits: 0
x-served-by: cache-sin-wsat1880034-SIN
cf-cache-status: DYNAMIC
Nel: {"report_to":"cf-nel","success_fraction":0.0,"max_age":604800}
Report-To: {"group":"cf-nel","max_age":604800,"endpoints":[{"url":"https://a.nel.cloudflare.com/report/v4?s=QzUKH7IzPGvEpdNyobCvUFPX28CfTJ3YdbS%2BOGt%2FokIE3kgopNlKuwn0tnTfMbP1OaRKdQ32fPFh9kfbsXiEy4yko6PR1i%2FNu32hHBWWnZanJWUNRx0hw6B0sVnk5PVGQy80Za1WeX5t9y0dJA%3D%3D"}]}
CF-RAY: 9e4557b7085ff8f2-SIN
alt-svc: h3=":443"; ma=86400

{
    "error": "Invalid credentials"
}
  When User authenticates as user with username "admin" and password "" # com.booking.stepDefinitions.LoginAPIStepDefinition.user_authenticates_as_user(java.lang.String,java.lang.String)
  Then API response status code should be 401                           # com.booking.stepDefinitions.LoginAPIStepDefinition.API_response_status_code_should_be(int)
  And Response should indicate "Invalid credentials"                    # com.booking.stepDefinitions.LoginAPIStepDefinition.Response_should_indicate(java.lang.String)
  And Response should not contain authentication token                  # com.booking.stepDefinitions.LoginAPIStepDefinition.Response_should_not_contain_authentication_token()

@Login @HotelBookingAPI @api @negative @regression @authReg2
Scenario Outline: User authentication with invalid credentials     # src/test/resources/features/01_login.feature:38
Request method:	POST
Request URI:	https://automationintesting.online/api/auth/login
Proxy:			<none>
Request params:	<none>
Query params:	<none>
Form params:	<none>
Path params:	<none>
Headers:		Accept=application/json, application/javascript, text/javascript, text/json
				Content-Type=application/json; charset=UTF-8
Cookies:		<none>
Multiparts:		<none>
Body:
{
    "password": "",
    "username": ""
}
HTTP/1.1 401 Unauthorized
Date: Mon, 30 Mar 2026 07:18:51 GMT
Content-Type: application/json
Transfer-Encoding: chunked
Connection: keep-alive
Server: cloudflare
vary: rsc, next-router-state-tree, next-router-prefetch, next-router-segment-prefetch
x-railway-edge: railway/asia-southeast1-eqsg3a
x-railway-request-id: LkmKXcXgRDeqjClQmrpb1w
x-railway-cdn-edge: fastly/cache-sin-wsat1880033-SIN
x-cache: MISS
x-cache-hits: 0
x-served-by: cache-sin-wsat1880033-SIN
cf-cache-status: DYNAMIC
Nel: {"report_to":"cf-nel","success_fraction":0.0,"max_age":604800}
Report-To: {"group":"cf-nel","max_age":604800,"endpoints":[{"url":"https://a.nel.cloudflare.com/report/v4?s=%2BDkBV3RUM5xPWEDenItUuPom1vXy9hidCheenYj7i1qiP%2BEmm7oWrVWCnt2ZkPvuWY40G%2FYhZKnsnrmArMI%2BwRsA3wzAiEp%2F%2Bgd7oYgkGj9oaSMN4vp1f%2Fe3uAYma%2BnHPgf1mYgXlQ%2F4jTaHsg%3D%3D"}]}
CF-RAY: 9e4557babfeeef69-SIN
alt-svc: h3=":443"; ma=86400

{
    "error": "Invalid credentials"
}
  When User authenticates as user with username "" and password "" # com.booking.stepDefinitions.LoginAPIStepDefinition.user_authenticates_as_user(java.lang.String,java.lang.String)
  Then API response status code should be 401                      # com.booking.stepDefinitions.LoginAPIStepDefinition.API_response_status_code_should_be(int)
  And Response should indicate "Invalid credentials"               # com.booking.stepDefinitions.LoginAPIStepDefinition.Response_should_indicate(java.lang.String)
  And Response should not contain authentication token             # com.booking.stepDefinitions.LoginAPIStepDefinition.Response_should_not_contain_authentication_token()

@Login @HotelBookingAPI @api @negative @regression @authReg2
Scenario Outline: User authentication with invalid credentials                             # src/test/resources/features/01_login.feature:39
Request method:	POST
Request URI:	https://automationintesting.online/api/auth/login
Proxy:			<none>
Request params:	<none>
Query params:	<none>
Form params:	<none>
Path params:	<none>
Headers:		Accept=application/json, application/javascript, text/javascript, text/json
				Content-Type=application/json; charset=UTF-8
Cookies:		<none>
Multiparts:		<none>
Body:
{
    "password": "password",
    "username": "admin' OR '1'='1"
}
HTTP/1.1 401 Unauthorized
Date: Mon, 30 Mar 2026 07:18:52 GMT
Content-Type: application/json
Transfer-Encoding: chunked
Connection: keep-alive
Server: cloudflare
vary: rsc, next-router-state-tree, next-router-prefetch, next-router-segment-prefetch
x-railway-edge: railway/asia-southeast1-eqsg3a
x-railway-request-id: J_8lvkSPRAyDkEjxacI7Nw
x-railway-cdn-edge: fastly/cache-sin-wsat1880097-SIN
x-cache: MISS
x-cache-hits: 0
x-served-by: cache-sin-wsat1880097-SIN
cf-cache-status: DYNAMIC
Nel: {"report_to":"cf-nel","success_fraction":0.0,"max_age":604800}
Report-To: {"group":"cf-nel","max_age":604800,"endpoints":[{"url":"https://a.nel.cloudflare.com/report/v4?s=yEN5VM6M7wwIg80mQXd29F%2FGldbXzggOVQFb5FC7sSnCuNTKmOrmXI%2BPEKYCBtj4LMtTwF6gSb6ZXzvYHWfQ96YMUto%2BkWpw6OFPrOGcTOgCcNdrSP%2FDe8BOF1QfW00ferKWlf0LIiV59v02eg%3D%3D"}]}
CF-RAY: 9e4557beae7efd6c-SIN
alt-svc: h3=":443"; ma=86400

{
    "error": "Invalid credentials"
}
  When User authenticates as user with username "admin' OR '1'='1" and password "password" # com.booking.stepDefinitions.LoginAPIStepDefinition.user_authenticates_as_user(java.lang.String,java.lang.String)
  Then API response status code should be 401                                              # com.booking.stepDefinitions.LoginAPIStepDefinition.API_response_status_code_should_be(int)
  And Response should indicate "Invalid credentials"                                       # com.booking.stepDefinitions.LoginAPIStepDefinition.Response_should_indicate(java.lang.String)
  And Response should not contain authentication token                                     # com.booking.stepDefinitions.LoginAPIStepDefinition.Response_should_not_contain_authentication_token()

@Login @HotelBookingAPI @api @negative @regression @authReg2
Scenario Outline: User authentication with invalid credentials                     # src/test/resources/features/01_login.feature:40
Request method:	POST
Request URI:	https://automationintesting.online/api/auth/login
Proxy:			<none>
Request params:	<none>
Query params:	<none>
Form params:	<none>
Path params:	<none>
Headers:		Accept=application/json, application/javascript, text/javascript, text/json
				Content-Type=application/json; charset=UTF-8
Cookies:		<none>
Multiparts:		<none>
Body:
{
    "password": "' OR '1'='1",
    "username": "admin"
}
HTTP/1.1 401 Unauthorized
Date: Mon, 30 Mar 2026 07:18:52 GMT
Content-Type: application/json
Transfer-Encoding: chunked
Connection: keep-alive
Server: cloudflare
vary: rsc, next-router-state-tree, next-router-prefetch, next-router-segment-prefetch
x-railway-edge: railway/asia-southeast1-eqsg3a
x-railway-request-id: o31FEEWGTqG7b7m5VOLIQQ
x-railway-cdn-edge: fastly/cache-sin-wsat1880097-SIN
x-cache: MISS
x-cache-hits: 0
x-served-by: cache-sin-wsat1880097-SIN
cf-cache-status: DYNAMIC
Nel: {"report_to":"cf-nel","success_fraction":0.0,"max_age":604800}
Report-To: {"group":"cf-nel","max_age":604800,"endpoints":[{"url":"https://a.nel.cloudflare.com/report/v4?s=%2BUa4b%2F949emH%2BjIv87%2FvzHjaM48M4xakBGGmQ%2BA3F0sv1YgaonfaH%2BcgP4rvgqh2zzoAt9JUiLDPUaUlwFt98z%2B8t8uwhMpl8rOkMI1gU4QgN8quXUJnDv9mOCol7LCyscwDc71B0NTygUbtpw%3D%3D"}]}
CF-RAY: 9e4557c22a46fd77-SIN
alt-svc: h3=":443"; ma=86400

{
    "error": "Invalid credentials"
}
  When User authenticates as user with username "admin" and password "' OR '1'='1" # com.booking.stepDefinitions.LoginAPIStepDefinition.user_authenticates_as_user(java.lang.String,java.lang.String)
  Then API response status code should be 401                                      # com.booking.stepDefinitions.LoginAPIStepDefinition.API_response_status_code_should_be(int)
  And Response should indicate "Invalid credentials"                               # com.booking.stepDefinitions.LoginAPIStepDefinition.Response_should_indicate(java.lang.String)
  And Response should not contain authentication token                             # com.booking.stepDefinitions.LoginAPIStepDefinition.Response_should_not_contain_authentication_token()

@Login @HotelBookingAPI @api @negative @regression @authReg2
Scenario Outline: User authentication with invalid credentials                  # src/test/resources/features/01_login.feature:41
Request method:	POST
Request URI:	https://automationintesting.online/api/auth/login
Proxy:			<none>
Request params:	<none>
Query params:	<none>
Form params:	<none>
Path params:	<none>
Headers:		Accept=application/json, application/javascript, text/javascript, text/json
				Content-Type=application/json; charset=UTF-8
Cookies:		<none>
Multiparts:		<none>
Body:
{
    "password": "PASSWORD",
    "username": "admin"
}
HTTP/1.1 401 Unauthorized
Date: Mon, 30 Mar 2026 07:18:53 GMT
Content-Type: application/json
Transfer-Encoding: chunked
Connection: keep-alive
Server: cloudflare
vary: rsc, next-router-state-tree, next-router-prefetch, next-router-segment-prefetch
x-railway-edge: railway/asia-southeast1-eqsg3a
x-railway-request-id: lqRHsgFbSxuSSIZXV7rehQ
x-railway-cdn-edge: fastly/cache-sin-wsat1880088-SIN
x-cache: MISS
x-cache-hits: 0
x-served-by: cache-sin-wsat1880088-SIN
cf-cache-status: DYNAMIC
Nel: {"report_to":"cf-nel","success_fraction":0.0,"max_age":604800}
Report-To: {"group":"cf-nel","max_age":604800,"endpoints":[{"url":"https://a.nel.cloudflare.com/report/v4?s=SK8CxyVZDSC50NJPLVI7u7nsaJfCdDiD7%2FxKeJrTEce2wxvy1UBveLDqbZyZZWeomBzeRY5zwNN31RTu0DcGTrr%2FzIqNHiRj1LhAzpJ4BFdA1vnw8AYnN8D4kir9YHCfrHgaE8vjr5TPyhkcEg%3D%3D"}]}
CF-RAY: 9e4557c5fa2dce7e-SIN
alt-svc: h3=":443"; ma=86400

{
    "error": "Invalid credentials"
}
  When User authenticates as user with username "admin" and password "PASSWORD" # com.booking.stepDefinitions.LoginAPIStepDefinition.user_authenticates_as_user(java.lang.String,java.lang.String)
  Then API response status code should be 401                                   # com.booking.stepDefinitions.LoginAPIStepDefinition.API_response_status_code_should_be(int)
  And Response should indicate "Invalid credentials"                            # com.booking.stepDefinitions.LoginAPIStepDefinition.Response_should_indicate(java.lang.String)
  And Response should not contain authentication token                          # com.booking.stepDefinitions.LoginAPIStepDefinition.Response_should_not_contain_authentication_token()

@Login @HotelBookingAPI @api @negative @authReg3
Scenario Outline: Access protected resources without valid authentication # src/test/resources/features/01_login.feature:51
Request method:	GET
Request URI:	https://automationintesting.online/api/report
Proxy:			<none>
Request params:	<none>
Query params:	<none>
Form params:	<none>
Path params:	<none>
Headers:		Accept=application/json, application/javascript, text/javascript, text/json
				Content-Type=application/json; charset=UTF-8
Cookies:		<none>
Multiparts:		<none>
Body:			<none>
HTTP/1.1 401 Unauthorized
Date: Mon, 30 Mar 2026 07:18:54 GMT
Content-Type: application/json
Transfer-Encoding: chunked
Connection: keep-alive
Server: cloudflare
vary: rsc, next-router-state-tree, next-router-prefetch, next-router-segment-prefetch
x-railway-edge: railway/asia-southeast1-eqsg3a
x-railway-request-id: SxhI0UreRny89GV7DcO5xA
x-railway-cdn-edge: fastly/cache-sin-wsat1880033-SIN
x-cache: MISS
x-cache-hits: 0
x-served-by: cache-sin-wsat1880033-SIN
cf-cache-status: DYNAMIC
Nel: {"report_to":"cf-nel","success_fraction":0.0,"max_age":604800}
Report-To: {"group":"cf-nel","max_age":604800,"endpoints":[{"url":"https://a.nel.cloudflare.com/report/v4?s=tL77zSTwZG7K1VsJeP7f4bM5dbHGSrljP8x60T8eQTh%2FKBT%2BfuJ1sznQCW6uYmUA3JPV1HAh20nKi1%2BXzcYE%2BctBN5Go1TfY9eDLngmvKuj0m%2BniWe%2BlauUJei9VI94deixkIgOil9MiTYcLIg%3D%3D"}]}
CF-RAY: 9e4557ca4a6f5ff1-SIN
alt-svc: h3=":443"; ma=86400

{
    "error": "Authentication required"
}
{"error":"Authentication required"}
  When User "requests booking report without authentication token"        # com.booking.stepDefinitions.LoginAPIStepDefinition.User(java.lang.String)
  Then API response status code should be 401                             # com.booking.stepDefinitions.LoginAPIStepDefinition.API_response_status_code_should_be(int)
  And Response should indicate "Authentication required"                  # com.booking.stepDefinitions.LoginAPIStepDefinition.Response_should_indicate(java.lang.String)

@Login @HotelBookingAPI @api @negative @authReg4
Scenario Outline: Verify token expiration time is set correctly                 # src/test/resources/features/01_login.feature:61
Request method:	POST
Request URI:	https://automationintesting.online/api/auth/login
Proxy:			<none>
Request params:	<none>
Query params:	<none>
Form params:	<none>
Path params:	<none>
Headers:		Accept=application/json, application/javascript, text/javascript, text/json
				Content-Type=application/json; charset=UTF-8
Cookies:		<none>
Multiparts:		<none>
Body:
{
    "password": "password",
    "username": "admin"
}
HTTP/1.1 200 OK
Date: Mon, 30 Mar 2026 07:18:54 GMT
Content-Type: application/json
Transfer-Encoding: chunked
Connection: keep-alive
Server: cloudflare
vary: rsc, next-router-state-tree, next-router-prefetch, next-router-segment-prefetch
x-railway-edge: railway/asia-southeast1-eqsg3a
x-railway-request-id: waQYm9eATxaLIlWzV7rehQ
x-railway-cdn-edge: fastly/cache-sin-wsat1880034-SIN
x-cache: MISS
x-cache-hits: 0
x-served-by: cache-sin-wsat1880034-SIN
cf-cache-status: DYNAMIC
Nel: {"report_to":"cf-nel","success_fraction":0.0,"max_age":604800}
Report-To: {"group":"cf-nel","max_age":604800,"endpoints":[{"url":"https://a.nel.cloudflare.com/report/v4?s=ROuUZs6U28z64z9%2FxCsHeQv%2FPqm9kICNHDdcCtN8dCk%2BsZioAIkTMzn6ZrMs7pmCCJ8Hyk0Vva0FqWC7HfKxpDksdBYurnk9zfgmyj1MTfjwg9BTvas7wXzIgPeQFePnRtso77thAxKAyGndUA%3D%3D"}]}
Content-Encoding: gzip
CF-RAY: 9e4557cfbef6f88a-SIN
alt-svc: h3=":443"; ma=86400

{
    "token": "3uP7Zyg5GvbN7M30"
}
  When User authenticates as user with username "admin" and password "password" # com.booking.stepDefinitions.LoginAPIStepDefinition.user_authenticates_as_user(java.lang.String,java.lang.String)
  Then API response should contain token expiration time                        # com.booking.stepDefinitions.LoginAPIStepDefinition.API_response_should_contain_token_expiration_time()
  And Token expiration should be in the future                                  # com.booking.stepDefinitions.LoginAPIStepDefinition.Token_expiration_should_be_in_the_future()

@checkRoomAvailability @HotelBookingAPI @Background
Scenario Outline: User authentication with valid credentials                    # src/test/resources/features/02_checkRoomAvailability.feature:21
Request method:	POST
Request URI:	https://automationintesting.online/api/auth/login
Proxy:			<none>
Request params:	<none>
Query params:	<none>
Form params:	<none>
Path params:	<none>
Headers:		Accept=application/json, application/javascript, text/javascript, text/json
				Content-Type=application/json; charset=UTF-8
Cookies:		<none>
Multiparts:		<none>
Body:
{
    "password": "password",
    "username": "admin"
}
HTTP/1.1 200 OK
Date: Mon, 30 Mar 2026 07:18:55 GMT
Content-Type: application/json
Transfer-Encoding: chunked
Connection: keep-alive
Server: cloudflare
vary: rsc, next-router-state-tree, next-router-prefetch, next-router-segment-prefetch
x-railway-edge: railway/asia-southeast1-eqsg3a
x-railway-request-id: AUAKBgn0SlCV7IZGipRofQ
x-railway-cdn-edge: fastly/cache-sin-wsat1880088-SIN
x-cache: MISS
x-cache-hits: 0
x-served-by: cache-sin-wsat1880088-SIN
cf-cache-status: DYNAMIC
Nel: {"report_to":"cf-nel","success_fraction":0.0,"max_age":604800}
Report-To: {"group":"cf-nel","max_age":604800,"endpoints":[{"url":"https://a.nel.cloudflare.com/report/v4?s=YXwDD6fKCozYYOuT7QqzGTTQAC5vzwGYiytdkQFe0C0zxBfs6SzLNqz2iVHR2SrwVcAxv%2BNUSm2cfXtxIVO76lMx%2F3bodN40fLCyz77I1gmjA4DcrPob6vI0cdQlqzXrjWt8ruTBzCKvzg1rVg%3D%3D"}]}
Content-Encoding: gzip
CF-RAY: 9e4557d33b0bcdf9-SIN
alt-svc: h3=":443"; ma=86400

{
    "token": "lR01wRRJ16F1DREo"
}
  When User authenticates as user with username "admin" and password "password" # com.booking.stepDefinitions.LoginAPIStepDefinition.user_authenticates_as_user(java.lang.String,java.lang.String)
  Then API response status code should be 200                                   # com.booking.stepDefinitions.LoginAPIStepDefinition.API_response_status_code_should_be(int)
Authentication Token: lR01wRRJ16F1DREo
Authentication Token: lR01wRRJ16F1DREo
Authentication Token: lR01wRRJ16F1DREo
Response Status Code: 200
  And Response should contain a valid authentication token                      # com.booking.stepDefinitions.LoginAPIStepDefinition.Response_should_contain_a_valid_authentication_token()

@checkRoomAvailability @HotelBookingAPI @api @regression @positive @RM_4
Scenario Outline: Check room availability for specific dates                                        # src/test/resources/features/02_checkRoomAvailability.feature:34
Request method:	GET
Request URI:	https://automationintesting.online/api/room?checkin=2026-07-17&checkout=2026-07-18
Proxy:			<none>
Request params:	<none>
Query params:	checkin=2026-07-17
				checkout=2026-07-18
Form params:	<none>
Path params:	<none>
Headers:		Accept=application/json, application/javascript, text/javascript, text/json
				Content-Type=application/json; charset=UTF-8
Cookies:		<none>
Multiparts:		<none>
Body:			<none>
HTTP/1.1 200 OK
Date: Mon, 30 Mar 2026 07:18:56 GMT
Content-Type: application/json
Transfer-Encoding: chunked
Connection: keep-alive
Server: cloudflare
vary: rsc, next-router-state-tree, next-router-prefetch, next-router-segment-prefetch
x-railway-edge: railway/asia-southeast1-eqsg3a
x-railway-request-id: zg4eEL8IS16p8FnP0ubPiw
x-railway-cdn-edge: fastly/cache-hkg17934-HKG
x-cache: MISS
x-cache-hits: 0
x-served-by: cache-hkg17934-HKG
Nel: {"report_to":"cf-nel","success_fraction":0.0,"max_age":604800}
Report-To: {"group":"cf-nel","max_age":604800,"endpoints":[{"url":"https://a.nel.cloudflare.com/report/v4?s=Iz3%2BpCjVSYObn4oz4f5IxmZjBwPcs4bO5ukOPFGHPX3aZQVcMvCgC%2FhmZduiXFY7qFutPwthViCmwu60Pse6E9J0X1hLVFJApjyvsx1jHTmPCumsHwq5CRUZOsHDKRy8jmVlL3EoKFsxxdzSSw%3D%3D"}]}
cf-cache-status: DYNAMIC
Content-Encoding: gzip
CF-RAY: 9e4557d6d819d837-SIN
alt-svc: h3=":443"; ma=86400

{
    "rooms": [
        {
            "roomid": 1,
            "roomName": "101",
            "type": "Single",
            "accessible": true,
            "image": "/images/room1.jpg",
            "description": "Aenean porttitor mauris sit amet lacinia molestie. In posuere accumsan aliquet. Maecenas sit amet nisl massa. Interdum et malesuada fames ac ante.",
            "features": [
                "TV",
                "WiFi",
                "Safe"
            ],
            "roomPrice": 100
        },
        {
            "roomid": 2,
            "roomName": "102",
            "type": "Double",
            "accessible": true,
            "image": "/images/room2.jpg",
            "description": "Vestibulum sollicitudin, lectus ac mollis consequat, lorem orci ultrices tellus, eleifend euismod tortor dui egestas erat. Phasellus et ipsum nisl. ",
            "features": [
                "TV",
                "Radio",
                "Safe"
            ],
            "roomPrice": 150
        },
        {
            "roomid": 3,
            "roomName": "103",
            "type": "Suite",
            "accessible": true,
            "image": "/images/room3.jpg",
            "description": "Etiam metus metus, fringilla ac sagittis id, consequat vel neque. Nunc commodo quis nisl nec posuere. Etiam at accumsan ex. ",
            "features": [
                "Radio",
                "WiFi",
                "Safe"
            ],
            "roomPrice": 225
        }
    ]
}
  When User requests to check room availability with checkin "2026-07-17" and checkout "2026-07-18" # com.booking.stepDefinitions.RoomManagementAPI.User_requests_to_check_room_availability_with_checkin_and_checkout(java.lang.String,java.lang.String)
  Then API response status code of RM should be 200                                                 # com.booking.stepDefinitions.RoomManagementAPI.API_response_status_code_should_be(int)
  And Response should contain available rooms                                                       # com.booking.stepDefinitions.RoomManagementAPI.Response_should_contain_available_rooms()
  And Available rooms list should not be empty                                                      # com.booking.stepDefinitions.RoomManagementAPI.Available_rooms_list_should_not_be_empty()

@checkRoomAvailability @HotelBookingAPI @api @regression @positive @RM_4
Scenario Outline: Check room availability for specific dates                                        # src/test/resources/features/02_checkRoomAvailability.feature:35
Request method:	GET
Request URI:	https://automationintesting.online/api/room?checkin=2026-07-20&checkout=2026-07-21
Proxy:			<none>
Request params:	<none>
Query params:	checkin=2026-07-20
				checkout=2026-07-21
Form params:	<none>
Path params:	<none>
Headers:		Accept=application/json, application/javascript, text/javascript, text/json
				Content-Type=application/json; charset=UTF-8
Cookies:		<none>
Multiparts:		<none>
Body:			<none>
HTTP/1.1 200 OK
Date: Mon, 30 Mar 2026 07:18:57 GMT
Content-Type: application/json
Transfer-Encoding: chunked
Connection: keep-alive
Server: cloudflare
vary: rsc, next-router-state-tree, next-router-prefetch, next-router-segment-prefetch
x-railway-edge: railway/asia-southeast1-eqsg3a
x-railway-request-id: NbHGbqowR7mXOIYHDcO5xA
x-railway-cdn-edge: fastly/cache-sin-wsat1880033-SIN
x-cache: MISS
x-cache-hits: 0
x-served-by: cache-sin-wsat1880033-SIN
cf-cache-status: DYNAMIC
Nel: {"report_to":"cf-nel","success_fraction":0.0,"max_age":604800}
Report-To: {"group":"cf-nel","max_age":604800,"endpoints":[{"url":"https://a.nel.cloudflare.com/report/v4?s=gQ3xXlZbBFycOW%2BPc9QYd18L98hI0Xdu7gGYNHOzckDXhSYhlJsi5KzHilPq6jxpHJOJJ1sCFqluxIQLus%2BoxSjAL4tWgxZEK5ppPZ4Ka8ciJcD51ID3oaovlyNcP0qUYeuF%2BNsQyPycafavTA%3D%3D"}]}
Content-Encoding: gzip
CF-RAY: 9e4557db69d8a8f2-SIN
alt-svc: h3=":443"; ma=86400

{
    "rooms": [
        {
            "roomid": 1,
            "roomName": "101",
            "type": "Single",
            "accessible": true,
            "image": "/images/room1.jpg",
            "description": "Aenean porttitor mauris sit amet lacinia molestie. In posuere accumsan aliquet. Maecenas sit amet nisl massa. Interdum et malesuada fames ac ante.",
            "features": [
                "TV",
                "WiFi",
                "Safe"
            ],
            "roomPrice": 100
        },
        {
            "roomid": 2,
            "roomName": "102",
            "type": "Double",
            "accessible": true,
            "image": "/images/room2.jpg",
            "description": "Vestibulum sollicitudin, lectus ac mollis consequat, lorem orci ultrices tellus, eleifend euismod tortor dui egestas erat. Phasellus et ipsum nisl. ",
            "features": [
                "TV",
                "Radio",
                "Safe"
            ],
            "roomPrice": 150
        },
        {
            "roomid": 3,
            "roomName": "103",
            "type": "Suite",
            "accessible": true,
            "image": "/images/room3.jpg",
            "description": "Etiam metus metus, fringilla ac sagittis id, consequat vel neque. Nunc commodo quis nisl nec posuere. Etiam at accumsan ex. ",
            "features": [
                "Radio",
                "WiFi",
                "Safe"
            ],
            "roomPrice": 225
        }
    ]
}
  When User requests to check room availability with checkin "2026-07-20" and checkout "2026-07-21" # com.booking.stepDefinitions.RoomManagementAPI.User_requests_to_check_room_availability_with_checkin_and_checkout(java.lang.String,java.lang.String)
  Then API response status code of RM should be 200                                                 # com.booking.stepDefinitions.RoomManagementAPI.API_response_status_code_should_be(int)
  And Response should contain available rooms                                                       # com.booking.stepDefinitions.RoomManagementAPI.Response_should_contain_available_rooms()
  And Available rooms list should not be empty                                                      # com.booking.stepDefinitions.RoomManagementAPI.Available_rooms_list_should_not_be_empty()

@checkRoomAvailability @HotelBookingAPI @api @regression @positive @RM_4
Scenario Outline: Check room availability for specific dates                                        # src/test/resources/features/02_checkRoomAvailability.feature:36
Request method:	GET
Request URI:	https://automationintesting.online/api/room?checkin=2026-12-15&checkout=2026-12-20
Proxy:			<none>
Request params:	<none>
Query params:	checkin=2026-12-15
				checkout=2026-12-20
Form params:	<none>
Path params:	<none>
Headers:		Accept=application/json, application/javascript, text/javascript, text/json
				Content-Type=application/json; charset=UTF-8
Cookies:		<none>
Multiparts:		<none>
Body:			<none>
HTTP/1.1 200 OK
Date: Mon, 30 Mar 2026 07:18:57 GMT
Content-Type: application/json
Transfer-Encoding: chunked
Connection: keep-alive
Server: cloudflare
vary: rsc, next-router-state-tree, next-router-prefetch, next-router-segment-prefetch
x-railway-edge: railway/asia-southeast1-eqsg3a
x-railway-request-id: fnrexXANTE20leDn-8Y8hA
x-railway-cdn-edge: fastly/cache-sin-wsap440031-SIN
x-cache: MISS
x-cache-hits: 0
x-served-by: cache-sin-wsap440031-SIN
cf-cache-status: DYNAMIC
Nel: {"report_to":"cf-nel","success_fraction":0.0,"max_age":604800}
Report-To: {"group":"cf-nel","max_age":604800,"endpoints":[{"url":"https://a.nel.cloudflare.com/report/v4?s=XbMWMSwOXG8ktlEHAV0rzBnRa8aEkkymj6uc6Goe%2B3V2JxwE2U%2F3SYL33OFfvZJ6ruwj3oMTSk2X7VcIDkjtPTKPh2%2FdcjuU0AzmDGHXxSyu5EPHG%2BIcPLXOgGnVb7uEZBeRrU6%2FT9sfkxNEnA%3D%3D"}]}
Content-Encoding: gzip
CF-RAY: 9e4557e03e24d865-SIN
alt-svc: h3=":443"; ma=86400

{
    "rooms": [
        {
            "roomid": 1,
            "roomName": "101",
            "type": "Single",
            "accessible": true,
            "image": "/images/room1.jpg",
            "description": "Aenean porttitor mauris sit amet lacinia molestie. In posuere accumsan aliquet. Maecenas sit amet nisl massa. Interdum et malesuada fames ac ante.",
            "features": [
                "TV",
                "WiFi",
                "Safe"
            ],
            "roomPrice": 100
        },
        {
            "roomid": 2,
            "roomName": "102",
            "type": "Double",
            "accessible": true,
            "image": "/images/room2.jpg",
            "description": "Vestibulum sollicitudin, lectus ac mollis consequat, lorem orci ultrices tellus, eleifend euismod tortor dui egestas erat. Phasellus et ipsum nisl. ",
            "features": [
                "TV",
                "Radio",
                "Safe"
            ],
            "roomPrice": 150
        },
        {
            "roomid": 3,
            "roomName": "103",
            "type": "Suite",
            "accessible": true,
            "image": "/images/room3.jpg",
            "description": "Etiam metus metus, fringilla ac sagittis id, consequat vel neque. Nunc commodo quis nisl nec posuere. Etiam at accumsan ex. ",
            "features": [
                "Radio",
                "WiFi",
                "Safe"
            ],
            "roomPrice": 225
        }
    ]
}
  When User requests to check room availability with checkin "2026-12-15" and checkout "2026-12-20" # com.booking.stepDefinitions.RoomManagementAPI.User_requests_to_check_room_availability_with_checkin_and_checkout(java.lang.String,java.lang.String)
  Then API response status code of RM should be 200                                                 # com.booking.stepDefinitions.RoomManagementAPI.API_response_status_code_should_be(int)
  And Response should contain available rooms                                                       # com.booking.stepDefinitions.RoomManagementAPI.Response_should_contain_available_rooms()
  And Available rooms list should not be empty                                                      # com.booking.stepDefinitions.RoomManagementAPI.Available_rooms_list_should_not_be_empty()

@checkRoomAvailability @HotelBookingAPI @api @regression @positive @RM_4
Scenario Outline: Check room availability for specific dates                                        # src/test/resources/features/02_checkRoomAvailability.feature:37
Request method:	GET
Request URI:	https://automationintesting.online/api/room?checkin=2026-07-01&checkout=2026-08-05
Proxy:			<none>
Request params:	<none>
Query params:	checkin=2026-07-01
				checkout=2026-08-05
Form params:	<none>
Path params:	<none>
Headers:		Accept=application/json, application/javascript, text/javascript, text/json
				Content-Type=application/json; charset=UTF-8
Cookies:		<none>
Multiparts:		<none>
Body:			<none>
HTTP/1.1 200 OK
Date: Mon, 30 Mar 2026 07:18:58 GMT
Content-Type: application/json
Transfer-Encoding: chunked
Connection: keep-alive
Server: cloudflare
vary: rsc, next-router-state-tree, next-router-prefetch, next-router-segment-prefetch
x-railway-edge: railway/asia-southeast1-eqsg3a
x-railway-request-id: sUiXjMNTRciAQyS1-8Y8hA
x-railway-cdn-edge: fastly/cache-sin-wsap440031-SIN
x-cache: MISS
x-cache-hits: 0
x-served-by: cache-sin-wsap440031-SIN
cf-cache-status: DYNAMIC
Nel: {"report_to":"cf-nel","success_fraction":0.0,"max_age":604800}
Report-To: {"group":"cf-nel","max_age":604800,"endpoints":[{"url":"https://a.nel.cloudflare.com/report/v4?s=mmnKaGOXQbccwIUDw4ifUVl1ndeefVwqbvl%2FD77I2I4Fx%2BJvNdP%2FQmYWAe%2FJLGU4fEp3ruA6%2FoK4DRsFnW5188lg0E5226f2xczvn1ohjZr%2BlFeHIUkQb2fo3t%2BLGcqdHuO9KwogX4kZ4MB7JA%3D%3D"}]}
Content-Encoding: gzip
CF-RAY: 9e4557e3ca681e3b-SIN
alt-svc: h3=":443"; ma=86400

{
    "rooms": [
        {
            "roomid": 1,
            "roomName": "101",
            "type": "Single",
            "accessible": true,
            "image": "/images/room1.jpg",
            "description": "Aenean porttitor mauris sit amet lacinia molestie. In posuere accumsan aliquet. Maecenas sit amet nisl massa. Interdum et malesuada fames ac ante.",
            "features": [
                "TV",
                "WiFi",
                "Safe"
            ],
            "roomPrice": 100
        },
        {
            "roomid": 2,
            "roomName": "102",
            "type": "Double",
            "accessible": true,
            "image": "/images/room2.jpg",
            "description": "Vestibulum sollicitudin, lectus ac mollis consequat, lorem orci ultrices tellus, eleifend euismod tortor dui egestas erat. Phasellus et ipsum nisl. ",
            "features": [
                "TV",
                "Radio",
                "Safe"
            ],
            "roomPrice": 150
        },
        {
            "roomid": 3,
            "roomName": "103",
            "type": "Suite",
            "accessible": true,
            "image": "/images/room3.jpg",
            "description": "Etiam metus metus, fringilla ac sagittis id, consequat vel neque. Nunc commodo quis nisl nec posuere. Etiam at accumsan ex. ",
            "features": [
                "Radio",
                "WiFi",
                "Safe"
            ],
            "roomPrice": 225
        }
    ]
}
  When User requests to check room availability with checkin "2026-07-01" and checkout "2026-08-05" # com.booking.stepDefinitions.RoomManagementAPI.User_requests_to_check_room_availability_with_checkin_and_checkout(java.lang.String,java.lang.String)
  Then API response status code of RM should be 200                                                 # com.booking.stepDefinitions.RoomManagementAPI.API_response_status_code_should_be(int)
  And Response should contain available rooms                                                       # com.booking.stepDefinitions.RoomManagementAPI.Response_should_contain_available_rooms()
  And Available rooms list should not be empty                                                      # com.booking.stepDefinitions.RoomManagementAPI.Available_rooms_list_should_not_be_empty()

@checkRoomAvailability @HotelBookingAPI @api @regression @positive @RM_4
Scenario Outline: Check room availability for specific dates                                        # src/test/resources/features/02_checkRoomAvailability.feature:38
Request method:	GET
Request URI:	https://automationintesting.online/api/room?checkin=2026-07-17&checkout=2026-07-17
Proxy:			<none>
Request params:	<none>
Query params:	checkin=2026-07-17
				checkout=2026-07-17
Form params:	<none>
Path params:	<none>
Headers:		Accept=application/json, application/javascript, text/javascript, text/json
				Content-Type=application/json; charset=UTF-8
Cookies:		<none>
Multiparts:		<none>
Body:			<none>
HTTP/1.1 200 OK
Date: Mon, 30 Mar 2026 07:18:59 GMT
Content-Type: application/json
Transfer-Encoding: chunked
Connection: keep-alive
Server: cloudflare
vary: rsc, next-router-state-tree, next-router-prefetch, next-router-segment-prefetch
x-railway-edge: railway/asia-southeast1-eqsg3a
x-railway-request-id: PbVJM7HvQx-ORg1lVOLIQQ
x-railway-cdn-edge: fastly/cache-sin-wsap440026-SIN
x-cache: MISS
x-cache-hits: 0
x-served-by: cache-sin-wsap440026-SIN
cf-cache-status: DYNAMIC
Nel: {"report_to":"cf-nel","success_fraction":0.0,"max_age":604800}
Report-To: {"group":"cf-nel","max_age":604800,"endpoints":[{"url":"https://a.nel.cloudflare.com/report/v4?s=0UkRrAga1npjZoNgXMBVM2I22%2BZ6JzSeqDWyppwQ%2BOMdjfPySlq5biCVyYbFf%2BGZvpO6xttEucqoQp0TQ54nENU2Eo51m706NAwfT5CwIHoxxadOPs1dwpMH3isuJwMJ2e7GxSzSTh4dUaGmrg%3D%3D"}]}
Content-Encoding: gzip
CF-RAY: 9e4557e7089dfdec-SIN
alt-svc: h3=":443"; ma=86400

{
    "rooms": [
        {
            "roomid": 1,
            "roomName": "101",
            "type": "Single",
            "accessible": true,
            "image": "/images/room1.jpg",
            "description": "Aenean porttitor mauris sit amet lacinia molestie. In posuere accumsan aliquet. Maecenas sit amet nisl massa. Interdum et malesuada fames ac ante.",
            "features": [
                "TV",
                "WiFi",
                "Safe"
            ],
            "roomPrice": 100
        },
        {
            "roomid": 2,
            "roomName": "102",
            "type": "Double",
            "accessible": true,
            "image": "/images/room2.jpg",
            "description": "Vestibulum sollicitudin, lectus ac mollis consequat, lorem orci ultrices tellus, eleifend euismod tortor dui egestas erat. Phasellus et ipsum nisl. ",
            "features": [
                "TV",
                "Radio",
                "Safe"
            ],
            "roomPrice": 150
        },
        {
            "roomid": 3,
            "roomName": "103",
            "type": "Suite",
            "accessible": true,
            "image": "/images/room3.jpg",
            "description": "Etiam metus metus, fringilla ac sagittis id, consequat vel neque. Nunc commodo quis nisl nec posuere. Etiam at accumsan ex. ",
            "features": [
                "Radio",
                "WiFi",
                "Safe"
            ],
            "roomPrice": 225
        }
    ]
}
  When User requests to check room availability with checkin "2026-07-17" and checkout "2026-07-17" # com.booking.stepDefinitions.RoomManagementAPI.User_requests_to_check_room_availability_with_checkin_and_checkout(java.lang.String,java.lang.String)
  Then API response status code of RM should be 200                                                 # com.booking.stepDefinitions.RoomManagementAPI.API_response_status_code_should_be(int)
  And Response should contain available rooms                                                       # com.booking.stepDefinitions.RoomManagementAPI.Response_should_contain_available_rooms()
  And Available rooms list should not be empty                                                      # com.booking.stepDefinitions.RoomManagementAPI.Available_rooms_list_should_not_be_empty()

@checkRoomAvailability @HotelBookingAPI @api @negative @regression @RM_5
Scenario Outline: Check room availability with invalid date formats and ranges                      # src/test/resources/features/02_checkRoomAvailability.feature:50
Request method:	GET
Request URI:	https://automationintesting.online/api/room?checkin=2025-07-25&checkout=2025-07-20
Proxy:			<none>
Request params:	<none>
Query params:	checkin=2025-07-25
				checkout=2025-07-20
Form params:	<none>
Path params:	<none>
Headers:		Accept=application/json, application/javascript, text/javascript, text/json
				Content-Type=application/json; charset=UTF-8
Cookies:		<none>
Multiparts:		<none>
Body:			<none>
HTTP/1.1 200 OK
Date: Mon, 30 Mar 2026 07:18:59 GMT
Content-Type: application/json
Transfer-Encoding: chunked
Connection: keep-alive
Server: cloudflare
vary: rsc, next-router-state-tree, next-router-prefetch, next-router-segment-prefetch
x-railway-edge: railway/asia-southeast1-eqsg3a
x-railway-request-id: Sy2TcqwMSzmOdT0oDcO5xA
x-railway-cdn-edge: fastly/cache-sin-wsat1880033-SIN
x-cache: MISS
x-cache-hits: 0
x-served-by: cache-sin-wsat1880033-SIN
cf-cache-status: DYNAMIC
Nel: {"report_to":"cf-nel","success_fraction":0.0,"max_age":604800}
Report-To: {"group":"cf-nel","max_age":604800,"endpoints":[{"url":"https://a.nel.cloudflare.com/report/v4?s=bARi1gyEJxbQu8Pfl2ZtzsvXUDTeIccl5OMEKsJkMP2qQ4fylGclRttTVzRfHxxUz%2FvGmP5PkM0J%2ByXUkt1NWztNMlB1XWSmoybg1aMdW3n5S6d8XahDpjtFOB5RzU1mrCL2MKZm4e1t4kwNgw%3D%3D"}]}
Content-Encoding: gzip
CF-RAY: 9e4557ecdefc51fc-SIN
alt-svc: h3=":443"; ma=86400

{
    "rooms": [
        {
            "roomid": 1,
            "roomName": "101",
            "type": "Single",
            "accessible": true,
            "image": "/images/room1.jpg",
            "description": "Aenean porttitor mauris sit amet lacinia molestie. In posuere accumsan aliquet. Maecenas sit amet nisl massa. Interdum et malesuada fames ac ante.",
            "features": [
                "TV",
                "WiFi",
                "Safe"
            ],
            "roomPrice": 100
        },
        {
            "roomid": 2,
            "roomName": "102",
            "type": "Double",
            "accessible": true,
            "image": "/images/room2.jpg",
            "description": "Vestibulum sollicitudin, lectus ac mollis consequat, lorem orci ultrices tellus, eleifend euismod tortor dui egestas erat. Phasellus et ipsum nisl. ",
            "features": [
                "TV",
                "Radio",
                "Safe"
            ],
            "roomPrice": 150
        },
        {
            "roomid": 3,
            "roomName": "103",
            "type": "Suite",
            "accessible": true,
            "image": "/images/room3.jpg",
            "description": "Etiam metus metus, fringilla ac sagittis id, consequat vel neque. Nunc commodo quis nisl nec posuere. Etiam at accumsan ex. ",
            "features": [
                "Radio",
                "WiFi",
                "Safe"
            ],
            "roomPrice": 225
        }
    ]
}
  When User requests to check room availability with checkin "2025-07-25" and checkout "2025-07-20" # com.booking.stepDefinitions.RoomManagementAPI.User_requests_to_check_room_availability_with_checkin_and_checkout(java.lang.String,java.lang.String)
  Then API response status code of RM should be 400                                                 # com.booking.stepDefinitions.RoomManagementAPI.API_response_status_code_should_be(int)
      java.lang.AssertionError: Response status code mismatch. Expected: 400 Actual: 200 Body: {"rooms":[{"roomid":1,"roomName":"101","type":"Single","accessible":true,"image":"/images/room1.jpg","description":"Aenean porttitor mauris sit amet lacinia molestie. In posuere accumsan aliquet. Maecenas sit amet nisl massa. Interdum et malesuada fames ac ante.","features":["TV","WiFi","Safe"],"roomPrice":100},{"roomid":2,"roomName":"102","type":"Double","accessible":true,"image":"/images/room2.jpg","description":"Vestibulum sollicitudin, lectus ac mollis consequat, lorem orci ultrices tellus, eleifend euismod tortor dui egestas erat. Phasellus et ipsum nisl. ","features":["TV","Radio","Safe"],"roomPrice":150},{"roomid":3,"roomName":"103","type":"Suite","accessible":true,"image":"/images/room3.jpg","description":"Etiam metus metus, fringilla ac sagittis id, consequat vel neque. Nunc commodo quis nisl nec posuere. Etiam at accumsan ex. ","features":["Radio","WiFi","Safe"],"roomPrice":225}]} expected [400] but found [200]
	at org.testng.Assert.fail(Assert.java:99)
	at org.testng.Assert.failNotEquals(Assert.java:1037)
	at org.testng.Assert.assertEqualsImpl(Assert.java:140)
	at org.testng.Assert.assertEquals(Assert.java:122)
	at org.testng.Assert.assertEquals(Assert.java:907)
	at com.booking.stepDefinitions.RoomManagementAPI.API_response_status_code_should_be(RoomManagementAPI.java:90)
	at Γ£╜.API response status code of RM should be 400(file:///D:/Joshiba/Kata_Cucumber_Project/api_hotel_booking/src/test/resources/features/02_checkRoomAvailability.feature:46)


@checkRoomAvailability @HotelBookingAPI @api @negative @regression @RM_5
Scenario Outline: Check room availability with invalid date formats and ranges                        # src/test/resources/features/02_checkRoomAvailability.feature:51
Request method:	GET
Request URI:	https://automationintesting.online/api/room?checkin=invalid-date&checkout=2025-07-21
Proxy:			<none>
Request params:	<none>
Query params:	checkin=invalid-date
				checkout=2025-07-21
Form params:	<none>
Path params:	<none>
Headers:		Accept=application/json, application/javascript, text/javascript, text/json
				Content-Type=application/json; charset=UTF-8
Cookies:		<none>
Multiparts:		<none>
Body:			<none>
HTTP/1.1 500 Internal Server Error
Date: Mon, 30 Mar 2026 07:19:32 GMT
Content-Type: application/json
Transfer-Encoding: chunked
Connection: keep-alive
Server: cloudflare
vary: rsc, next-router-state-tree, next-router-prefetch, next-router-segment-prefetch
x-railway-edge: railway/asia-southeast1-eqsg3a
x-railway-request-id: -BlJIZDXTJuw3sZvAXC71g
x-railway-cdn-edge: fastly/cache-sin-wsap440073-SIN
x-cache: MISS
x-cache-hits: 0
x-served-by: cache-sin-wsap440073-SIN
cf-cache-status: DYNAMIC
Nel: {"report_to":"cf-nel","success_fraction":0.0,"max_age":604800}
Report-To: {"group":"cf-nel","max_age":604800,"endpoints":[{"url":"https://a.nel.cloudflare.com/report/v4?s=fcoRh1%2BMwpXGhtl%2FP%2F5qxCVV2wXiDaWS0azotnlksPPJRzxoIKzJBqGvWv%2BiIOoMRQ03Stht8%2BgIYPFswq2CQpxORkA1oxrMZhHa2%2BMDAaoVDybd1tT3pgJcMouWXc3kxlSsjaUsnHUN%2FoiXqA%3D%3D"}]}
CF-RAY: 9e4557efbe9f40c5-SIN
alt-svc: h3=":443"; ma=86400

[
    
]
  When User requests to check room availability with checkin "invalid-date" and checkout "2025-07-21" # com.booking.stepDefinitions.RoomManagementAPI.User_requests_to_check_room_availability_with_checkin_and_checkout(java.lang.String,java.lang.String)
  Then API response status code of RM should be 503                                                   # com.booking.stepDefinitions.RoomManagementAPI.API_response_status_code_should_be(int)
      java.lang.AssertionError: Response status code mismatch. Expected: 503 Actual: 500 Body: [] expected [503] but found [500]
	at org.testng.Assert.fail(Assert.java:99)
	at org.testng.Assert.failNotEquals(Assert.java:1037)
	at org.testng.Assert.assertEqualsImpl(Assert.java:140)
	at org.testng.Assert.assertEquals(Assert.java:122)
	at org.testng.Assert.assertEquals(Assert.java:907)
	at com.booking.stepDefinitions.RoomManagementAPI.API_response_status_code_should_be(RoomManagementAPI.java:90)
	at Γ£╜.API response status code of RM should be 503(file:///D:/Joshiba/Kata_Cucumber_Project/api_hotel_booking/src/test/resources/features/02_checkRoomAvailability.feature:46)


@checkRoomAvailability @HotelBookingAPI @api @negative @regression @RM_5
Scenario Outline: Check room availability with invalid date formats and ranges                      # src/test/resources/features/02_checkRoomAvailability.feature:52
Request method:	GET
Request URI:	https://automationintesting.online/api/room?checkin=2020-01-01&checkout=2020-01-02
Proxy:			<none>
Request params:	<none>
Query params:	checkin=2020-01-01
				checkout=2020-01-02
Form params:	<none>
Path params:	<none>
Headers:		Accept=application/json, application/javascript, text/javascript, text/json
				Content-Type=application/json; charset=UTF-8
Cookies:		<none>
Multiparts:		<none>
Body:			<none>
HTTP/1.1 200 OK
Date: Mon, 30 Mar 2026 07:19:34 GMT
Content-Type: application/json
Transfer-Encoding: chunked
Connection: keep-alive
Server: cloudflare
vary: rsc, next-router-state-tree, next-router-prefetch, next-router-segment-prefetch
x-railway-edge: railway/asia-southeast1-eqsg3a
x-railway-request-id: lEEAIyxdRKGGPRh80ubPiw
x-railway-cdn-edge: fastly/cache-sin-wsat1880034-SIN
x-cache: MISS
x-cache-hits: 0
x-served-by: cache-sin-wsat1880034-SIN
cf-cache-status: DYNAMIC
Nel: {"report_to":"cf-nel","success_fraction":0.0,"max_age":604800}
Report-To: {"group":"cf-nel","max_age":604800,"endpoints":[{"url":"https://a.nel.cloudflare.com/report/v4?s=3KXqHJY4iuFYk9col4jR9n25l0eJrSii0TiNRn39eD9YfOHdbboPMEnaG%2BEmT7bm%2FA%2BzEHK3vHMPFzn%2B33%2BQfUi6dFx7aOF%2BQAlP2dHMCiNzOF%2B%2BOAfIVyxeX8kHIsq3UhOqm8wsh2aa6VGNEw%3D%3D"}]}
Content-Encoding: gzip
CF-RAY: 9e4558c00b3ff8e0-SIN
alt-svc: h3=":443"; ma=86400

{
    "rooms": [
        {
            "roomid": 1,
            "roomName": "101",
            "type": "Single",
            "accessible": true,
            "image": "/images/room1.jpg",
            "description": "Aenean porttitor mauris sit amet lacinia molestie. In posuere accumsan aliquet. Maecenas sit amet nisl massa. Interdum et malesuada fames ac ante.",
            "features": [
                "TV",
                "WiFi",
                "Safe"
            ],
            "roomPrice": 100
        },
        {
            "roomid": 2,
            "roomName": "102",
            "type": "Double",
            "accessible": true,
            "image": "/images/room2.jpg",
            "description": "Vestibulum sollicitudin, lectus ac mollis consequat, lorem orci ultrices tellus, eleifend euismod tortor dui egestas erat. Phasellus et ipsum nisl. ",
            "features": [
                "TV",
                "Radio",
                "Safe"
            ],
            "roomPrice": 150
        },
        {
            "roomid": 3,
            "roomName": "103",
            "type": "Suite",
            "accessible": true,
            "image": "/images/room3.jpg",
            "description": "Etiam metus metus, fringilla ac sagittis id, consequat vel neque. Nunc commodo quis nisl nec posuere. Etiam at accumsan ex. ",
            "features": [
                "Radio",
                "WiFi",
                "Safe"
            ],
            "roomPrice": 225
        }
    ]
}
  When User requests to check room availability with checkin "2020-01-01" and checkout "2020-01-02" # com.booking.stepDefinitions.RoomManagementAPI.User_requests_to_check_room_availability_with_checkin_and_checkout(java.lang.String,java.lang.String)
  Then API response status code of RM should be 400                                                 # com.booking.stepDefinitions.RoomManagementAPI.API_response_status_code_should_be(int)
      java.lang.AssertionError: Response status code mismatch. Expected: 400 Actual: 200 Body: {"rooms":[{"roomid":1,"roomName":"101","type":"Single","accessible":true,"image":"/images/room1.jpg","description":"Aenean porttitor mauris sit amet lacinia molestie. In posuere accumsan aliquet. Maecenas sit amet nisl massa. Interdum et malesuada fames ac ante.","features":["TV","WiFi","Safe"],"roomPrice":100},{"roomid":2,"roomName":"102","type":"Double","accessible":true,"image":"/images/room2.jpg","description":"Vestibulum sollicitudin, lectus ac mollis consequat, lorem orci ultrices tellus, eleifend euismod tortor dui egestas erat. Phasellus et ipsum nisl. ","features":["TV","Radio","Safe"],"roomPrice":150},{"roomid":3,"roomName":"103","type":"Suite","accessible":true,"image":"/images/room3.jpg","description":"Etiam metus metus, fringilla ac sagittis id, consequat vel neque. Nunc commodo quis nisl nec posuere. Etiam at accumsan ex. ","features":["Radio","WiFi","Safe"],"roomPrice":225}]} expected [400] but found [200]
	at org.testng.Assert.fail(Assert.java:99)
	at org.testng.Assert.failNotEquals(Assert.java:1037)
	at org.testng.Assert.assertEqualsImpl(Assert.java:140)
	at org.testng.Assert.assertEquals(Assert.java:122)
	at org.testng.Assert.assertEquals(Assert.java:907)
	at com.booking.stepDefinitions.RoomManagementAPI.API_response_status_code_should_be(RoomManagementAPI.java:90)
	at Γ£╜.API response status code of RM should be 400(file:///D:/Joshiba/Kata_Cucumber_Project/api_hotel_booking/src/test/resources/features/02_checkRoomAvailability.feature:46)


@RoomManagement @getRoomDetails @HotelBookingAPI @Background
Scenario Outline: User authentication with valid credentials                    # src/test/resources/features/03_getRoomDetails.feature:20
Request method:	POST
Request URI:	https://automationintesting.online/api/auth/login
Proxy:			<none>
Request params:	<none>
Query params:	<none>
Form params:	<none>
Path params:	<none>
Headers:		Accept=application/json, application/javascript, text/javascript, text/json
				Content-Type=application/json; charset=UTF-8
Cookies:		<none>
Multiparts:		<none>
Body:
{
    "password": "password",
    "username": "admin"
}
HTTP/1.1 200 OK
Date: Mon, 30 Mar 2026 07:19:34 GMT
Content-Type: application/json
Transfer-Encoding: chunked
Connection: keep-alive
Server: cloudflare
vary: rsc, next-router-state-tree, next-router-prefetch, next-router-segment-prefetch
x-railway-edge: railway/asia-southeast1-eqsg3a
x-railway-request-id: nY9SLUueSiyHg_MPDcO5xA
x-railway-cdn-edge: fastly/cache-sin-wsat1880057-SIN
x-cache: MISS
x-cache-hits: 0
x-served-by: cache-sin-wsat1880057-SIN
cf-cache-status: DYNAMIC
Nel: {"report_to":"cf-nel","success_fraction":0.0,"max_age":604800}
Report-To: {"group":"cf-nel","max_age":604800,"endpoints":[{"url":"https://a.nel.cloudflare.com/report/v4?s=pFlR3nB%2FHY3fADGEqhK3j6vzD8cHk5cv7glCWHixvzx4srowdRs4ox9Q7UPmvDl2K6xJwXNlG8YErQ%2BfKVu8k%2BWy0dqmkJxgIoadPen7jjcN0Av6mhQOackxsgZvLaWv2NQAIcveOSg%2BSS3FdQ%3D%3D"}]}
Content-Encoding: gzip
CF-RAY: 9e4558c6d95e5fa2-SIN
alt-svc: h3=":443"; ma=86400

{
    "token": "CITy4uKIaja8A3FQ"
}
  When User authenticates as user with username "admin" and password "password" # com.booking.stepDefinitions.LoginAPIStepDefinition.user_authenticates_as_user(java.lang.String,java.lang.String)
  Then API response status code should be 200                                   # com.booking.stepDefinitions.LoginAPIStepDefinition.API_response_status_code_should_be(int)
Authentication Token: CITy4uKIaja8A3FQ
Authentication Token: CITy4uKIaja8A3FQ
Authentication Token: CITy4uKIaja8A3FQ
Response Status Code: 200
  And Response should contain a valid authentication token                      # com.booking.stepDefinitions.LoginAPIStepDefinition.Response_should_contain_a_valid_authentication_token()

@RoomManagement @getRoomDetails @HotelBookingAPI @smoke @api @regression @positive @RM_1
Scenario Outline: Get list of all available rooms   # src/test/resources/features/03_getRoomDetails.feature:32
Request method:	GET
Request URI:	https://automationintesting.online/api/room
Proxy:			<none>
Request params:	<none>
Query params:	<none>
Form params:	<none>
Path params:	<none>
Headers:		Accept=application/json, application/javascript, text/javascript, text/json
				Content-Type=application/json; charset=UTF-8
Cookies:		<none>
Multiparts:		<none>
Body:			<none>
HTTP/1.1 200 OK
Date: Mon, 30 Mar 2026 07:19:35 GMT
Content-Type: application/json
Transfer-Encoding: chunked
Connection: keep-alive
Server: cloudflare
vary: rsc, next-router-state-tree, next-router-prefetch, next-router-segment-prefetch
x-railway-edge: railway/asia-southeast1-eqsg3a
x-railway-request-id: EIAV9uK2RgqlXKAODcO5xA
x-railway-cdn-edge: fastly/cache-sin-wsat1880033-SIN
x-cache: MISS
x-cache-hits: 0
x-served-by: cache-sin-wsat1880033-SIN
cf-cache-status: DYNAMIC
Nel: {"report_to":"cf-nel","success_fraction":0.0,"max_age":604800}
Report-To: {"group":"cf-nel","max_age":604800,"endpoints":[{"url":"https://a.nel.cloudflare.com/report/v4?s=zeQJKq%2FT8mNOnaioDTdB7q0prTgn%2FFEY7xan2AgxkkJg%2B5JNx2gIYZE3Q0tll71NbxVmlxuYhHOrQVVNTGSwdG20yOTkDoUvi3naPRJ7EoMLHWN7iNN1fhqqdNrLiUj5JVAhb7A7S%2Fgw4jvZRQ%3D%3D"}]}
Content-Encoding: gzip
CF-RAY: 9e4558cace8ff8d3-SIN
alt-svc: h3=":443"; ma=86400

{
    "rooms": [
        {
            "roomid": 1,
            "roomName": "101",
            "type": "Single",
            "accessible": true,
            "image": "/images/room1.jpg",
            "description": "Aenean porttitor mauris sit amet lacinia molestie. In posuere accumsan aliquet. Maecenas sit amet nisl massa. Interdum et malesuada fames ac ante.",
            "features": [
                "TV",
                "WiFi",
                "Safe"
            ],
            "roomPrice": 100
        },
        {
            "roomid": 2,
            "roomName": "102",
            "type": "Double",
            "accessible": true,
            "image": "/images/room2.jpg",
            "description": "Vestibulum sollicitudin, lectus ac mollis consequat, lorem orci ultrices tellus, eleifend euismod tortor dui egestas erat. Phasellus et ipsum nisl. ",
            "features": [
                "TV",
                "Radio",
                "Safe"
            ],
            "roomPrice": 150
        },
        {
            "roomid": 3,
            "roomName": "103",
            "type": "Suite",
            "accessible": true,
            "image": "/images/room3.jpg",
            "description": "Etiam metus metus, fringilla ac sagittis id, consequat vel neque. Nunc commodo quis nisl nec posuere. Etiam at accumsan ex. ",
            "features": [
                "Radio",
                "WiFi",
                "Safe"
            ],
            "roomPrice": 225
        }
    ]
}
{"rooms":[{"roomid":1,"roomName":"101","type":"Single","accessible":true,"image":"/images/room1.jpg","description":"Aenean porttitor mauris sit amet lacinia molestie. In posuere accumsan aliquet. Maecenas sit amet nisl massa. Interdum et malesuada fames ac ante.","features":["TV","WiFi","Safe"],"roomPrice":100},{"roomid":2,"roomName":"102","type":"Double","accessible":true,"image":"/images/room2.jpg","description":"Vestibulum sollicitudin, lectus ac mollis consequat, lorem orci ultrices tellus, eleifend euismod tortor dui egestas erat. Phasellus et ipsum nisl. ","features":["TV","Radio","Safe"],"roomPrice":150},{"roomid":3,"roomName":"103","type":"Suite","accessible":true,"image":"/images/room3.jpg","description":"Etiam metus metus, fringilla ac sagittis id, consequat vel neque. Nunc commodo quis nisl nec posuere. Etiam at accumsan ex. ","features":["Radio","WiFi","Safe"],"roomPrice":225}]}
  When User requests to get list of all rooms       # com.booking.stepDefinitions.RoomManagementAPI.User_requests_to_get_list_of_all_rooms()
  Then API response status code of RM should be 200 # com.booking.stepDefinitions.RoomManagementAPI.API_response_status_code_should_be(int)
  And Response should contain list of rooms         # com.booking.stepDefinitions.RoomManagementAPI.Response_should_contain_list_of_rooms()
  And Each room should have room details            # com.booking.stepDefinitions.RoomManagementAPI.Each_room_should_have_room_details()

@RoomManagement @getRoomDetails @HotelBookingAPI @smoke @api @regression @positive @RM_2
Scenario Outline: Get room details by room ID           # src/test/resources/features/03_getRoomDetails.feature:43
Request method:	GET
Request URI:	https://automationintesting.online/api/room/1
Proxy:			<none>
Request params:	<none>
Query params:	<none>
Form params:	<none>
Path params:	<none>
Headers:		Accept=application/json, application/javascript, text/javascript, text/json
				Content-Type=application/json; charset=UTF-8
Cookies:		<none>
Multiparts:		<none>
Body:			<none>
HTTP/1.1 200 OK
Date: Mon, 30 Mar 2026 07:19:35 GMT
Content-Type: application/json
Transfer-Encoding: chunked
Connection: keep-alive
Server: cloudflare
vary: rsc, next-router-state-tree, next-router-prefetch, next-router-segment-prefetch
x-railway-edge: railway/asia-southeast1-eqsg3a
x-railway-request-id: i8Z3iXnQTaeeGb6D0ubPiw
x-railway-cdn-edge: fastly/cache-hkg17934-HKG
x-cache: MISS
x-cache-hits: 0
x-served-by: cache-hkg17934-HKG
Nel: {"report_to":"cf-nel","success_fraction":0.0,"max_age":604800}
Report-To: {"group":"cf-nel","max_age":604800,"endpoints":[{"url":"https://a.nel.cloudflare.com/report/v4?s=m3Ge6NjO5tiWCLriq%2FZC0bQVaweSo6b%2F1L61KFIdrKrtMhuNkE4b3X8yjt8p3XFH4R3k8vEsp%2FtyVBVAUw8%2BaOrtRTXaoLUa3QT6pb9tKWfnfqe51Y%2BkIdlLf%2BHn%2FGgobldJcAgtQnTGoPYbdQ%3D%3D"}]}
cf-cache-status: DYNAMIC
Content-Encoding: gzip
CF-RAY: 9e4558cecf923e36-SIN
alt-svc: h3=":443"; ma=86400

{
    "roomid": 1,
    "roomName": "101",
    "type": "Single",
    "accessible": true,
    "image": "/images/room1.jpg",
    "description": "Aenean porttitor mauris sit amet lacinia molestie. In posuere accumsan aliquet. Maecenas sit amet nisl massa. Interdum et malesuada fames ac ante.",
    "features": [
        "TV",
        "WiFi",
        "Safe"
    ],
    "roomPrice": 100
}
  When User requests to get room details for roomid "1" # com.booking.stepDefinitions.RoomManagementAPI.User_requests_to_get_room_details_for_roomid(java.lang.String)
  Then API response status code of RM should be 200     # com.booking.stepDefinitions.RoomManagementAPI.API_response_status_code_should_be(int)
  And Response should contain room information          # com.booking.stepDefinitions.RoomManagementAPI.Response_should_contain_room_information()
  And Room details should contain "roomid"              # com.booking.stepDefinitions.RoomManagementAPI.Room_details_should_contain(java.lang.String)

@RoomManagement @getRoomDetails @HotelBookingAPI @negative @api @regression @RM_3
Scenario Outline: Get room details with invalid room ID             # src/test/resources/features/03_getRoomDetails.feature:55
Request method:	GET
Request URI:	https://automationintesting.online/api/room/99999
Proxy:			<none>
Request params:	<none>
Query params:	<none>
Form params:	<none>
Path params:	<none>
Headers:		Accept=application/json, application/javascript, text/javascript, text/json
				Content-Type=application/json; charset=UTF-8
Cookies:		<none>
Multiparts:		<none>
Body:			<none>
HTTP/1.1 500 Internal Server Error
Date: Mon, 30 Mar 2026 07:20:08 GMT
Content-Type: application/json
Transfer-Encoding: chunked
Connection: keep-alive
Server: cloudflare
vary: rsc, next-router-state-tree, next-router-prefetch, next-router-segment-prefetch
x-railway-edge: railway/asia-southeast1-eqsg3a
x-railway-request-id: tCNC7q16RGayIAz-oB_USg
x-railway-cdn-edge: fastly/cache-sin-wsap440073-SIN
x-cache: MISS
x-cache-hits: 0
x-served-by: cache-sin-wsap440073-SIN
cf-cache-status: DYNAMIC
Nel: {"report_to":"cf-nel","success_fraction":0.0,"max_age":604800}
Report-To: {"group":"cf-nel","max_age":604800,"endpoints":[{"url":"https://a.nel.cloudflare.com/report/v4?s=GzYcgX2m3OL3VDxaVyk8i2Fppyo5xRprDFOm%2BxzV1TemcLJ3AuOTcXxKnS1Ep6y2MD8J2e2idjBNAxCPEbiwwMfxtcfIMC5tFnOVcwgvyYgK0iHOfsO3RSDjeO07v5MtO%2By%2Bti%2BHFEK7aD938g%3D%3D"}]}
CF-RAY: 9e4558d20ab54086-SIN
alt-svc: h3=":443"; ma=86400

{
    "timestamp": "2026-03-30T07:20:08.818+00:00",
    "status": 500,
    "error": "Internal Server Error",
    "path": "/room/99999"
}
  When User requests to get room details for roomid "99999"         # com.booking.stepDefinitions.RoomManagementAPI.User_requests_to_get_room_details_for_roomid(java.lang.String)
  Then API response status code of RM should be 503                 # com.booking.stepDefinitions.RoomManagementAPI.API_response_status_code_should_be(int)
      java.lang.AssertionError: Response status code mismatch. Expected: 503 Actual: 500 Body: {"timestamp":"2026-03-30T07:20:08.818+00:00","status":500,"error":"Internal Server Error","path":"/room/99999"} expected [503] but found [500]
	at org.testng.Assert.fail(Assert.java:99)
	at org.testng.Assert.failNotEquals(Assert.java:1037)
	at org.testng.Assert.assertEqualsImpl(Assert.java:140)
	at org.testng.Assert.assertEquals(Assert.java:122)
	at org.testng.Assert.assertEquals(Assert.java:907)
	at com.booking.stepDefinitions.RoomManagementAPI.API_response_status_code_should_be(RoomManagementAPI.java:90)
	at Γ£╜.API response status code of RM should be 503(file:///D:/Joshiba/Kata_Cucumber_Project/api_hotel_booking/src/test/resources/features/03_getRoomDetails.feature:50)

  And Response should indicate room not found "Service Unavailable" # com.booking.stepDefinitions.RoomManagementAPI.Response_should_indicate_room_not_found(java.lang.String)

@RoomManagement @getRoomDetails @HotelBookingAPI @SchemaValidation @api @regression @RM_4
Scenario Outline: Validate room details response structure against schema # src/test/resources/features/03_getRoomDetails.feature:66
Request method:	GET
Request URI:	https://automationintesting.online/api/room/1
Proxy:			<none>
Request params:	<none>
Query params:	<none>
Form params:	<none>
Path params:	<none>
Headers:		Accept=application/json, application/javascript, text/javascript, text/json
				Content-Type=application/json; charset=UTF-8
Cookies:		<none>
Multiparts:		<none>
Body:			<none>
HTTP/1.1 200 OK
Date: Mon, 30 Mar 2026 07:20:09 GMT
Content-Type: application/json
Transfer-Encoding: chunked
Connection: keep-alive
Server: cloudflare
vary: rsc, next-router-state-tree, next-router-prefetch, next-router-segment-prefetch
x-railway-edge: railway/asia-southeast1-eqsg3a
x-railway-request-id: TdfP5EnkRpiDFEV3AXC71g
x-railway-cdn-edge: fastly/cache-sin-wsat1880057-SIN
x-cache: MISS
x-cache-hits: 0
x-served-by: cache-sin-wsat1880057-SIN
cf-cache-status: DYNAMIC
Nel: {"report_to":"cf-nel","success_fraction":0.0,"max_age":604800}
Report-To: {"group":"cf-nel","max_age":604800,"endpoints":[{"url":"https://a.nel.cloudflare.com/report/v4?s=%2FpIVqLGfMxDinpMGZgbCeWJM6SE55vPFq%2BMR7UbC4UsPMsi7qCaiEy1nmoQFgIQXBlZcuSNclfR82WnkcyoJoXfiYIvXaeu8tqovwWqW%2FXduEv1SC8Npj4QUcwdnM%2ByoMwkUXuyccAlZQaK2Sg%3D%3D"}]}
Content-Encoding: gzip
CF-RAY: 9e4559a0bc8ea3dc-SIN
alt-svc: h3=":443"; ma=86400

{
    "roomid": 1,
    "roomName": "101",
    "type": "Single",
    "accessible": true,
    "image": "/images/room1.jpg",
    "description": "Aenean porttitor mauris sit amet lacinia molestie. In posuere accumsan aliquet. Maecenas sit amet nisl massa. Interdum et malesuada fames ac ante.",
    "features": [
        "TV",
        "WiFi",
        "Safe"
    ],
    "roomPrice": 100
}
  When User requests to get room details for roomid "1"                   # com.booking.stepDefinitions.RoomManagementAPI.User_requests_to_get_room_details_for_roomid(java.lang.String)
  Then API response status code of RM should be 200                       # com.booking.stepDefinitions.RoomManagementAPI.API_response_status_code_should_be(int)
  And Response should contain room information                            # com.booking.stepDefinitions.RoomManagementAPI.Response_should_contain_room_information()
  And Room details should conform to the room schema                      # com.booking.stepDefinitions.RoomManagementAPI.room_details_should_conform_to_the_room_schema()

@RoomManagement @getRoomDetails @HotelBookingAPI @SchemaValidation @api @regression @RM_4
Scenario Outline: Validate room details response structure against schema # src/test/resources/features/03_getRoomDetails.feature:67
Request method:	GET
Request URI:	https://automationintesting.online/api/room/2
Proxy:			<none>
Request params:	<none>
Query params:	<none>
Form params:	<none>
Path params:	<none>
Headers:		Accept=application/json, application/javascript, text/javascript, text/json
				Content-Type=application/json; charset=UTF-8
Cookies:		<none>
Multiparts:		<none>
Body:			<none>
HTTP/1.1 200 OK
Date: Mon, 30 Mar 2026 07:20:11 GMT
Content-Type: application/json
Transfer-Encoding: chunked
Connection: keep-alive
Server: cloudflare
vary: rsc, next-router-state-tree, next-router-prefetch, next-router-segment-prefetch
x-railway-edge: railway/asia-southeast1-eqsg3a
x-railway-request-id: esOWJZkPSWWr8ttoDcO5xA
x-railway-cdn-edge: fastly/cache-sin-wsat1880033-SIN
x-cache: MISS
x-cache-hits: 0
x-served-by: cache-sin-wsat1880033-SIN
cf-cache-status: DYNAMIC
Nel: {"report_to":"cf-nel","success_fraction":0.0,"max_age":604800}
Report-To: {"group":"cf-nel","max_age":604800,"endpoints":[{"url":"https://a.nel.cloudflare.com/report/v4?s=30KEc5rdnvvNaoT9%2FYORIolXAXcI2biI6JgNoy1EMgYRYWTl11I0rYilNsiLM0JFb2VrTAGsQNxVY42MoiVLCkhMyEU%2BbBmAqslxoi7k25TBIUmQDchEPNgVRtyk%2F0Oa8lc6%2BmMmJScyuNJUoA%3D%3D"}]}
Content-Encoding: gzip
CF-RAY: 9e4559a9aa93eba1-SIN
alt-svc: h3=":443"; ma=86400

{
    "roomid": 2,
    "roomName": "102",
    "type": "Double",
    "accessible": true,
    "image": "/images/room2.jpg",
    "description": "Vestibulum sollicitudin, lectus ac mollis consequat, lorem orci ultrices tellus, eleifend euismod tortor dui egestas erat. Phasellus et ipsum nisl. ",
    "features": [
        "TV",
        "Radio",
        "Safe"
    ],
    "roomPrice": 150
}
  When User requests to get room details for roomid "2"                   # com.booking.stepDefinitions.RoomManagementAPI.User_requests_to_get_room_details_for_roomid(java.lang.String)
  Then API response status code of RM should be 200                       # com.booking.stepDefinitions.RoomManagementAPI.API_response_status_code_should_be(int)
  And Response should contain room information                            # com.booking.stepDefinitions.RoomManagementAPI.Response_should_contain_room_information()
  And Room details should conform to the room schema                      # com.booking.stepDefinitions.RoomManagementAPI.room_details_should_conform_to_the_room_schema()

@createBooking @HotelBookingAPI @Background
Scenario Outline: User authentication with valid credentials                    # src/test/resources/features/04_createBooking.feature:19
Request method:	POST
Request URI:	https://automationintesting.online/api/auth/login
Proxy:			<none>
Request params:	<none>
Query params:	<none>
Form params:	<none>
Path params:	<none>
Headers:		Accept=application/json, application/javascript, text/javascript, text/json
				Content-Type=application/json; charset=UTF-8
Cookies:		<none>
Multiparts:		<none>
Body:
{
    "password": "password",
    "username": "admin"
}
HTTP/1.1 200 OK
Date: Mon, 30 Mar 2026 07:20:12 GMT
Content-Type: application/json
Transfer-Encoding: chunked
Connection: keep-alive
Server: cloudflare
vary: rsc, next-router-state-tree, next-router-prefetch, next-router-segment-prefetch
x-railway-edge: railway/asia-southeast1-eqsg3a
x-railway-request-id: nTIeDYRySeKM7FXJmrpb1w
x-railway-cdn-edge: fastly/cache-sin-wsat1880097-SIN
x-cache: MISS
x-cache-hits: 0
x-served-by: cache-sin-wsat1880097-SIN
cf-cache-status: DYNAMIC
Nel: {"report_to":"cf-nel","success_fraction":0.0,"max_age":604800}
Report-To: {"group":"cf-nel","max_age":604800,"endpoints":[{"url":"https://a.nel.cloudflare.com/report/v4?s=f45QVbxvMFcy9yKRd8f6yM64aP02Nt5KANOLe9ppdCLIRtq8%2FG2xc9vkJ%2BYYkcSm0NRXbK%2BuTpllhFfky9AzzA3pZKxsc%2FgvImA9NC1NMM3HvUMZEs8elzGHbjbqHcWtpwMI5WHnuIlyZ8oz6Q%3D%3D"}]}
Content-Encoding: gzip
CF-RAY: 9e4559b19ea1fd79-SIN
alt-svc: h3=":443"; ma=86400

{
    "token": "kQwPWCb7vKKWzQ8U"
}
  When User authenticates as user with username "admin" and password "password" # com.booking.stepDefinitions.LoginAPIStepDefinition.user_authenticates_as_user(java.lang.String,java.lang.String)
  Then API response status code should be 200                                   # com.booking.stepDefinitions.LoginAPIStepDefinition.API_response_status_code_should_be(int)
Authentication Token: kQwPWCb7vKKWzQ8U
Authentication Token: kQwPWCb7vKKWzQ8U
Authentication Token: kQwPWCb7vKKWzQ8U
Response Status Code: 200
  And Response should contain a valid authentication token                      # com.booking.stepDefinitions.LoginAPIStepDefinition.Response_should_contain_a_valid_authentication_token()

@createBooking @HotelBookingAPI @smoke @regression @positive @CreateBooking_1 @api
Scenario Outline: Create a booking with valid details                                  # src/test/resources/features/04_createBooking.feature:41
  When User enters search criteria with checkin "2025-07-17" and checkout "2025-07-18" # com.booking.stepDefinitions.E2EHotelBooking.User_enters_search_criteria_with_checkin_and_checkout(java.lang.String,java.lang.String)
Authentication Token: Cookie , token=kQwPWCb7vKKWzQ8U
requestBody: {firstname=Krishnan, bookingdates={checkin=2025-07-17, checkout=2025-07-18}, phone=07358480685, depositpaid=false, roomid=2881, email=suresh1@gmail.com, lastname=Krishnan}
Endpoint: reservation/2881?checkin=2025-07-17&checkout=2025-07-18
Spec: io.restassured.internal.RequestSpecificationImpl@4d484ec7
Request method:	POST
Request URI:	https://automationintesting.online/api/booking
Proxy:			<none>
Request params:	<none>
Query params:	<none>
Form params:	<none>
Path params:	<none>
Headers:		Accept=application/json, application/javascript, text/javascript, text/json
				Cookie=token=kQwPWCb7vKKWzQ8U
				Authorization=automationintesting.online
				Content-Type=application/json; charset=UTF-8
Cookies:		<none>
Multiparts:		<none>
Body:
{
    "firstname": "Krishnan",
    "bookingdates": {
        "checkin": "2025-07-17",
        "checkout": "2025-07-18"
    },
    "phone": "07358480685",
    "depositpaid": false,
    "roomid": 2881,
    "email": "suresh1@gmail.com",
    "lastname": "Krishnan"
}
HTTP/1.1 201 Created
Date: Mon, 30 Mar 2026 07:20:13 GMT
Content-Type: application/json
Transfer-Encoding: chunked
Connection: keep-alive
Server: cloudflare
vary: rsc, next-router-state-tree, next-router-prefetch, next-router-segment-prefetch
x-railway-edge: railway/asia-southeast1-eqsg3a
x-railway-request-id: BxFNy2qyQyKHpB6PDcO5xA
x-railway-cdn-edge: fastly/cache-sin-wsat1880097-SIN
x-cache: MISS
x-cache-hits: 0
x-served-by: cache-sin-wsat1880097-SIN
cf-cache-status: DYNAMIC
Nel: {"report_to":"cf-nel","success_fraction":0.0,"max_age":604800}
Report-To: {"group":"cf-nel","max_age":604800,"endpoints":[{"url":"https://a.nel.cloudflare.com/report/v4?s=nMZROYhoK53WdbpRy2IZCs6iHbDKhFS0YAQ19euS4q0I0URf%2FGGkX4dYhB5Zwu841X%2BOTA9PLdjzxoVc%2B%2BNMbBtAc1di4H3yTBMAQc8LZs5KgbgY6%2BFkYFfU%2B86%2FGs5bmmUxQkGvwRFVrA30mQ%3D%3D"}]}
CF-RAY: 9e4559b64c4dfda2-SIN
alt-svc: h3=":443"; ma=86400

{
    "bookingid": 4,
    "roomid": 2881,
    "firstname": "Krishnan",
    "lastname": "Krishnan",
    "depositpaid": false,
    "bookingdates": {
        "checkin": "2025-07-17",
        "checkout": "2025-07-18"
    }
}
  And User creates a new booking with following details and submits the booking:       # com.booking.stepDefinitions.E2EHotelBooking.User_creates_a_new_booking_with_following_details_and_submits_the_booking(io.cucumber.datatable.DataTable)
  Then API response status code should be 201 for booking creation                     # com.booking.stepDefinitions.E2EHotelBooking.API_response_status_code_should_be_for_booking_creation(int)
  And User should see booking confirmation page with booking ID displayed              # com.booking.stepDefinitions.E2EHotelBooking.User_should_see_booking_confirmation_page_with_booking_ID_displayed()
  And Booking should contain all submitted details                                     # com.booking.stepDefinitions.E2EHotelBooking.Booking_should_contain_all_submitted_details()

@createBooking @HotelBookingAPI @smoke @regression @positive @CreateBooking_1 @api
Scenario Outline: Create a booking with valid details                                  # src/test/resources/features/04_createBooking.feature:42
  When User enters search criteria with checkin "2025-08-01" and checkout "2025-08-05" # com.booking.stepDefinitions.E2EHotelBooking.User_enters_search_criteria_with_checkin_and_checkout(java.lang.String,java.lang.String)
Authentication Token: Cookie , token=kQwPWCb7vKKWzQ8U
requestBody: {firstname=John, bookingdates={checkin=2025-08-01, checkout=2025-08-05}, phone=+44123456789, depositpaid=true, roomid=2743, email=john.doe@example.com, lastname=Doe}
Endpoint: reservation/2743?checkin=2025-08-01&checkout=2025-08-05
Spec: io.restassured.internal.RequestSpecificationImpl@484f4aa5
Request method:	POST
Request URI:	https://automationintesting.online/api/booking
Proxy:			<none>
Request params:	<none>
Query params:	<none>
Form params:	<none>
Path params:	<none>
Headers:		Accept=application/json, application/javascript, text/javascript, text/json
				Cookie=token=kQwPWCb7vKKWzQ8U
				Authorization=automationintesting.online
				Content-Type=application/json; charset=UTF-8
Cookies:		<none>
Multiparts:		<none>
Body:
{
    "firstname": "John",
    "bookingdates": {
        "checkin": "2025-08-01",
        "checkout": "2025-08-05"
    },
    "phone": "+44123456789",
    "depositpaid": true,
    "roomid": 2743,
    "email": "john.doe@example.com",
    "lastname": "Doe"
}
HTTP/1.1 201 Created
Date: Mon, 30 Mar 2026 07:20:14 GMT
Content-Type: application/json
Transfer-Encoding: chunked
Connection: keep-alive
Server: cloudflare
vary: rsc, next-router-state-tree, next-router-prefetch, next-router-segment-prefetch
x-railway-edge: railway/asia-southeast1-eqsg3a
x-railway-request-id: 8Xo4E9GEQAyXWTgYDcO5xA
x-railway-cdn-edge: fastly/cache-sin-wsat1880033-SIN
x-cache: MISS
x-cache-hits: 0
x-served-by: cache-sin-wsat1880033-SIN
cf-cache-status: DYNAMIC
Nel: {"report_to":"cf-nel","success_fraction":0.0,"max_age":604800}
Report-To: {"group":"cf-nel","max_age":604800,"endpoints":[{"url":"https://a.nel.cloudflare.com/report/v4?s=TgMWlZ%2B%2FZO6%2FafAQaOLbodvF8hckQxJYH%2FJdsjcn7ftSYdqZtMRAgiT3%2F6EtvgbU2FuKcVFEgz3lYNQ7Z2ybjIVZjr58gnToto27JRR6gf2PVEXkERgk4hN3lwqe3eODV%2FPcx98YEqmzizgXyg%3D%3D"}]}
CF-RAY: 9e4559bc7c245ff0-SIN
alt-svc: h3=":443"; ma=86400

{
    "bookingid": 5,
    "roomid": 2743,
    "firstname": "John",
    "lastname": "Doe",
    "depositpaid": true,
    "bookingdates": {
        "checkin": "2025-08-01",
        "checkout": "2025-08-05"
    }
}
  And User creates a new booking with following details and submits the booking:       # com.booking.stepDefinitions.E2EHotelBooking.User_creates_a_new_booking_with_following_details_and_submits_the_booking(io.cucumber.datatable.DataTable)
  Then API response status code should be 201 for booking creation                     # com.booking.stepDefinitions.E2EHotelBooking.API_response_status_code_should_be_for_booking_creation(int)
  And User should see booking confirmation page with booking ID displayed              # com.booking.stepDefinitions.E2EHotelBooking.User_should_see_booking_confirmation_page_with_booking_ID_displayed()
  And Booking should contain all submitted details                                     # com.booking.stepDefinitions.E2EHotelBooking.Booking_should_contain_all_submitted_details()

@createBooking @HotelBookingAPI @regression @negative @CreateBooking_2 @api
Scenario Outline: Attempt to create a booking with missing/invalid required fields                # src/test/resources/features/04_createBooking.feature:63
  When User enters search criteria with checkin "2025-08-01" and checkout "2025-08-05"            # com.booking.stepDefinitions.E2EHotelBooking.User_enters_search_criteria_with_checkin_and_checkout(java.lang.String,java.lang.String)
Spec: io.restassured.internal.RequestSpecificationImpl@24dcd76b
Request method:	POST
Request URI:	https://automationintesting.online/api/booking
Proxy:			<none>
Request params:	<none>
Query params:	<none>
Form params:	<none>
Path params:	<none>
Headers:		Accept=application/json, application/javascript, text/javascript, text/json
				Cookie=token=kQwPWCb7vKKWzQ8U
				Authorization=automationintesting.online
				Content-Type=application/json; charset=UTF-8
Cookies:		<none>
Multiparts:		<none>
Body:
{
    "bookingdates": {
        "checkin": "2025-08-01",
        "checkout": "2025-08-05"
    },
    "phone": "+44123456789",
    "depositpaid": false,
    "roomid": 2281,
    "email": "john.doe@example.com",
    "lastname": "Doe"
}
HTTP/1.1 400 Bad Request
Date: Mon, 30 Mar 2026 07:20:14 GMT
Content-Type: application/json
Transfer-Encoding: chunked
Connection: keep-alive
Server: cloudflare
vary: rsc, next-router-state-tree, next-router-prefetch, next-router-segment-prefetch
x-railway-edge: railway/asia-southeast1-eqsg3a
x-railway-request-id: WfwX5vCvQlKMtilWoB_USg
x-railway-cdn-edge: fastly/cache-sin-wsap440043-SIN
x-cache: MISS
x-cache-hits: 0
x-served-by: cache-sin-wsap440043-SIN
cf-cache-status: DYNAMIC
Nel: {"report_to":"cf-nel","success_fraction":0.0,"max_age":604800}
Report-To: {"group":"cf-nel","max_age":604800,"endpoints":[{"url":"https://a.nel.cloudflare.com/report/v4?s=Rl%2Bwrv4UFZHsxCuIZ28tXCQcnfo%2F5VuCr%2Bg%2BiUBxPWqvYmsYkgv9pSQbBajauhLuGCw7azaEs02Nrh%2BS0RcrZ0NqOwX6tEfE1t7fRRcGcN0DARLvpzjDNGxjrLyEMtDObw97U7gUuDk3lu6JKw%3D%3D"}]}
CF-RAY: 9e4559c1df181e38-SIN
alt-svc: h3=":443"; ma=86400

{
    "errors": [
        "Firstname should not be blank"
    ]
}
  And User attempts to create a new booking with missing required fields:                         # com.booking.stepDefinitions.E2EHotelBooking.User_attempts_to_create_a_new_booking_with_missing_required_fields(io.cucumber.datatable.DataTable)
  Then API response status code should be 400 for bad request                                     # com.booking.stepDefinitions.E2EHotelBooking.API_response_status_code_should_be_for_bad_request(int)
  And User gets "Firstname should not be blank" error message for missing or invalid input fields # com.booking.stepDefinitions.E2EHotelBooking.User_gets_error_message_for_missing_or_invalid_input_fields(java.lang.String)

@createBooking @HotelBookingAPI @regression @negative @CreateBooking_2 @api
Scenario Outline: Attempt to create a booking with missing/invalid required fields               # src/test/resources/features/04_createBooking.feature:64
  When User enters search criteria with checkin "2025-08-01" and checkout "2025-08-05"           # com.booking.stepDefinitions.E2EHotelBooking.User_enters_search_criteria_with_checkin_and_checkout(java.lang.String,java.lang.String)
Spec: io.restassured.internal.RequestSpecificationImpl@1e4ccfa
Request method:	POST
Request URI:	https://automationintesting.online/api/booking
Proxy:			<none>
Request params:	<none>
Query params:	<none>
Form params:	<none>
Path params:	<none>
Headers:		Accept=application/json, application/javascript, text/javascript, text/json
				Cookie=token=kQwPWCb7vKKWzQ8U
				Authorization=automationintesting.online
				Content-Type=application/json; charset=UTF-8
Cookies:		<none>
Multiparts:		<none>
Body:
{
    "firstname": "John",
    "bookingdates": {
        "checkin": "2025-08-01",
        "checkout": "2025-08-05"
    },
    "phone": "+44123456789",
    "depositpaid": false,
    "roomid": 2104,
    "email": "john.doe@example.com"
}
HTTP/1.1 400 Bad Request
Date: Mon, 30 Mar 2026 07:20:15 GMT
Content-Type: application/json
Transfer-Encoding: chunked
Connection: keep-alive
Server: cloudflare
vary: rsc, next-router-state-tree, next-router-prefetch, next-router-segment-prefetch
x-railway-edge: railway/asia-southeast1-eqsg3a
x-railway-request-id: HUitEWFvToim8wQiacI7Nw
x-railway-cdn-edge: fastly/cache-sin-wsat1880097-SIN
x-cache: MISS
x-cache-hits: 0
x-served-by: cache-sin-wsat1880097-SIN
cf-cache-status: DYNAMIC
Nel: {"report_to":"cf-nel","success_fraction":0.0,"max_age":604800}
Report-To: {"group":"cf-nel","max_age":604800,"endpoints":[{"url":"https://a.nel.cloudflare.com/report/v4?s=1l7vx4uDD64VI2lgUCIm57LIoswCWo8L4MjGDl%2BAahrQ%2Br8b%2F5wY2t%2FyvzjznaYrZPAsHiOiZE4UwRb6Du6djIJ3tjgxxnwy02eMwPH2oFLMETrRs5Yc1mA3F3vT4%2BxOuoZecthfyDwGy5yK2w%3D%3D"}]}
CF-RAY: 9e4559c54de7fd9b-SIN
alt-svc: h3=":443"; ma=86400

{
    "errors": [
        "Lastname should not be blank"
    ]
}
  And User attempts to create a new booking with missing required fields:                        # com.booking.stepDefinitions.E2EHotelBooking.User_attempts_to_create_a_new_booking_with_missing_required_fields(io.cucumber.datatable.DataTable)
  Then API response status code should be 400 for bad request                                    # com.booking.stepDefinitions.E2EHotelBooking.API_response_status_code_should_be_for_bad_request(int)
  And User gets "Lastname should not be blank" error message for missing or invalid input fields # com.booking.stepDefinitions.E2EHotelBooking.User_gets_error_message_for_missing_or_invalid_input_fields(java.lang.String)

@createBooking @HotelBookingAPI @regression @negative @CreateBooking_2 @api
Scenario Outline: Attempt to create a booking with missing/invalid required fields                      # src/test/resources/features/04_createBooking.feature:65
  When User enters search criteria with checkin "2025-08-01" and checkout "2025-08-05"                  # com.booking.stepDefinitions.E2EHotelBooking.User_enters_search_criteria_with_checkin_and_checkout(java.lang.String,java.lang.String)
Spec: io.restassured.internal.RequestSpecificationImpl@53d7f358
Request method:	POST
Request URI:	https://automationintesting.online/api/booking
Proxy:			<none>
Request params:	<none>
Query params:	<none>
Form params:	<none>
Path params:	<none>
Headers:		Accept=application/json, application/javascript, text/javascript, text/json
				Cookie=token=kQwPWCb7vKKWzQ8U
				Authorization=automationintesting.online
				Content-Type=application/json; charset=UTF-8
Cookies:		<none>
Multiparts:		<none>
Body:
{
    "firstname": "John",
    "bookingdates": {
        "checkin": "2025-08-01",
        "checkout": "2025-08-05"
    },
    "phone": "+44123456789",
    "depositpaid": false,
    "roomid": 2614,
    "lastname": "Doe"
}
HTTP/1.1 201 Created
Date: Mon, 30 Mar 2026 07:20:16 GMT
Content-Type: application/json
Transfer-Encoding: chunked
Connection: keep-alive
Server: cloudflare
vary: rsc, next-router-state-tree, next-router-prefetch, next-router-segment-prefetch
x-railway-edge: railway/asia-southeast1-eqsg3a
x-railway-request-id: UEFIPaMjRYG5eCT3V7rehQ
x-railway-cdn-edge: fastly/cache-sin-wsap440079-SIN
x-cache: MISS
x-cache-hits: 0
x-served-by: cache-sin-wsap440079-SIN
cf-cache-status: DYNAMIC
Nel: {"report_to":"cf-nel","success_fraction":0.0,"max_age":604800}
Report-To: {"group":"cf-nel","max_age":604800,"endpoints":[{"url":"https://a.nel.cloudflare.com/report/v4?s=ToLbKu7FV54y1jM5%2FZwkELKjGRnAkiDX1sIDjNCr10uRTZMUREbPZG%2FkNeXTPFM25C35rZEGZWTuU%2BjDsChrmZsDBXwVODeqnC1NOcDraGIKiB4IzmcVv8GBygLDTUt7YxnDCPcKcXUZ9AqnFw%3D%3D"}]}
CF-RAY: 9e4559ca6968b403-SIN
alt-svc: h3=":443"; ma=86400

{
    "bookingid": 6,
    "roomid": 2614,
    "firstname": "John",
    "lastname": "Doe",
    "depositpaid": false,
    "bookingdates": {
        "checkin": "2025-08-01",
        "checkout": "2025-08-05"
    }
}
  And User attempts to create a new booking with missing required fields:                               # com.booking.stepDefinitions.E2EHotelBooking.User_attempts_to_create_a_new_booking_with_missing_required_fields(io.cucumber.datatable.DataTable)
  Then API response status code should be 400 for bad request                                           # com.booking.stepDefinitions.E2EHotelBooking.API_response_status_code_should_be_for_bad_request(int)
      java.lang.AssertionError: Expected status code 400 for bad request, but got: 201 Body: {"bookingid":6,"roomid":2614,"firstname":"John","lastname":"Doe","depositpaid":false,"bookingdates":{"checkin":"2025-08-01","checkout":"2025-08-05"}} expected [400] but found [201]
	at org.testng.Assert.fail(Assert.java:99)
	at org.testng.Assert.failNotEquals(Assert.java:1037)
	at org.testng.Assert.assertEqualsImpl(Assert.java:140)
	at org.testng.Assert.assertEquals(Assert.java:122)
	at org.testng.Assert.assertEquals(Assert.java:907)
	at com.booking.stepDefinitions.E2EHotelBooking.API_response_status_code_should_be_for_bad_request(E2EHotelBooking.java:437)
	at Γ£╜.API response status code should be 400 for bad request(file:///D:/Joshiba/Kata_Cucumber_Project/api_hotel_booking/src/test/resources/features/04_createBooking.feature:58)

  And User gets "must be a well-formed email address" error message for missing or invalid input fields # com.booking.stepDefinitions.E2EHotelBooking.User_gets_error_message_for_missing_or_invalid_input_fields(java.lang.String)

@createBooking @HotelBookingAPI @regression @negative @CreateBooking_2 @api
Scenario Outline: Attempt to create a booking with missing/invalid required fields     # src/test/resources/features/04_createBooking.feature:66
  When User enters search criteria with checkin "2025-08-01" and checkout "2025-08-05" # com.booking.stepDefinitions.E2EHotelBooking.User_enters_search_criteria_with_checkin_and_checkout(java.lang.String,java.lang.String)
Spec: io.restassured.internal.RequestSpecificationImpl@22445e3b
Request method:	POST
Request URI:	https://automationintesting.online/api/booking
Proxy:			<none>
Request params:	<none>
Query params:	<none>
Form params:	<none>
Path params:	<none>
Headers:		Accept=application/json, application/javascript, text/javascript, text/json
				Cookie=token=kQwPWCb7vKKWzQ8U
				Authorization=automationintesting.online
				Content-Type=application/json; charset=UTF-8
Cookies:		<none>
Multiparts:		<none>
Body:
{
    "firstname": "John",
    "bookingdates": {
        "checkin": "2025-08-01",
        "checkout": "2025-08-05"
    },
    "depositpaid": false,
    "roomid": 2041,
    "email": "john.doe@example.com",
    "lastname": "Doe"
}
HTTP/1.1 201 Created
Date: Mon, 30 Mar 2026 07:20:16 GMT
Content-Type: application/json
Transfer-Encoding: chunked
Connection: keep-alive
Server: cloudflare
vary: rsc, next-router-state-tree, next-router-prefetch, next-router-segment-prefetch
x-railway-edge: railway/asia-southeast1-eqsg3a
x-railway-request-id: 3tk-rwZVQruyZJ7c-8Y8hA
x-railway-cdn-edge: fastly/cache-sin-wsat1880034-SIN
x-cache: MISS
x-cache-hits: 0
x-served-by: cache-sin-wsat1880034-SIN
cf-cache-status: DYNAMIC
Nel: {"report_to":"cf-nel","success_fraction":0.0,"max_age":604800}
Report-To: {"group":"cf-nel","max_age":604800,"endpoints":[{"url":"https://a.nel.cloudflare.com/report/v4?s=F39nRvYkSv%2B5ZyY8mHzQnomkpZ92EuNLGhGmaorGuHcBuxHMGMbI1vFBIqkmNE6pUxTsMm1jDjxegcZz5hIPEa6uVHHERiGPaQpHweQorHGWh5SDqUTCuKm9dnH9Bbg3Aur0LzeNVnTXXm2BZQ%3D%3D"}]}
CF-RAY: 9e4559cdbe55fd37-SIN
alt-svc: h3=":443"; ma=86400

{
    "bookingid": 7,
    "roomid": 2041,
    "firstname": "John",
    "lastname": "Doe",
    "depositpaid": false,
    "bookingdates": {
        "checkin": "2025-08-01",
        "checkout": "2025-08-05"
    }
}
  And User attempts to create a new booking with missing required fields:              # com.booking.stepDefinitions.E2EHotelBooking.User_attempts_to_create_a_new_booking_with_missing_required_fields(io.cucumber.datatable.DataTable)
  Then API response status code should be 400 for bad request                          # com.booking.stepDefinitions.E2EHotelBooking.API_response_status_code_should_be_for_bad_request(int)
      java.lang.AssertionError: Expected status code 400 for bad request, but got: 201 Body: {"bookingid":7,"roomid":2041,"firstname":"John","lastname":"Doe","depositpaid":false,"bookingdates":{"checkin":"2025-08-01","checkout":"2025-08-05"}} expected [400] but found [201]
	at org.testng.Assert.fail(Assert.java:99)
	at org.testng.Assert.failNotEquals(Assert.java:1037)
	at org.testng.Assert.assertEqualsImpl(Assert.java:140)
	at org.testng.Assert.assertEquals(Assert.java:122)
	at org.testng.Assert.assertEquals(Assert.java:907)
	at com.booking.stepDefinitions.E2EHotelBooking.API_response_status_code_should_be_for_bad_request(E2EHotelBooking.java:437)
	at Γ£╜.API response status code should be 400 for bad request(file:///D:/Joshiba/Kata_Cucumber_Project/api_hotel_booking/src/test/resources/features/04_createBooking.feature:58)

  And User gets "must not be empty" error message for missing or invalid input fields  # com.booking.stepDefinitions.E2EHotelBooking.User_gets_error_message_for_missing_or_invalid_input_fields(java.lang.String)

@createBooking @HotelBookingAPI @regression @negative @CreateBooking_2 @api
Scenario Outline: Attempt to create a booking with missing/invalid required fields                 # src/test/resources/features/04_createBooking.feature:67
  When User enters search criteria with checkin "2025-08-01" and checkout "2025-08-05"             # com.booking.stepDefinitions.E2EHotelBooking.User_enters_search_criteria_with_checkin_and_checkout(java.lang.String,java.lang.String)
Spec: io.restassured.internal.RequestSpecificationImpl@6032b2a9
Request method:	POST
Request URI:	https://automationintesting.online/api/booking
Proxy:			<none>
Request params:	<none>
Query params:	<none>
Form params:	<none>
Path params:	<none>
Headers:		Accept=application/json, application/javascript, text/javascript, text/json
				Cookie=token=kQwPWCb7vKKWzQ8U
				Authorization=automationintesting.online
				Content-Type=application/json; charset=UTF-8
Cookies:		<none>
Multiparts:		<none>
Body:
{
    "firstname": "John",
    "bookingdates": {
        "checkin": "2025-08-01",
        "checkout": "2025-08-05"
    },
    "phone": "+232323",
    "depositpaid": false,
    "roomid": 2218,
    "email": "john.doe@example.com",
    "lastname": "Doe"
}
HTTP/1.1 400 Bad Request
Date: Mon, 30 Mar 2026 07:20:17 GMT
Content-Type: application/json
Transfer-Encoding: chunked
Connection: keep-alive
Server: cloudflare
vary: rsc, next-router-state-tree, next-router-prefetch, next-router-segment-prefetch
x-railway-edge: railway/asia-southeast1-eqsg3a
x-railway-request-id: qLF0KqFUT0K7vgWxAQeqjw
x-railway-cdn-edge: fastly/cache-sin-wsat1880079-SIN
x-cache: MISS
x-cache-hits: 0
x-served-by: cache-sin-wsat1880079-SIN
cf-cache-status: DYNAMIC
Nel: {"report_to":"cf-nel","success_fraction":0.0,"max_age":604800}
Report-To: {"group":"cf-nel","max_age":604800,"endpoints":[{"url":"https://a.nel.cloudflare.com/report/v4?s=aCGUcORPGLPmh8RuRhbWZuZo3%2BJhDYoS0%2BEahr5UfE9GFcTEjsPWo3JNVwfNWIyrQnf0mxAhxuYtW033oE%2BALFys4kYnznGqNSGb6aLD37PdmHL%2BJOc7Y5IK8tn7TIaizbS2DxYBYRc9EX6Oig%3D%3D"}]}
CF-RAY: 9e4559d2a9715900-SIN
alt-svc: h3=":443"; ma=86400

{
    "errors": [
        "size must be between 11 and 21"
    ]
}
  And User attempts to create a new booking with missing required fields:                          # com.booking.stepDefinitions.E2EHotelBooking.User_attempts_to_create_a_new_booking_with_missing_required_fields(io.cucumber.datatable.DataTable)
  Then API response status code should be 400 for bad request                                      # com.booking.stepDefinitions.E2EHotelBooking.API_response_status_code_should_be_for_bad_request(int)
  And User gets "size must be between 11 and 21" error message for missing or invalid input fields # com.booking.stepDefinitions.E2EHotelBooking.User_gets_error_message_for_missing_or_invalid_input_fields(java.lang.String)

@createBooking @HotelBookingAPI @regression @negative @CreateBooking_2 @api
Scenario Outline: Attempt to create a booking with missing/invalid required fields                      # src/test/resources/features/04_createBooking.feature:68
  When User enters search criteria with checkin "2025-08-01" and checkout "2025-08-05"                  # com.booking.stepDefinitions.E2EHotelBooking.User_enters_search_criteria_with_checkin_and_checkout(java.lang.String,java.lang.String)
Spec: io.restassured.internal.RequestSpecificationImpl@d84abe4
Request method:	POST
Request URI:	https://automationintesting.online/api/booking
Proxy:			<none>
Request params:	<none>
Query params:	<none>
Form params:	<none>
Path params:	<none>
Headers:		Accept=application/json, application/javascript, text/javascript, text/json
				Cookie=token=kQwPWCb7vKKWzQ8U
				Authorization=automationintesting.online
				Content-Type=application/json; charset=UTF-8
Cookies:		<none>
Multiparts:		<none>
Body:
{
    "firstname": "John",
    "bookingdates": {
        "checkin": "2025-08-01",
        "checkout": "2025-08-05"
    },
    "phone": "+44123456789",
    "depositpaid": false,
    "roomid": 2151,
    "email": "invalid-email",
    "lastname": "Doe"
}
HTTP/1.1 400 Bad Request
Date: Mon, 30 Mar 2026 07:20:18 GMT
Content-Type: application/json
Transfer-Encoding: chunked
Connection: keep-alive
Server: cloudflare
vary: rsc, next-router-state-tree, next-router-prefetch, next-router-segment-prefetch
x-railway-edge: railway/asia-southeast1-eqsg3a
x-railway-request-id: L8SX9AxaQK-ijlL0VOLIQQ
x-railway-cdn-edge: fastly/cache-sin-wsat1880062-SIN
x-cache: MISS
x-cache-hits: 0
x-served-by: cache-sin-wsat1880062-SIN
cf-cache-status: DYNAMIC
Nel: {"report_to":"cf-nel","success_fraction":0.0,"max_age":604800}
Report-To: {"group":"cf-nel","max_age":604800,"endpoints":[{"url":"https://a.nel.cloudflare.com/report/v4?s=l%2FkXkWtJqVsb6kV3UbR79moHnpVRjDBfFBlYTnOitftZK6jxE8LfrnlTXVt7Y50TmCvRUExadR61XxCaqBy%2F0EFTSpCm%2BhRLO3se4YMI%2FRrClRnwgCtyxdsWHySyawDC%2FMGzrFXozxrlRnSw7Q%3D%3D"}]}
CF-RAY: 9e4559d65b6a55ec-SIN
alt-svc: h3=":443"; ma=86400

{
    "errors": [
        "must be a well-formed email address"
    ]
}
  And User attempts to create a new booking with missing required fields:                               # com.booking.stepDefinitions.E2EHotelBooking.User_attempts_to_create_a_new_booking_with_missing_required_fields(io.cucumber.datatable.DataTable)
  Then API response status code should be 400 for bad request                                           # com.booking.stepDefinitions.E2EHotelBooking.API_response_status_code_should_be_for_bad_request(int)
  And User gets "must be a well-formed email address" error message for missing or invalid input fields # com.booking.stepDefinitions.E2EHotelBooking.User_gets_error_message_for_missing_or_invalid_input_fields(java.lang.String)

@updateBookingDetails @HotelBookingAPI @e2e @smoke @regression @positive @E2E_1 @api
Scenario Outline: Complete happy path - Create, Update, and Verify Booking Details     # src/test/resources/features/05_updateBookingDetails.feature:50
Request method:	POST
Request URI:	https://automationintesting.online/api/auth/login
Proxy:			<none>
Request params:	<none>
Query params:	<none>
Form params:	<none>
Path params:	<none>
Headers:		Accept=application/json, application/javascript, text/javascript, text/json
				Content-Type=application/json; charset=UTF-8
Cookies:		<none>
Multiparts:		<none>
Body:
{
    "password": "password",
    "username": "admin"
}
HTTP/1.1 200 OK
Date: Mon, 30 Mar 2026 07:20:18 GMT
Content-Type: application/json
Transfer-Encoding: chunked
Connection: keep-alive
Server: cloudflare
vary: rsc, next-router-state-tree, next-router-prefetch, next-router-segment-prefetch
x-railway-edge: railway/asia-southeast1-eqsg3a
x-railway-request-id: mf0pgRnvRaW9aVWEV7rehQ
x-railway-cdn-edge: fastly/cache-sin-wsap440036-SIN
x-cache: MISS
x-cache-hits: 0
x-served-by: cache-sin-wsap440036-SIN
cf-cache-status: DYNAMIC
Nel: {"report_to":"cf-nel","success_fraction":0.0,"max_age":604800}
Report-To: {"group":"cf-nel","max_age":604800,"endpoints":[{"url":"https://a.nel.cloudflare.com/report/v4?s=QEPCmCfOAs6NGB0ZTqS8gkF1cY%2FD2z1GYNS85Krr%2FqTvgqCEKjJpicrYP6A%2Bese9lJRCDHOW7Sb1cJEbo1l%2BWp9R4vuRFUpWQ6iz47bASfSphV1EjjK4UM5R%2BYszTnYfF6DXwNKoIAwAhlmTJw%3D%3D"}]}
Content-Encoding: gzip
CF-RAY: 9e4559dcf8cda084-SIN
alt-svc: h3=":443"; ma=86400

{
    "token": "3rkMafCBQ9WRtjZ6"
}
  When User authenticates as user credentials:                                         # com.booking.stepDefinitions.E2EHotelBooking.User_authenticates_as_admin_credentials(io.cucumber.datatable.DataTable)
  And User stores the authentication token                                             # com.booking.stepDefinitions.E2EHotelBooking.User_stores_the_authentication_token()
  Then API response status code for E2E should be 200                                  # com.booking.stepDefinitions.E2EHotelBooking.API_response_status_code_for_E_E_should_be(int)
  When User enters search criteria with checkin "2025-12-12" and checkout "2025-12-13" # com.booking.stepDefinitions.E2EHotelBooking.User_enters_search_criteria_with_checkin_and_checkout(java.lang.String,java.lang.String)
Authentication Token: Cookie , token=3rkMafCBQ9WRtjZ6
requestBody: {firstname=Juan, bookingdates={checkin=2025-12-12, checkout=2025-12-13}, phone=07358480685, depositpaid=false, roomid=2664, email=juan@example.com, lastname=Jeff}
Endpoint: reservation/2664?checkin=2025-12-12&checkout=2025-12-13
Spec: io.restassured.internal.RequestSpecificationImpl@37aad33c
Request method:	POST
Request URI:	https://automationintesting.online/api/booking
Proxy:			<none>
Request params:	<none>
Query params:	<none>
Form params:	<none>
Path params:	<none>
Headers:		Accept=application/json, application/javascript, text/javascript, text/json
				Cookie=token=3rkMafCBQ9WRtjZ6
				Authorization=automationintesting.online
				Content-Type=application/json; charset=UTF-8
Cookies:		<none>
Multiparts:		<none>
Body:
{
    "firstname": "Juan",
    "bookingdates": {
        "checkin": "2025-12-12",
        "checkout": "2025-12-13"
    },
    "phone": "07358480685",
    "depositpaid": false,
    "roomid": 2664,
    "email": "juan@example.com",
    "lastname": "Jeff"
}
HTTP/1.1 201 Created
Date: Mon, 30 Mar 2026 07:20:19 GMT
Content-Type: application/json
Transfer-Encoding: chunked
Connection: keep-alive
Server: cloudflare
vary: rsc, next-router-state-tree, next-router-prefetch, next-router-segment-prefetch
x-railway-edge: railway/asia-southeast1-eqsg3a
x-railway-request-id: eQ-ubFOHRfKZ7DB8ipRofQ
x-railway-cdn-edge: fastly/cache-sin-wsat1880088-SIN
x-cache: MISS
x-cache-hits: 0
x-served-by: cache-sin-wsat1880088-SIN
cf-cache-status: DYNAMIC
Nel: {"report_to":"cf-nel","success_fraction":0.0,"max_age":604800}
Report-To: {"group":"cf-nel","max_age":604800,"endpoints":[{"url":"https://a.nel.cloudflare.com/report/v4?s=lWLTuDXOvAIA8yhVvrxxEyNmAnFp%2Fq2P9cnUnRzxzzhyFQHJglPp%2BaDl0M4dMpHl2DYGuoVdtZ6UUGSDskI7WSPozYZM%2FTgAvlI%2Bihuk2aQWGNMJyMQzGlTRbZcdS28BoYZ3HSErFM6%2BvJVndg%3D%3D"}]}
CF-RAY: 9e4559df7c60cdee-SIN
alt-svc: h3=":443"; ma=86400

{
    "bookingid": 8,
    "roomid": 2664,
    "firstname": "Juan",
    "lastname": "Jeff",
    "depositpaid": false,
    "bookingdates": {
        "checkin": "2025-12-12",
        "checkout": "2025-12-13"
    }
}
  And User creates a new booking with following details and submits the booking:       # com.booking.stepDefinitions.E2EHotelBooking.User_creates_a_new_booking_with_following_details_and_submits_the_booking(io.cucumber.datatable.DataTable)
  Then API response status code should be 201 for booking creation                     # com.booking.stepDefinitions.E2EHotelBooking.API_response_status_code_should_be_for_booking_creation(int)
  And User should see booking confirmation page with booking ID displayed              # com.booking.stepDefinitions.E2EHotelBooking.User_should_see_booking_confirmation_page_with_booking_ID_displayed()
{firstname=Josh, depositpaid=false, bookingid=8, roomid=6, lastname=Juan}
Spec: io.restassured.internal.RequestSpecificationImpl@f39371f
Request method:	PUT
Request URI:	https://automationintesting.online/api/booking/8
Proxy:			<none>
Request params:	<none>
Query params:	<none>
Form params:	<none>
Path params:	<none>
Headers:		Accept=application/json, application/javascript, text/javascript, text/json
				Cookie=token=3rkMafCBQ9WRtjZ6
				Authorization=automationintesting.online
				Content-Type=application/json; charset=UTF-8
Cookies:		<none>
Multiparts:		<none>
Body:
{
    "firstname": "Josh",
    "bookingdates": {
        "checkin": "2026-03-11",
        "checkout": "2026-03-12"
    },
    "depositpaid": false,
    "bookingid": 8,
    "roomid": 6,
    "lastname": "Juan"
}
HTTP/1.1 200 OK
Date: Mon, 30 Mar 2026 07:20:20 GMT
Content-Type: application/json
Transfer-Encoding: chunked
Connection: keep-alive
Server: cloudflare
vary: rsc, next-router-state-tree, next-router-prefetch, next-router-segment-prefetch
x-railway-edge: railway/asia-southeast1-eqsg3a
x-railway-request-id: wLenHJndTm6uDMTz-8Y8hA
x-railway-cdn-edge: fastly/cache-sin-wsat1880088-SIN
x-cache: MISS
x-cache-hits: 0
x-served-by: cache-sin-wsat1880088-SIN
cf-cache-status: DYNAMIC
Nel: {"report_to":"cf-nel","success_fraction":0.0,"max_age":604800}
Report-To: {"group":"cf-nel","max_age":604800,"endpoints":[{"url":"https://a.nel.cloudflare.com/report/v4?s=gDUx%2FCNaDR5wSKWLZg0n9ARXkuskpC1%2FYQhHcgsUPF1MK1E90u13LeNCTuG4Z3d8z6Ccnsh8IQ7g7toQmGCyZBjQiSjwyPmNc3YQyBGs2JfIPkDjEr0kuPUKpTXZTXhMBACQYlff3b61AwkehA%3D%3D"}]}
Content-Encoding: gzip
CF-RAY: 9e4559e31891ce3b-SIN
alt-svc: h3=":443"; ma=86400

{
    "success": true
}
  When User attempts to update booking ID with following details:                      # com.booking.stepDefinitions.E2EHotelBooking.User_attempts_to_update_booking_ID_with_following_details(io.cucumber.datatable.DataTable)
  Then Booking update should be successful with status 200                             # com.booking.stepDefinitions.E2EHotelBooking.Booking_update_should_be_successful_with_status(int)
{"success":true}
  And Updated booking details should be reflected in system                            # com.booking.stepDefinitions.E2EHotelBooking.Updated_booking_details_should_be_reflected_in_system()
Request method:	GET
Request URI:	https://automationintesting.online/api/booking/8
Proxy:			<none>
Request params:	<none>
Query params:	<none>
Form params:	<none>
Path params:	<none>
Headers:		Accept=application/json, application/javascript, text/javascript, text/json
				Authorization=Bearer 3rkMafCBQ9WRtjZ6
				Cookie=token=3rkMafCBQ9WRtjZ6
				Content-Type=application/json; charset=UTF-8
Cookies:		<none>
Multiparts:		<none>
Body:			<none>
HTTP/1.1 200 OK
Date: Mon, 30 Mar 2026 07:20:21 GMT
Content-Type: application/json
Transfer-Encoding: chunked
Connection: keep-alive
Server: cloudflare
vary: rsc, next-router-state-tree, next-router-prefetch, next-router-segment-prefetch
x-railway-edge: railway/asia-southeast1-eqsg3a
x-railway-request-id: NtPeq_xXScuqALPtAXC71g
x-railway-cdn-edge: fastly/cache-sin-wsat1880037-SIN
x-cache: MISS
x-cache-hits: 0
x-served-by: cache-sin-wsat1880037-SIN
cf-cache-status: DYNAMIC
Nel: {"report_to":"cf-nel","success_fraction":0.0,"max_age":604800}
Report-To: {"group":"cf-nel","max_age":604800,"endpoints":[{"url":"https://a.nel.cloudflare.com/report/v4?s=jrmiV0%2BBhhv97XrLaK0y%2Fa%2BVDo98VjqyrYIIJMaxfzY4ECxUFGiI%2BUYkfv1cKeeuizHxRobDhT%2Fs%2FAGyYHz6sQvFHkcluThLD%2BrJjpmpIsuWl4Ynp3w0KjMSRjAkujrpAHgmAQGLAK5a3dlsvQ%3D%3D"}]}
Content-Encoding: gzip
CF-RAY: 9e4559e73bd8a5ca-SIN
alt-svc: h3=":443"; ma=86400

{
    "bookingid": 8,
    "roomid": 2664,
    "firstname": "Josh",
    "lastname": "Juan",
    "depositpaid": false,
    "bookingdates": {
        "checkin": "2026-03-11",
        "checkout": "2026-03-12"
    }
}
  When User retrieves booking details using stored booking ID via API                  # com.booking.stepDefinitions.E2EHotelBooking.User_retrieves_booking_details_using_stored_booking_ID_via_API()
  Then API response should contain updated booking details with status code 200        # com.booking.stepDefinitions.E2EHotelBooking.API_response_should_contain_updated_booking_details_with_status_code(int)

@cancelBooking @HotelBookingAPI @smoke @api @regression @positive @CB_1
Scenario Outline: Complete happy path - Create, Book, and Receive Confirmation         # src/test/resources/features/06_cancelBooking.feature:46
Request method:	POST
Request URI:	https://automationintesting.online/api/auth/login
Proxy:			<none>
Request params:	<none>
Query params:	<none>
Form params:	<none>
Path params:	<none>
Headers:		Accept=application/json, application/javascript, text/javascript, text/json
				Content-Type=application/json; charset=UTF-8
Cookies:		<none>
Multiparts:		<none>
Body:
{
    "password": "password",
    "username": "admin"
}
HTTP/1.1 200 OK
Date: Mon, 30 Mar 2026 07:20:21 GMT
Content-Type: application/json
Transfer-Encoding: chunked
Connection: keep-alive
Server: cloudflare
vary: rsc, next-router-state-tree, next-router-prefetch, next-router-segment-prefetch
x-railway-edge: railway/asia-southeast1-eqsg3a
x-railway-request-id: CR0YpSHdRs-QapfGJH0Vcg
x-railway-cdn-edge: fastly/cache-sin-wsat1880033-SIN
x-cache: MISS
x-cache-hits: 0
x-served-by: cache-sin-wsat1880033-SIN
cf-cache-status: DYNAMIC
Nel: {"report_to":"cf-nel","success_fraction":0.0,"max_age":604800}
Report-To: {"group":"cf-nel","max_age":604800,"endpoints":[{"url":"https://a.nel.cloudflare.com/report/v4?s=yt%2FZ%2BBuSnn3bQQLXp%2BJJa1ZMHBxJ9j9aO5PWC0U2jvdFIyRIRPZaz7etU9hv1YqXwbJUsMeSDGxTvUhDjurbB9ZEkFd7cwvx6EJZFilurWSMyCyASdRUUp1AkiYIAhghdzwpjRXvyWYwE0AtUQ%3D%3D"}]}
Content-Encoding: gzip
CF-RAY: 9e4559ed7dca5ff3-SIN
alt-svc: h3=":443"; ma=86400

{
    "token": "Beo9teI6GiLRoYRN"
}
  When User authenticates as user credentials:                                         # com.booking.stepDefinitions.E2EHotelBooking.User_authenticates_as_admin_credentials(io.cucumber.datatable.DataTable)
  And User stores the authentication token                                             # com.booking.stepDefinitions.E2EHotelBooking.User_stores_the_authentication_token()
  Then API response status code for E2E should be 200                                  # com.booking.stepDefinitions.E2EHotelBooking.API_response_status_code_for_E_E_should_be(int)
  When User enters search criteria with checkin "2025-12-19" and checkout "2025-12-21" # com.booking.stepDefinitions.E2EHotelBooking.User_enters_search_criteria_with_checkin_and_checkout(java.lang.String,java.lang.String)
Authentication Token: Cookie , token=Beo9teI6GiLRoYRN
requestBody: {firstname=Josh, bookingdates={checkin=2025-12-19, checkout=2025-12-21}, phone=07358480685, depositpaid=false, roomid=2602, email=josh@example.com, lastname=Mike}
Endpoint: reservation/2602?checkin=2025-12-19&checkout=2025-12-21
Spec: io.restassured.internal.RequestSpecificationImpl@6b2781ea
Request method:	POST
Request URI:	https://automationintesting.online/api/booking
Proxy:			<none>
Request params:	<none>
Query params:	<none>
Form params:	<none>
Path params:	<none>
Headers:		Accept=application/json, application/javascript, text/javascript, text/json
				Cookie=token=Beo9teI6GiLRoYRN
				Authorization=automationintesting.online
				Content-Type=application/json; charset=UTF-8
Cookies:		<none>
Multiparts:		<none>
Body:
{
    "firstname": "Josh",
    "bookingdates": {
        "checkin": "2025-12-19",
        "checkout": "2025-12-21"
    },
    "phone": "07358480685",
    "depositpaid": false,
    "roomid": 2602,
    "email": "josh@example.com",
    "lastname": "Mike"
}
HTTP/1.1 201 Created
Date: Mon, 30 Mar 2026 07:20:22 GMT
Content-Type: application/json
Transfer-Encoding: chunked
Connection: keep-alive
Server: cloudflare
vary: rsc, next-router-state-tree, next-router-prefetch, next-router-segment-prefetch
x-railway-edge: railway/asia-southeast1-eqsg3a
x-railway-request-id: TiXOLyzqRN6u0ZpNAXC71g
x-railway-cdn-edge: fastly/cache-sin-wsat1880033-SIN
x-cache: MISS
x-cache-hits: 0
x-served-by: cache-sin-wsat1880033-SIN
cf-cache-status: DYNAMIC
Nel: {"report_to":"cf-nel","success_fraction":0.0,"max_age":604800}
Report-To: {"group":"cf-nel","max_age":604800,"endpoints":[{"url":"https://a.nel.cloudflare.com/report/v4?s=HuKLzQxrTiWUbrNM8vlRidPu64K6wZ%2B09wRj6lrbjmc3SyShRom6GO7fSkml%2FTIxqo33iQOyPa4tTFDFeAi4F%2FNUWigbax7235uFRaeFVEuG0whwoq7F%2BLqoVxyHfkhSLbsfTh6PNCNdvFnHOw%3D%3D"}]}
CF-RAY: 9e4559f0da6a6023-SIN
alt-svc: h3=":443"; ma=86400

{
    "bookingid": 9,
    "roomid": 2602,
    "firstname": "Josh",
    "lastname": "Mike",
    "depositpaid": false,
    "bookingdates": {
        "checkin": "2025-12-19",
        "checkout": "2025-12-21"
    }
}
  And User creates a new booking with following details and submits the booking:       # com.booking.stepDefinitions.E2EHotelBooking.User_creates_a_new_booking_with_following_details_and_submits_the_booking(io.cucumber.datatable.DataTable)
  Then API response status code should be 201 for booking creation                     # com.booking.stepDefinitions.E2EHotelBooking.API_response_status_code_should_be_for_booking_creation(int)
  And User should see booking confirmation page with booking ID displayed              # com.booking.stepDefinitions.E2EHotelBooking.User_should_see_booking_confirmation_page_with_booking_ID_displayed()
Request method:	GET
Request URI:	https://automationintesting.online/api/booking/9
Proxy:			<none>
Request params:	<none>
Query params:	<none>
Form params:	<none>
Path params:	<none>
Headers:		Accept=application/json, application/javascript, text/javascript, text/json
				Authorization=Bearer Beo9teI6GiLRoYRN
				Cookie=token=Beo9teI6GiLRoYRN
				Content-Type=application/json; charset=UTF-8
Cookies:		<none>
Multiparts:		<none>
Body:			<none>
HTTP/1.1 200 OK
Date: Mon, 30 Mar 2026 07:20:23 GMT
Content-Type: application/json
Transfer-Encoding: chunked
Connection: keep-alive
Server: cloudflare
vary: rsc, next-router-state-tree, next-router-prefetch, next-router-segment-prefetch
x-railway-edge: railway/asia-southeast1-eqsg3a
x-railway-request-id: vDrdc26vQiOYS01racI7Nw
x-railway-cdn-edge: fastly/cache-sin-wsap440085-SIN
x-cache: MISS
x-cache-hits: 0
x-served-by: cache-sin-wsap440085-SIN
cf-cache-status: DYNAMIC
Nel: {"report_to":"cf-nel","success_fraction":0.0,"max_age":604800}
Report-To: {"group":"cf-nel","max_age":604800,"endpoints":[{"url":"https://a.nel.cloudflare.com/report/v4?s=L%2BDyWoFt6dEYy0PwObGWRzvdhyS2fcxmUY5DdohOeWCnVn7OXerN6qD22OUCDXwDevHnicnSU1WYPTWMZDos%2BHzptOwu9DcHs8hWAE1HMUPhtwQtVFVaglOipNaDsq9VTzbIo%2BuclqqvP8vv8Q%3D%3D"}]}
Content-Encoding: gzip
CF-RAY: 9e4559f7dbd48342-SIN
alt-svc: h3=":443"; ma=86400

{
    "bookingid": 9,
    "roomid": 2602,
    "firstname": "Josh",
    "lastname": "Mike",
    "depositpaid": false,
    "bookingdates": {
        "checkin": "2025-12-19",
        "checkout": "2025-12-21"
    }
}
  When User retrieves booking details using stored booking ID via API                  # com.booking.stepDefinitions.E2EHotelBooking.User_retrieves_booking_details_using_stored_booking_ID_via_API()
  Then API response should contain booking details with status code 200                # com.booking.stepDefinitions.E2EHotelBooking.API_response_should_contain_booking_details_with_status_code(int)
Request method:	DELETE
Request URI:	https://automationintesting.online/api/booking/9
Proxy:			<none>
Request params:	<none>
Query params:	<none>
Form params:	<none>
Path params:	<none>
Headers:		Accept=application/json, application/javascript, text/javascript, text/json
				Authorization=Bearer Beo9teI6GiLRoYRN
				Cookie=token=Beo9teI6GiLRoYRN
				Content-Type=application/json; charset=UTF-8
Cookies:		<none>
Multiparts:		<none>
Body:			<none>
HTTP/1.1 200 OK
Date: Mon, 30 Mar 2026 07:20:24 GMT
Content-Type: application/json
Transfer-Encoding: chunked
Connection: keep-alive
Server: cloudflare
vary: rsc, next-router-state-tree, next-router-prefetch, next-router-segment-prefetch
x-railway-edge: railway/asia-southeast1-eqsg3a
x-railway-request-id: 7-r_DiR4TBeiYw-fVOLIQQ
x-railway-cdn-edge: fastly/cache-sin-wsat1880033-SIN
x-cache: MISS
x-cache-hits: 0
x-served-by: cache-sin-wsat1880033-SIN
cf-cache-status: DYNAMIC
Nel: {"report_to":"cf-nel","success_fraction":0.0,"max_age":604800}
Report-To: {"group":"cf-nel","max_age":604800,"endpoints":[{"url":"https://a.nel.cloudflare.com/report/v4?s=%2Fph%2BaPB%2Fx5tAFOsPcc1HtHyM2Ry5HRXgETC6lbqse66piOOzmu66UPhKJexf1JIiirK1yvaol326NG6gLxpQP6J2XiNDlcROIGNjO6iZAZQoR06346WFOyuNj85UvnRQCGgVtfC28EEnFvYBhA%3D%3D"}]}
Content-Encoding: gzip
CF-RAY: 9e4559fd184fa8fd-SIN
alt-svc: h3=":443"; ma=86400

{
    "success": true
}
  When User attempts to cancel booking with ID via API                                 # com.booking.stepDefinitions.E2EHotelBooking.User_attempts_to_cancel_booking_with_ID_via_API()
  Then Booking cancellation should be successful with status 200                       # com.booking.stepDefinitions.E2EHotelBooking.Booking_cancellation_should_be_successful_with_status(int)
Request method:	GET
Request URI:	https://automationintesting.online/api/booking/9
Proxy:			<none>
Request params:	<none>
Query params:	<none>
Form params:	<none>
Path params:	<none>
Headers:		Accept=application/json, application/javascript, text/javascript, text/json
				Authorization=Bearer Beo9teI6GiLRoYRN
				Cookie=token=Beo9teI6GiLRoYRN
				Content-Type=application/json; charset=UTF-8
Cookies:		<none>
Multiparts:		<none>
Body:			<none>
HTTP/1.1 404 Not Found
Date: Mon, 30 Mar 2026 07:20:24 GMT
Content-Type: application/json
Transfer-Encoding: chunked
Connection: keep-alive
Server: cloudflare
vary: rsc, next-router-state-tree, next-router-prefetch, next-router-segment-prefetch
x-railway-edge: railway/asia-southeast1-eqsg3a
x-railway-request-id: a0EfVzVUTbayVj4wacI7Nw
x-railway-cdn-edge: fastly/cache-sin-wsat1880033-SIN
x-cache: MISS
x-cache-hits: 0
x-served-by: cache-sin-wsat1880033-SIN
cf-cache-status: DYNAMIC
Nel: {"report_to":"cf-nel","success_fraction":0.0,"max_age":604800}
Report-To: {"group":"cf-nel","max_age":604800,"endpoints":[{"url":"https://a.nel.cloudflare.com/report/v4?s=HbpvWRzYC6ZlSyRcCeSxP6GFtkKff%2BxHa4ML2YxMHA%2FgjyJckAIvYIHcs1sTO0pIVbbA82QyJxKuHV0cn9gXhntmuQ337Gus4nfZxr1cP1ILugsLFQVGOGl7qwa2OsI5t9x2FtCf1h3hAb6rqg%3D%3D"}]}
Content-Encoding: gzip
CF-RAY: 9e455a00cc59e60e-SIN
alt-svc: h3=":443"; ma=86400

{
    "error": "Failed to fetch booking: 404"
}
  And API response should return 404 when retrieving cancelled booking details         # com.booking.stepDefinitions.E2EHotelBooking.API_response_should_return_when_retrieving_cancelled_booking_details(int)

@cancelBooking @HotelBookingAPI @regression @negative @CB_2
Scenario Outline: Attempt to cancel a non-existent booking                  # src/test/resources/features/06_cancelBooking.feature:64
Request method:	POST
Request URI:	https://automationintesting.online/api/auth/login
Proxy:			<none>
Request params:	<none>
Query params:	<none>
Form params:	<none>
Path params:	<none>
Headers:		Accept=application/json, application/javascript, text/javascript, text/json
				Content-Type=application/json; charset=UTF-8
Cookies:		<none>
Multiparts:		<none>
Body:
{
    "password": "password",
    "username": "admin"
}
HTTP/1.1 200 OK
Date: Mon, 30 Mar 2026 07:20:25 GMT
Content-Type: application/json
Transfer-Encoding: chunked
Connection: keep-alive
Server: cloudflare
vary: rsc, next-router-state-tree, next-router-prefetch, next-router-segment-prefetch
x-railway-edge: railway/asia-southeast1-eqsg3a
x-railway-request-id: UC5mCSS_TYC2Vd-uacI7Nw
x-railway-cdn-edge: fastly/cache-sin-wsat1880033-SIN
x-cache: MISS
x-cache-hits: 0
x-served-by: cache-sin-wsat1880033-SIN
cf-cache-status: DYNAMIC
Nel: {"report_to":"cf-nel","success_fraction":0.0,"max_age":604800}
Report-To: {"group":"cf-nel","max_age":604800,"endpoints":[{"url":"https://a.nel.cloudflare.com/report/v4?s=MHAh6Dv8ZqWsM0UJPVBrtB7SMgKSQ8NcuaJHYirgfubECbubFrI4%2B4yMIy6O5TJTMsESZBbPlwHWi7Ew%2FgMhEXZDFDKZzydm589Nei%2FhpvMtM%2BvTkED0uvG7HRlX0jbH8grqgdSMjp8nczE2Eg%3D%3D"}]}
Content-Encoding: gzip
CF-RAY: 9e455a03def2eba2-SIN
alt-svc: h3=":443"; ma=86400

{
    "token": "QmMCRM6xdTrhsGYJ"
}
  When User authenticates as user credentials:                              # com.booking.stepDefinitions.E2EHotelBooking.User_authenticates_as_admin_credentials(io.cucumber.datatable.DataTable)
  And User stores the authentication token                                  # com.booking.stepDefinitions.E2EHotelBooking.User_stores_the_authentication_token()
  Then API response status code for E2E should be 200                       # com.booking.stepDefinitions.E2EHotelBooking.API_response_status_code_for_E_E_should_be(int)
Request method:	DELETE
Request URI:	https://automationintesting.online/api/booking/9999
Proxy:			<none>
Request params:	<none>
Query params:	<none>
Form params:	<none>
Path params:	<none>
Headers:		Accept=application/json, application/javascript, text/javascript, text/json
				Authorization=Bearer QmMCRM6xdTrhsGYJ
				Cookie=token=QmMCRM6xdTrhsGYJ
				Content-Type=application/json; charset=UTF-8
Cookies:		<none>
Multiparts:		<none>
Body:			<none>
HTTP/1.1 500 Internal Server Error
Date: Mon, 30 Mar 2026 07:20:25 GMT
Content-Type: application/json
Transfer-Encoding: chunked
Connection: keep-alive
Server: cloudflare
vary: rsc, next-router-state-tree, next-router-prefetch, next-router-segment-prefetch
x-railway-edge: railway/asia-southeast1-eqsg3a
x-railway-request-id: OMsb_AFRQvCnrajjAQeqjw
x-railway-cdn-edge: fastly/cache-sin-wsap440043-SIN
x-cache: MISS
x-cache-hits: 0
x-served-by: cache-sin-wsap440043-SIN
cf-cache-status: DYNAMIC
Nel: {"report_to":"cf-nel","success_fraction":0.0,"max_age":604800}
Report-To: {"group":"cf-nel","max_age":604800,"endpoints":[{"url":"https://a.nel.cloudflare.com/report/v4?s=E83Nq%2BXQcllHiwxPDqm3a4RxpNCvN0DNU4WLAH5e67Atj3SMSf6Djrpp6HDPic51V107seUJn8FFCy03ZuBpkgMrqzS9fTnP2ygxg3B8izU%2FdwvTLT0iRnSk0U3b3jst7nj7yfo5Bio1SNjKyQ%3D%3D"}]}
CF-RAY: 9e455a07c8f51f0b-SIN
alt-svc: h3=":443"; ma=86400

{
    "error": "Failed to delete booking"
}
  When User attempts to cancel booking with non-existent ID "9999" via API  # com.booking.stepDefinitions.E2EHotelBooking.User_attempts_to_cancel_booking_with_non_existent_ID_via_API(java.lang.String)
  Then Response should indicate an error message "Failed to delete booking" # com.booking.stepDefinitions.E2EHotelBooking.Response_should_indicate_an_error_message(java.lang.String)

@getBookingDetails @schema-validation @HotelBookingAPI @room-details @schema-validation
Scenario Outline: Retrieve and validate room information by ID        # src/test/resources/features/07_getBookingDetail.feature:18
  Given user want to retrieve room information for a specific room ID # com.booking.stepDefinitions.E2EHotelBooking.i_want_to_retrieve_room_information()
Request method:	GET
Request URI:	https://automationintesting.online/api/room/1
Proxy:			<none>
Request params:	<none>
Query params:	<none>
Form params:	<none>
Path params:	<none>
Headers:		Accept=application/json, application/javascript, text/javascript, text/json
				Content-Type=application/json; charset=UTF-8
Cookies:		<none>
Multiparts:		<none>
Body:			<none>
HTTP/1.1 200 OK
Date: Mon, 30 Mar 2026 07:20:26 GMT
Content-Type: application/json
Transfer-Encoding: chunked
Connection: keep-alive
Server: cloudflare
vary: rsc, next-router-state-tree, next-router-prefetch, next-router-segment-prefetch
x-railway-edge: railway/asia-southeast1-eqsg3a
x-railway-request-id: 4UY0YxfDSDqUo_kvAQeqjw
x-railway-cdn-edge: fastly/cache-sin-wsap440062-SIN
x-cache: MISS
x-cache-hits: 0
x-served-by: cache-sin-wsap440062-SIN
cf-cache-status: DYNAMIC
Nel: {"report_to":"cf-nel","success_fraction":0.0,"max_age":604800}
Report-To: {"group":"cf-nel","max_age":604800,"endpoints":[{"url":"https://a.nel.cloudflare.com/report/v4?s=DF4WvS4Tvx7vubfrowA94e1QF5a5Psd6PQ6eARGq64JhptBBmVAsagMN9Ko5%2FNn06vK8YoVJ1vDK%2F2l69Cva%2Bbn9qzqu%2F%2FOiFxwpWr2G4vZMV0cRo8guH7FsO5VsTqhxVlvCmQEAaIUBGUj3sA%3D%3D"}]}
Content-Encoding: gzip
CF-RAY: 9e455a0b0e3791a1-SIN
alt-svc: h3=":443"; ma=86400

{
    "roomid": 1,
    "roomName": "101",
    "type": "Single",
    "accessible": true,
    "image": "/images/room1.jpg",
    "description": "Aenean porttitor mauris sit amet lacinia molestie. In posuere accumsan aliquet. Maecenas sit amet nisl massa. Interdum et malesuada fames ac ante.",
    "features": [
        "TV",
        "WiFi",
        "Safe"
    ],
    "roomPrice": 100
}
  When user request room details for the following ID:                # com.booking.stepDefinitions.E2EHotelBooking.i_request_room_details_for_the_following_id(io.cucumber.datatable.DataTable)
  Then the room information should contain:                           # com.booking.stepDefinitions.E2EHotelBooking.the_room_information_should_contain(io.cucumber.datatable.DataTable)
  And the API response conforms to "roomDetails.json" schema          # com.booking.stepDefinitions.E2EHotelBooking.the_api_response_conforms_to_schema(java.lang.String)

@getBookingDetails @schema-validation @HotelBookingAPI @room-details @schema-validation
Scenario Outline: Retrieve and validate room information by ID        # src/test/resources/features/07_getBookingDetail.feature:19
  Given user want to retrieve room information for a specific room ID # com.booking.stepDefinitions.E2EHotelBooking.i_want_to_retrieve_room_information()
Request method:	GET
Request URI:	https://automationintesting.online/api/room/2
Proxy:			<none>
Request params:	<none>
Query params:	<none>
Form params:	<none>
Path params:	<none>
Headers:		Accept=application/json, application/javascript, text/javascript, text/json
				Content-Type=application/json; charset=UTF-8
Cookies:		<none>
Multiparts:		<none>
Body:			<none>
HTTP/1.1 200 OK
Date: Mon, 30 Mar 2026 07:20:26 GMT
Content-Type: application/json
Transfer-Encoding: chunked
Connection: keep-alive
Server: cloudflare
vary: rsc, next-router-state-tree, next-router-prefetch, next-router-segment-prefetch
x-railway-edge: railway/asia-southeast1-eqsg3a
x-railway-request-id: AzQI5EnfRrmu0r3ZAQeqjw
x-railway-cdn-edge: fastly/cache-sin-wsat1880088-SIN
x-cache: MISS
x-cache-hits: 0
x-served-by: cache-sin-wsat1880088-SIN
cf-cache-status: DYNAMIC
Nel: {"report_to":"cf-nel","success_fraction":0.0,"max_age":604800}
Report-To: {"group":"cf-nel","max_age":604800,"endpoints":[{"url":"https://a.nel.cloudflare.com/report/v4?s=ymlnmZbDoQ9NoCYMiF3Zk%2Bi0hFQuSRGdLvfTmrPOhujJlJTtkiFPO8CPrAY7Cnv%2Bq9KmlpiNbGSsP3dKNSBdShoh0JWMLe2py2gFSj3yqMKi713aaQaEvYRng3cdBeq7wvLiFzbmAqP39SIjyA%3D%3D"}]}
Content-Encoding: gzip
CF-RAY: 9e455a0d7a18cddd-SIN
alt-svc: h3=":443"; ma=86400

{
    "roomid": 2,
    "roomName": "102",
    "type": "Double",
    "accessible": true,
    "image": "/images/room2.jpg",
    "description": "Vestibulum sollicitudin, lectus ac mollis consequat, lorem orci ultrices tellus, eleifend euismod tortor dui egestas erat. Phasellus et ipsum nisl. ",
    "features": [
        "TV",
        "Radio",
        "Safe"
    ],
    "roomPrice": 150
}
  When user request room details for the following ID:                # com.booking.stepDefinitions.E2EHotelBooking.i_request_room_details_for_the_following_id(io.cucumber.datatable.DataTable)
  Then the room information should contain:                           # com.booking.stepDefinitions.E2EHotelBooking.the_room_information_should_contain(io.cucumber.datatable.DataTable)
  And the API response conforms to "roomDetails.json" schema          # com.booking.stepDefinitions.E2EHotelBooking.the_api_response_conforms_to_schema(java.lang.String)

@getBookingDetails @schema-validation @HotelBookingAPI @room-details @schema-validation
Scenario Outline: Retrieve and validate room information by ID        # src/test/resources/features/07_getBookingDetail.feature:20
  Given user want to retrieve room information for a specific room ID # com.booking.stepDefinitions.E2EHotelBooking.i_want_to_retrieve_room_information()
Request method:	GET
Request URI:	https://automationintesting.online/api/room/3
Proxy:			<none>
Request params:	<none>
Query params:	<none>
Form params:	<none>
Path params:	<none>
Headers:		Accept=application/json, application/javascript, text/javascript, text/json
				Content-Type=application/json; charset=UTF-8
Cookies:		<none>
Multiparts:		<none>
Body:			<none>
HTTP/1.1 200 OK
Date: Mon, 30 Mar 2026 07:20:27 GMT
Content-Type: application/json
Transfer-Encoding: chunked
Connection: keep-alive
Server: cloudflare
vary: rsc, next-router-state-tree, next-router-prefetch, next-router-segment-prefetch
x-railway-edge: railway/asia-southeast1-eqsg3a
x-railway-request-id: 79qcQnrISUy5br-2AXC71g
x-railway-cdn-edge: fastly/cache-sin-wsat1880057-SIN
x-cache: MISS
x-cache-hits: 0
x-served-by: cache-sin-wsat1880057-SIN
cf-cache-status: DYNAMIC
Nel: {"report_to":"cf-nel","success_fraction":0.0,"max_age":604800}
Report-To: {"group":"cf-nel","max_age":604800,"endpoints":[{"url":"https://a.nel.cloudflare.com/report/v4?s=o0gChUBos5ltfhl49DYg5yxL6IZpVlNdbK7xjemixPu9q98vaxBytmpZ3X9gjR6ec0%2B0EEu6wmMh9YhnEtyDPzDSqW3Y2fJEhsfnPp%2FnnXDWDfGUUOnN8PrhSqjEmzvmdYUTjZEguqo49OXdLA%3D%3D"}]}
Content-Encoding: gzip
CF-RAY: 9e455a0fc8c71195-SIN
alt-svc: h3=":443"; ma=86400

{
    "roomid": 3,
    "roomName": "103",
    "type": "Suite",
    "accessible": true,
    "image": "/images/room3.jpg",
    "description": "Etiam metus metus, fringilla ac sagittis id, consequat vel neque. Nunc commodo quis nisl nec posuere. Etiam at accumsan ex. ",
    "features": [
        "Radio",
        "WiFi",
        "Safe"
    ],
    "roomPrice": 225
}
  When user request room details for the following ID:                # com.booking.stepDefinitions.E2EHotelBooking.i_request_room_details_for_the_following_id(io.cucumber.datatable.DataTable)
  Then the room information should contain:                           # com.booking.stepDefinitions.E2EHotelBooking.the_room_information_should_contain(io.cucumber.datatable.DataTable)
  And the API response conforms to "roomDetails.json" schema          # com.booking.stepDefinitions.E2EHotelBooking.the_api_response_conforms_to_schema(java.lang.String)

@getBookingDetails @schema-validation @HotelBookingAPI @room-details @schema-validation
Scenario: Attempt to retrieve room information with invalid ID        # src/test/resources/features/07_getBookingDetail.feature:32
  Given user want to retrieve room information for a specific room ID # com.booking.stepDefinitions.E2EHotelBooking.i_want_to_retrieve_room_information()
Request method:	GET
Request URI:	https://automationintesting.online/api/room/999
Proxy:			<none>
Request params:	<none>
Query params:	<none>
Form params:	<none>
Path params:	<none>
Headers:		Accept=application/json, application/javascript, text/javascript, text/json
				Content-Type=application/json; charset=UTF-8
Cookies:		<none>
Multiparts:		<none>
Body:			<none>
HTTP/1.1 500 Internal Server Error
Date: Mon, 30 Mar 2026 07:21:00 GMT
Content-Type: application/json
Transfer-Encoding: chunked
Connection: keep-alive
Server: cloudflare
vary: rsc, next-router-state-tree, next-router-prefetch, next-router-segment-prefetch
x-railway-edge: railway/asia-southeast1-eqsg3a
x-railway-request-id: 3ZIJH6eNTrePX9dVDcO5xA
x-railway-cdn-edge: fastly/cache-sin-wsat1880062-SIN
x-cache: MISS
x-cache-hits: 0
x-served-by: cache-sin-wsat1880062-SIN
cf-cache-status: DYNAMIC
Nel: {"report_to":"cf-nel","success_fraction":0.0,"max_age":604800}
Report-To: {"group":"cf-nel","max_age":604800,"endpoints":[{"url":"https://a.nel.cloudflare.com/report/v4?s=duGr%2BHbs9nxuASKnNC3nCZhYa9y1sue%2FPO1O1u1ynmRJqJmna3N4Jb%2BSF8E3yOoMpu7tFuaYD3unrVHyScQvyVmSlfxdi3MqEVlvQ1KA8aEUG6sR%2BJRzAW7EPo%2FL%2FB3KSXYAPIVbW6iAdwP2Dw%3D%3D"}]}
CF-RAY: 9e455a1538e55fb3-SIN
alt-svc: h3=":443"; ma=86400

{
    "timestamp": "2026-03-30T07:21:00.546+00:00",
    "status": 500,
    "error": "Internal Server Error",
    "path": "/room/999"
}
  When user request room details for the following ID:                # com.booking.stepDefinitions.E2EHotelBooking.i_request_room_details_for_the_following_id(io.cucumber.datatable.DataTable)
  Then API response status code should be 404 for not found           # com.booking.stepDefinitions.E2EHotelBooking.API_response_status_code_should_be_for_not_found(int)
      java.lang.AssertionError: Response status code mismatch. Expected: 404 Actual: 500 Body: {"timestamp":"2026-03-30T07:21:00.546+00:00","status":500,"error":"Internal Server Error","path":"/room/999"} expected [404] but found [500]
	at org.testng.Assert.fail(Assert.java:99)
	at org.testng.Assert.failNotEquals(Assert.java:1037)
	at org.testng.Assert.assertEqualsImpl(Assert.java:140)
	at org.testng.Assert.assertEquals(Assert.java:122)
	at org.testng.Assert.assertEquals(Assert.java:907)
	at com.booking.stepDefinitions.E2EHotelBooking.API_response_status_code_should_be_for_not_found(E2EHotelBooking.java:866)
	at Γ£╜.API response status code should be 404 for not found(file:///D:/Joshiba/Kata_Cucumber_Project/api_hotel_booking/src/test/resources/features/07_getBookingDetail.feature:27)

  And User gets "Room not found" error message                        # com.booking.stepDefinitions.E2EHotelBooking.user_gets_error_message(java.lang.String)

@getBookingDetails @schema-validation @HotelBookingAPI @room-details @schema-validation
Scenario: Attempt to retrieve room information with invalid ID        # src/test/resources/features/07_getBookingDetail.feature:33
  Given user want to retrieve room information for a specific room ID # com.booking.stepDefinitions.E2EHotelBooking.i_want_to_retrieve_room_information()
Request method:	GET
Request URI:	https://automationintesting.online/api/room/-1
Proxy:			<none>
Request params:	<none>
Query params:	<none>
Form params:	<none>
Path params:	<none>
Headers:		Accept=application/json, application/javascript, text/javascript, text/json
				Content-Type=application/json; charset=UTF-8
Cookies:		<none>
Multiparts:		<none>
Body:			<none>
HTTP/1.1 404 Not Found
Date: Mon, 30 Mar 2026 07:21:01 GMT
Content-Type: application/json
Transfer-Encoding: chunked
Connection: keep-alive
Server: cloudflare
vary: rsc, next-router-state-tree, next-router-prefetch, next-router-segment-prefetch
x-railway-edge: railway/asia-southeast1-eqsg3a
x-railway-request-id: iWBXz7VcRneS0RSAoB_USg
x-railway-cdn-edge: fastly/cache-sin-wsat1880097-SIN
x-cache: MISS
x-cache-hits: 0
x-served-by: cache-sin-wsat1880097-SIN
cf-cache-status: DYNAMIC
Nel: {"report_to":"cf-nel","success_fraction":0.0,"max_age":604800}
Report-To: {"group":"cf-nel","max_age":604800,"endpoints":[{"url":"https://a.nel.cloudflare.com/report/v4?s=aEvy1fwDCQ2onpMOUSbM8QCGmHlqWRXrS0ZkPm4bxBy70e4CPHpDyDFPzFtwQx%2BNxlqR%2FbUn9U6SNbzQ0PlsDSApvxtwaI2EXfXKteszTZgL%2FQviFHAM%2FxiX3Wxd0iSBrP8DPaFfmo1WnbEhow%3D%3D"}]}
Content-Encoding: gzip
CF-RAY: 9e455ae588e3fd8b-SIN
alt-svc: h3=":443"; ma=86400

{
    "timestamp": "2026-03-30T07:21:01.579+00:00",
    "status": 404,
    "error": "Not Found",
    "path": "/room/-1"
}
  When user request room details for the following ID:                # com.booking.stepDefinitions.E2EHotelBooking.i_request_room_details_for_the_following_id(io.cucumber.datatable.DataTable)
  Then API response status code should be 404 for not found           # com.booking.stepDefinitions.E2EHotelBooking.API_response_status_code_should_be_for_not_found(int)
  And User gets "Room not found" error message                        # com.booking.stepDefinitions.E2EHotelBooking.user_gets_error_message(java.lang.String)

@getBookingDetails @schema-validation @HotelBookingAPI @room-details @schema-validation
Scenario: Attempt to retrieve room information with invalid ID        # src/test/resources/features/07_getBookingDetail.feature:34
  Given user want to retrieve room information for a specific room ID # com.booking.stepDefinitions.E2EHotelBooking.i_want_to_retrieve_room_information()
Request method:	GET
Request URI:	https://automationintesting.online/api/room/abc
Proxy:			<none>
Request params:	<none>
Query params:	<none>
Form params:	<none>
Path params:	<none>
Headers:		Accept=application/json, application/javascript, text/javascript, text/json
				Content-Type=application/json; charset=UTF-8
Cookies:		<none>
Multiparts:		<none>
Body:			<none>
HTTP/1.1 404 Not Found
Date: Mon, 30 Mar 2026 07:21:02 GMT
Content-Type: application/json
Transfer-Encoding: chunked
Connection: keep-alive
Server: cloudflare
vary: rsc, next-router-state-tree, next-router-prefetch, next-router-segment-prefetch
x-railway-edge: railway/asia-southeast1-eqsg3a
x-railway-request-id: jABQvWiDQjWM0BWfipRofQ
x-railway-cdn-edge: fastly/cache-sin-wsap440062-SIN
x-cache: MISS
x-cache-hits: 0
x-served-by: cache-sin-wsap440062-SIN
cf-cache-status: DYNAMIC
Nel: {"report_to":"cf-nel","success_fraction":0.0,"max_age":604800}
Report-To: {"group":"cf-nel","max_age":604800,"endpoints":[{"url":"https://a.nel.cloudflare.com/report/v4?s=fDOAMFS0zzJfcN4DhOmgK1yw88qRWrEMu3CL10MfsiLPN8o5WX23Hvt81NHtu1qc5qSznfjtOeltXd1851MavttPtpXW5d8eRoBBvqe4GLzJWhUxPsI5sANsERIhAD8A919Tx%2FWXzh3TpWPBZg%3D%3D"}]}
Content-Encoding: gzip
CF-RAY: 9e455aeb286a18f8-SIN
alt-svc: h3=":443"; ma=86400

{
    "timestamp": "2026-03-30T07:21:02.214+00:00",
    "status": 404,
    "error": "Not Found",
    "path": "/room/abc"
}
  When user request room details for the following ID:                # com.booking.stepDefinitions.E2EHotelBooking.i_request_room_details_for_the_following_id(io.cucumber.datatable.DataTable)
  Then API response status code should be 404 for not found           # com.booking.stepDefinitions.E2EHotelBooking.API_response_status_code_should_be_for_not_found(int)
  And User gets "Room not found" error message                        # com.booking.stepDefinitions.E2EHotelBooking.user_gets_error_message(java.lang.String)

@getBookingDetails @schema-validation @HotelBookingAPI @room-details @schema-validation
Scenario: Attempt to retrieve room information with invalid ID        # src/test/resources/features/07_getBookingDetail.feature:35
  Given user want to retrieve room information for a specific room ID # com.booking.stepDefinitions.E2EHotelBooking.i_want_to_retrieve_room_information()
Request method:	GET
Request URI:	https://automationintesting.online/api/room/%21%40%23
Proxy:			<none>
Request params:	<none>
Query params:	<none>
Form params:	<none>
Path params:	<none>
Headers:		Accept=application/json, application/javascript, text/javascript, text/json
				Content-Type=application/json; charset=UTF-8
Cookies:		<none>
Multiparts:		<none>
Body:			<none>
HTTP/1.1 404 Not Found
Date: Mon, 30 Mar 2026 07:21:03 GMT
Content-Type: application/json
Transfer-Encoding: chunked
Connection: keep-alive
Server: cloudflare
vary: rsc, next-router-state-tree, next-router-prefetch, next-router-segment-prefetch
x-railway-edge: railway/asia-southeast1-eqsg3a
x-railway-request-id: acukfSvgR0eK5SBfV7rehQ
x-railway-cdn-edge: fastly/cache-sin-wsat1880062-SIN
x-cache: MISS
x-cache-hits: 0
x-served-by: cache-sin-wsat1880062-SIN
cf-cache-status: DYNAMIC
Nel: {"report_to":"cf-nel","success_fraction":0.0,"max_age":604800}
Report-To: {"group":"cf-nel","max_age":604800,"endpoints":[{"url":"https://a.nel.cloudflare.com/report/v4?s=1e7OJBUkzTKyj4BZ%2BS8LMUBQPrcZGSMuUG%2BaSVOiWFSJDJKhmoFAsycvPOWGOKzW4v9oLLs4BwjLj5kU8tSsl02dVZZWa%2BOXtfq7ARUuqLKd0Bh0iayYV9oLvn%2B167ULmtCDI1pMT9w4hGGcwA%3D%3D"}]}
Content-Encoding: gzip
CF-RAY: 9e455aefa9e3afe4-SIN
alt-svc: h3=":443"; ma=86400

{
    "timestamp": "2026-03-30T07:21:03.199+00:00",
    "status": 404,
    "error": "Not Found",
    "path": "/room/!@"
}
  When user request room details for the following ID:                # com.booking.stepDefinitions.E2EHotelBooking.i_request_room_details_for_the_following_id(io.cucumber.datatable.DataTable)
  Then API response status code should be 404 for not found           # com.booking.stepDefinitions.E2EHotelBooking.API_response_status_code_should_be_for_not_found(int)
  And User gets "Room not found" error message                        # com.booking.stepDefinitions.E2EHotelBooking.user_gets_error_message(java.lang.String)

@getBookingReport @HotelBookingAPI @smoke @api @regression @positive @BR_1
Scenario: Get booking report for a specific date range                          # src/test/resources/features/08_getBookingReport.feature:19
Request method:	POST
Request URI:	https://automationintesting.online/api/auth/login
Proxy:			<none>
Request params:	<none>
Query params:	<none>
Form params:	<none>
Path params:	<none>
Headers:		Accept=application/json, application/javascript, text/javascript, text/json
				Content-Type=application/json; charset=UTF-8
Cookies:		<none>
Multiparts:		<none>
Body:
{
    "password": "password",
    "username": "admin"
}
HTTP/1.1 200 OK
Date: Mon, 30 Mar 2026 07:21:03 GMT
Content-Type: application/json
Transfer-Encoding: chunked
Connection: keep-alive
Server: cloudflare
vary: rsc, next-router-state-tree, next-router-prefetch, next-router-segment-prefetch
x-railway-edge: railway/asia-southeast1-eqsg3a
x-railway-request-id: 8AS-SijSQqCHVWp_V7rehQ
x-railway-cdn-edge: fastly/cache-sin-wsat1880034-SIN
x-cache: MISS
x-cache-hits: 0
x-served-by: cache-sin-wsat1880034-SIN
cf-cache-status: DYNAMIC
Nel: {"report_to":"cf-nel","success_fraction":0.0,"max_age":604800}
Report-To: {"group":"cf-nel","max_age":604800,"endpoints":[{"url":"https://a.nel.cloudflare.com/report/v4?s=s2YIxTq%2BTCVVJIP7wN%2B0FKzXvM%2BuRKRvxgZn%2FbK%2BRhbfQvsiY5y3OstYT4yZOd0tXPOdiUuTYs744tzE3FV3jLDU6A%2FUll1DfD7y6pbPIrZ28HZir6c4oFC0FZDAC9cIMsSUE3%2BW3XUFDEGtyw%3D%3D"}]}
Content-Encoding: gzip
CF-RAY: 9e455af4de81fd31-SIN
alt-svc: h3=":443"; ma=86400

{
    "token": "maXFAG0h6orY4xvY"
}
  When User authenticates as user with username "admin" and password "password" # com.booking.stepDefinitions.LoginAPIStepDefinition.user_authenticates_as_user(java.lang.String,java.lang.String)
  Then API response status code should be 200                                   # com.booking.stepDefinitions.LoginAPIStepDefinition.API_response_status_code_should_be(int)
Authentication Token: maXFAG0h6orY4xvY
Authentication Token: maXFAG0h6orY4xvY
Authentication Token: maXFAG0h6orY4xvY
Response Status Code: 200
  And Response should contain a valid authentication token                      # com.booking.stepDefinitions.LoginAPIStepDefinition.Response_should_contain_a_valid_authentication_token()
Spec: io.restassured.internal.RequestSpecificationImpl@7833d6ee
Request method:	GET
Request URI:	https://automationintesting.online/api/report
Proxy:			<none>
Request params:	<none>
Query params:	<none>
Form params:	<none>
Path params:	<none>
Headers:		Accept=application/json, application/javascript, text/javascript, text/json
				Cookie=token=maXFAG0h6orY4xvY
				Authorization=automationintesting.online
				Content-Type=application/json; charset=UTF-8
Cookies:		<none>
Multiparts:		<none>
Body:			<none>
HTTP/1.1 200 OK
Date: Mon, 30 Mar 2026 07:21:05 GMT
Content-Type: application/json
Transfer-Encoding: chunked
Connection: keep-alive
Server: cloudflare
vary: rsc, next-router-state-tree, next-router-prefetch, next-router-segment-prefetch
x-railway-edge: railway/asia-southeast1-eqsg3a
x-railway-request-id: t7pvN9wsSRaBho--AQeqjw
x-railway-cdn-edge: fastly/cache-sin-wsap440085-SIN
x-cache: MISS
x-cache-hits: 0
x-served-by: cache-sin-wsap440085-SIN
cf-cache-status: DYNAMIC
Nel: {"report_to":"cf-nel","success_fraction":0.0,"max_age":604800}
Report-To: {"group":"cf-nel","max_age":604800,"endpoints":[{"url":"https://a.nel.cloudflare.com/report/v4?s=0O8Fs0TJ%2FKCih9KlJC2Tj8RVWr96FsuuXX9lth0i6NRfMJnJScR17Cgd6o4msLNlkaMdMQsbk9xR1ni95%2FED9hqVj3s5OCmQYaiLbm2Xu7k5Mh15x5O4MU8SRsv8c23%2FkmL%2FYPSNTiFmSe15wQ%3D%3D"}]}
Content-Encoding: gzip
CF-RAY: 9e455af778618356-SIN
alt-svc: h3=":443"; ma=86400

{
    "report": [
        {
            "start": "2026-02-01",
            "end": "2026-02-05",
            "title": "James Dean - Room: 101"
        },
        {
            "start": "2026-02-02",
            "end": "2026-02-04",
            "title": "Erica Bowthorpe - Room: 102"
        },
        {
            "start": "2026-03-01",
            "end": "2026-03-05",
            "title": "Timothy Barrow - Room: 103"
        }
    ]
}
  When User requests to get booking report for data available                   # com.booking.stepDefinitions.E2EHotelBooking.User_requests_to_get_booking_report_for_date_range_from_to()
  Then API response status code of BR should be 200                             # com.booking.stepDefinitions.E2EHotelBooking.API_response_status_code_of_BR_should_be_lt_statuscode_gt(int)
  And Response should contain booking report data                               # com.booking.stepDefinitions.E2EHotelBooking.Response_should_contain_booking_report_data()
  And Each booking in the report should have valid details                      # com.booking.stepDefinitions.E2EHotelBooking.Each_booking_in_the_report_should_have_valid_details()

@E2E @HotelBookingAPI @e2e @smoke @regression @positive @E2E_1 @api
Scenario Outline: Complete happy path - Create, Book, and Receive Confirmation         # src/test/resources/features/09_e2eHotelBooking.feature:55
Request method:	POST
Request URI:	https://automationintesting.online/api/auth/login
Proxy:			<none>
Request params:	<none>
Query params:	<none>
Form params:	<none>
Path params:	<none>
Headers:		Accept=application/json, application/javascript, text/javascript, text/json
				Content-Type=application/json; charset=UTF-8
Cookies:		<none>
Multiparts:		<none>
Body:
{
    "password": "password",
    "username": "admin"
}
HTTP/1.1 200 OK
Date: Mon, 30 Mar 2026 07:21:06 GMT
Content-Type: application/json
Transfer-Encoding: chunked
Connection: keep-alive
Server: cloudflare
vary: rsc, next-router-state-tree, next-router-prefetch, next-router-segment-prefetch
x-railway-edge: railway/asia-southeast1-eqsg3a
x-railway-request-id: qZKG_npaQjuxwS-KVOLIQQ
x-railway-cdn-edge: fastly/cache-sin-wsap440062-SIN
x-cache: MISS
x-cache-hits: 0
x-served-by: cache-sin-wsap440062-SIN
cf-cache-status: DYNAMIC
Nel: {"report_to":"cf-nel","success_fraction":0.0,"max_age":604800}
Report-To: {"group":"cf-nel","max_age":604800,"endpoints":[{"url":"https://a.nel.cloudflare.com/report/v4?s=plBqEdzkmCpmtsrNLe4DWOaF6ZRKGBlKoYHchgs%2FyOj8PfsRp%2F9VWMLFophCvfLA5arCCHjfWtvhFYCkq3ja4PXxUZOYMc3BPRBH2P%2BR4IQr6aUDgZYIvyEMfxuUhKxY3v0FK16ioHhtmBoqEQ%3D%3D"}]}
Content-Encoding: gzip
CF-RAY: 9e455b05aac00dbe-SIN
alt-svc: h3=":443"; ma=86400

{
    "token": "Tojz00yZr95E1J3i"
}
  When User authenticates as user credentials:                                         # com.booking.stepDefinitions.E2EHotelBooking.User_authenticates_as_admin_credentials(io.cucumber.datatable.DataTable)
  And User stores the authentication token                                             # com.booking.stepDefinitions.E2EHotelBooking.User_stores_the_authentication_token()
  Then API response status code for E2E should be 200                                  # com.booking.stepDefinitions.E2EHotelBooking.API_response_status_code_for_E_E_should_be(int)
  When User enters search criteria with checkin "2025-12-15" and checkout "2025-12-18" # com.booking.stepDefinitions.E2EHotelBooking.User_enters_search_criteria_with_checkin_and_checkout(java.lang.String,java.lang.String)
Authentication Token: Cookie , token=Tojz00yZr95E1J3i
requestBody: {firstname=John, bookingdates={checkin=2025-12-15, checkout=2025-12-18}, phone=07358480685, depositpaid=false, roomid=2813, email=john@example.com, lastname=Doe}
Endpoint: reservation/2813?checkin=2025-12-15&checkout=2025-12-18
Spec: io.restassured.internal.RequestSpecificationImpl@de588f4
Request method:	POST
Request URI:	https://automationintesting.online/api/booking
Proxy:			<none>
Request params:	<none>
Query params:	<none>
Form params:	<none>
Path params:	<none>
Headers:		Accept=application/json, application/javascript, text/javascript, text/json
				Cookie=token=Tojz00yZr95E1J3i
				Authorization=automationintesting.online
				Content-Type=application/json; charset=UTF-8
Cookies:		<none>
Multiparts:		<none>
Body:
{
    "firstname": "John",
    "bookingdates": {
        "checkin": "2025-12-15",
        "checkout": "2025-12-18"
    },
    "phone": "07358480685",
    "depositpaid": false,
    "roomid": 2813,
    "email": "john@example.com",
    "lastname": "Doe"
}
HTTP/1.1 201 Created
Date: Mon, 30 Mar 2026 07:21:07 GMT
Content-Type: application/json
Transfer-Encoding: chunked
Connection: keep-alive
Server: cloudflare
vary: rsc, next-router-state-tree, next-router-prefetch, next-router-segment-prefetch
x-railway-edge: railway/asia-southeast1-eqsg3a
x-railway-request-id: tm8-SMUxTfmYP9wAV7rehQ
x-railway-cdn-edge: fastly/cache-sin-wsat1880062-SIN
x-cache: MISS
x-cache-hits: 0
x-served-by: cache-sin-wsat1880062-SIN
cf-cache-status: DYNAMIC
Nel: {"report_to":"cf-nel","success_fraction":0.0,"max_age":604800}
Report-To: {"group":"cf-nel","max_age":604800,"endpoints":[{"url":"https://a.nel.cloudflare.com/report/v4?s=PiBcziSkiY7IMfhr%2Bc9J7JkvXsr8UPzsaDY3grXuZbjDelwNMWf4dnJrz0ttbyg21%2Bn06L13fa%2Bx9UXKxqqjjKPHfGLWXJMCy%2ByA5L2exoBpTxqkRF1aZWEZJI272Np57XDsO2FLp2bitWZl7A%3D%3D"}]}
CF-RAY: 9e455b0b4ed0ffe4-SIN
alt-svc: h3=":443"; ma=86400

{
    "bookingid": 10,
    "roomid": 2813,
    "firstname": "John",
    "lastname": "Doe",
    "depositpaid": false,
    "bookingdates": {
        "checkin": "2025-12-15",
        "checkout": "2025-12-18"
    }
}
  And User creates a new booking with following details and submits the booking:       # com.booking.stepDefinitions.E2EHotelBooking.User_creates_a_new_booking_with_following_details_and_submits_the_booking(io.cucumber.datatable.DataTable)
  Then API response status code should be 201 for booking creation                     # com.booking.stepDefinitions.E2EHotelBooking.API_response_status_code_should_be_for_booking_creation(int)
  And User should see booking confirmation page with booking ID displayed              # com.booking.stepDefinitions.E2EHotelBooking.User_should_see_booking_confirmation_page_with_booking_ID_displayed()
{firstname=Josh, depositpaid=false, bookingid=10, roomid=6, lastname=Mick}
Spec: io.restassured.internal.RequestSpecificationImpl@203d7137
Request method:	PUT
Request URI:	https://automationintesting.online/api/booking/10
Proxy:			<none>
Request params:	<none>
Query params:	<none>
Form params:	<none>
Path params:	<none>
Headers:		Accept=application/json, application/javascript, text/javascript, text/json
				Cookie=token=Tojz00yZr95E1J3i
				Authorization=automationintesting.online
				Content-Type=application/json; charset=UTF-8
Cookies:		<none>
Multiparts:		<none>
Body:
{
    "firstname": "Josh",
    "bookingdates": {
        "checkin": "2026-03-11",
        "checkout": "2026-03-12"
    },
    "depositpaid": false,
    "bookingid": 10,
    "roomid": 6,
    "lastname": "Mick"
}
HTTP/1.1 200 OK
Date: Mon, 30 Mar 2026 07:21:08 GMT
Content-Type: application/json
Transfer-Encoding: chunked
Connection: keep-alive
Server: cloudflare
vary: rsc, next-router-state-tree, next-router-prefetch, next-router-segment-prefetch
x-railway-edge: railway/asia-southeast1-eqsg3a
x-railway-request-id: 9j-dRYdvSEapLdcH0ubPiw
x-railway-cdn-edge: fastly/cache-sin-wsap440062-SIN
x-cache: MISS
x-cache-hits: 0
x-served-by: cache-sin-wsap440062-SIN
cf-cache-status: DYNAMIC
Nel: {"report_to":"cf-nel","success_fraction":0.0,"max_age":604800}
Report-To: {"group":"cf-nel","max_age":604800,"endpoints":[{"url":"https://a.nel.cloudflare.com/report/v4?s=ayVh3rUkcy9Hk7LmpHjHyA3DOGHgwwWsmmB9oQ0p400EVOrXVzvjFPhT5ard1ERA296pB3FTtl9Nu7%2B64xARYYy8DIrvVPGZR0T2Dhpj8VdXLRmZOj5aJwKdAkIMOmFyhp9JKOq534MJW6ZHIg%3D%3D"}]}
Content-Encoding: gzip
CF-RAY: 9e455b0e7ba7d176-SIN
alt-svc: h3=":443"; ma=86400

{
    "success": true
}
  When User attempts to update booking ID with following details:                      # com.booking.stepDefinitions.E2EHotelBooking.User_attempts_to_update_booking_ID_with_following_details(io.cucumber.datatable.DataTable)
  Then Booking update should be successful with status 200                             # com.booking.stepDefinitions.E2EHotelBooking.Booking_update_should_be_successful_with_status(int)
{"success":true}
  And Updated booking details should be reflected in system                            # com.booking.stepDefinitions.E2EHotelBooking.Updated_booking_details_should_be_reflected_in_system()
Request method:	GET
Request URI:	https://automationintesting.online/api/booking/10
Proxy:			<none>
Request params:	<none>
Query params:	<none>
Form params:	<none>
Path params:	<none>
Headers:		Accept=application/json, application/javascript, text/javascript, text/json
				Authorization=Bearer Tojz00yZr95E1J3i
				Cookie=token=Tojz00yZr95E1J3i
				Content-Type=application/json; charset=UTF-8
Cookies:		<none>
Multiparts:		<none>
Body:			<none>
HTTP/1.1 200 OK
Date: Mon, 30 Mar 2026 07:21:08 GMT
Content-Type: application/json
Transfer-Encoding: chunked
Connection: keep-alive
Server: cloudflare
vary: rsc, next-router-state-tree, next-router-prefetch, next-router-segment-prefetch
x-railway-edge: railway/asia-southeast1-eqsg3a
x-railway-request-id: YMOL2MDESGaxcV89-8Y8hA
x-railway-cdn-edge: fastly/cache-sin-wsat1880033-SIN
x-cache: MISS
x-cache-hits: 0
x-served-by: cache-sin-wsat1880033-SIN
cf-cache-status: DYNAMIC
Nel: {"report_to":"cf-nel","success_fraction":0.0,"max_age":604800}
Report-To: {"group":"cf-nel","max_age":604800,"endpoints":[{"url":"https://a.nel.cloudflare.com/report/v4?s=V%2BnuR%2B%2Bw3Q6NjoMscCCBHtuooEc3S3BYlKUQz3a%2B8FcgQZcLeqjCkD4CO0oJZDgZe0fVdmFARRqbjn6MOrbWBAS55tOLsUvO1CJix4%2F1eeCmUSlhkyZ%2FG7opk5sK%2B2ZrZi6iAdHGjllVbZoP6w%3D%3D"}]}
Content-Encoding: gzip
CF-RAY: 9e455b133f63604c-SIN
alt-svc: h3=":443"; ma=86400

{
    "bookingid": 10,
    "roomid": 2813,
    "firstname": "Josh",
    "lastname": "Mick",
    "depositpaid": false,
    "bookingdates": {
        "checkin": "2026-03-11",
        "checkout": "2026-03-12"
    }
}
  When User retrieves booking details using stored booking ID via API                  # com.booking.stepDefinitions.E2EHotelBooking.User_retrieves_booking_details_using_stored_booking_ID_via_API()
  Then API response should contain updated booking details with status code 200        # com.booking.stepDefinitions.E2EHotelBooking.API_response_should_contain_updated_booking_details_with_status_code(int)
Request method:	DELETE
Request URI:	https://automationintesting.online/api/booking/10
Proxy:			<none>
Request params:	<none>
Query params:	<none>
Form params:	<none>
Path params:	<none>
Headers:		Accept=application/json, application/javascript, text/javascript, text/json
				Authorization=Bearer Tojz00yZr95E1J3i
				Cookie=token=Tojz00yZr95E1J3i
				Content-Type=application/json; charset=UTF-8
Cookies:		<none>
Multiparts:		<none>
Body:			<none>
HTTP/1.1 200 OK
Date: Mon, 30 Mar 2026 07:21:09 GMT
Content-Type: application/json
Transfer-Encoding: chunked
Connection: keep-alive
Server: cloudflare
vary: rsc, next-router-state-tree, next-router-prefetch, next-router-segment-prefetch
x-railway-edge: railway/asia-southeast1-eqsg3a
x-railway-request-id: mDwn9myWTD62MvLPDcO5xA
x-railway-cdn-edge: fastly/cache-sin-wsap440073-SIN
x-cache: MISS
x-cache-hits: 0
x-served-by: cache-sin-wsap440073-SIN
cf-cache-status: DYNAMIC
Nel: {"report_to":"cf-nel","success_fraction":0.0,"max_age":604800}
Report-To: {"group":"cf-nel","max_age":604800,"endpoints":[{"url":"https://a.nel.cloudflare.com/report/v4?s=LkzLKnNb85zh7fhllRFJ%2BOjiJC7ksswLrPVZ0JsZgJKsC2%2FmM6iQs4Dsu7mfKV%2BOmANfOQ8f%2BaCH95Sx36hZPBlz1wWj0urNavcELT2VOA7nu52lwLRKFolGRrLSpBva1qDC3ouGZkIEtK1UKQ%3D%3D"}]}
Content-Encoding: gzip
CF-RAY: 9e455b167f2b4059-SIN
alt-svc: h3=":443"; ma=86400

{
    "success": true
}
  When User attempts to cancel booking with ID via API                                 # com.booking.stepDefinitions.E2EHotelBooking.User_attempts_to_cancel_booking_with_ID_via_API()
  Then Booking cancellation should be successful with status 200                       # com.booking.stepDefinitions.E2EHotelBooking.Booking_cancellation_should_be_successful_with_status(int)
Request method:	GET
Request URI:	https://automationintesting.online/api/booking/10
Proxy:			<none>
Request params:	<none>
Query params:	<none>
Form params:	<none>
Path params:	<none>
Headers:		Accept=application/json, application/javascript, text/javascript, text/json
				Authorization=Bearer Tojz00yZr95E1J3i
				Cookie=token=Tojz00yZr95E1J3i
				Content-Type=application/json; charset=UTF-8
Cookies:		<none>
Multiparts:		<none>
Body:			<none>
HTTP/1.1 404 Not Found
Date: Mon, 30 Mar 2026 07:21:10 GMT
Content-Type: application/json
Transfer-Encoding: chunked
Connection: keep-alive
Server: cloudflare
vary: rsc, next-router-state-tree, next-router-prefetch, next-router-segment-prefetch
x-railway-edge: railway/asia-southeast1-eqsg3a
x-railway-request-id: QNmy2hw1Q2Ooz9qKAXC71g
x-railway-cdn-edge: fastly/cache-sin-wsat1880088-SIN
x-cache: MISS
x-cache-hits: 0
x-served-by: cache-sin-wsat1880088-SIN
cf-cache-status: DYNAMIC
Nel: {"report_to":"cf-nel","success_fraction":0.0,"max_age":604800}
Report-To: {"group":"cf-nel","max_age":604800,"endpoints":[{"url":"https://a.nel.cloudflare.com/report/v4?s=567nH19yFlD3mfxcBH2cE52ruislqbUg61H3abdYpeQo%2Bcwnw6UfoZYLEmLfil%2BnQJ8crSxjbcbGzzvzLiWE8q7JwcYeMhZi3haZi5Uv8z%2FYfCcE5fAJXvsLVEpZooM2gx3xmgvICm7d5sMJAg%3D%3D"}]}
Content-Encoding: gzip
CF-RAY: 9e455b1cbba7ce2b-SIN
alt-svc: h3=":443"; ma=86400

{
    "error": "Failed to fetch booking: 404"
}
  And API response should return 404 when retrieving cancelled booking details         # com.booking.stepDefinitions.E2EHotelBooking.API_response_should_return_when_retrieving_cancelled_booking_details(int)

@E2E @HotelBookingAPI @e2e @smoke @regression @positive @E2E_1 @api
Scenario Outline: Complete happy path - Create, Book, and Receive Confirmation         # src/test/resources/features/09_e2eHotelBooking.feature:56
Request method:	POST
Request URI:	https://automationintesting.online/api/auth/login
Proxy:			<none>
Request params:	<none>
Query params:	<none>
Form params:	<none>
Path params:	<none>
Headers:		Accept=application/json, application/javascript, text/javascript, text/json
				Content-Type=application/json; charset=UTF-8
Cookies:		<none>
Multiparts:		<none>
Body:
{
    "password": "password",
    "username": "admin"
}
HTTP/1.1 200 OK
Date: Mon, 30 Mar 2026 07:21:11 GMT
Content-Type: application/json
Transfer-Encoding: chunked
Connection: keep-alive
Server: cloudflare
vary: rsc, next-router-state-tree, next-router-prefetch, next-router-segment-prefetch
x-railway-edge: railway/asia-southeast1-eqsg3a
x-railway-request-id: vrtXzBhtRTWVi7LhAXC71g
x-railway-cdn-edge: fastly/cache-sin-wsap440026-SIN
x-cache: MISS
x-cache-hits: 0
x-served-by: cache-sin-wsap440026-SIN
cf-cache-status: DYNAMIC
Nel: {"report_to":"cf-nel","success_fraction":0.0,"max_age":604800}
Report-To: {"group":"cf-nel","max_age":604800,"endpoints":[{"url":"https://a.nel.cloudflare.com/report/v4?s=Guu654iw1gQ3s10lbh72gvfgdG08Iqw7gu%2F2KSyHInSw3RS%2BS70%2BNghgUpUbwHGxHbb41gTellB8lYMtwjZldXKu0WA%2Fr0tstdGBkZAo%2BVwSL3lZdQLGUTGFHiIqNdj7QXoaDaCGm3Ooh1%2BFoA%3D%3D"}]}
Content-Encoding: gzip
CF-RAY: 9e455b203e72fdea-SIN
alt-svc: h3=":443"; ma=86400

{
    "token": "lDnbfojJbZaY7EX1"
}
  When User authenticates as user credentials:                                         # com.booking.stepDefinitions.E2EHotelBooking.User_authenticates_as_admin_credentials(io.cucumber.datatable.DataTable)
  And User stores the authentication token                                             # com.booking.stepDefinitions.E2EHotelBooking.User_stores_the_authentication_token()
  Then API response status code for E2E should be 200                                  # com.booking.stepDefinitions.E2EHotelBooking.API_response_status_code_for_E_E_should_be(int)
  When User enters search criteria with checkin "2025-12-20" and checkout "2025-12-25" # com.booking.stepDefinitions.E2EHotelBooking.User_enters_search_criteria_with_checkin_and_checkout(java.lang.String,java.lang.String)
Authentication Token: Cookie , token=lDnbfojJbZaY7EX1
requestBody: {firstname=Jane, bookingdates={checkin=2025-12-20, checkout=2025-12-25}, phone=07358480686, depositpaid=false, roomid=2064, email=jane@example.com, lastname=Smith}
Endpoint: reservation/2064?checkin=2025-12-20&checkout=2025-12-25
Spec: io.restassured.internal.RequestSpecificationImpl@fa42129
Request method:	POST
Request URI:	https://automationintesting.online/api/booking
Proxy:			<none>
Request params:	<none>
Query params:	<none>
Form params:	<none>
Path params:	<none>
Headers:		Accept=application/json, application/javascript, text/javascript, text/json
				Cookie=token=lDnbfojJbZaY7EX1
				Authorization=automationintesting.online
				Content-Type=application/json; charset=UTF-8
Cookies:		<none>
Multiparts:		<none>
Body:
{
    "firstname": "Jane",
    "bookingdates": {
        "checkin": "2025-12-20",
        "checkout": "2025-12-25"
    },
    "phone": "07358480686",
    "depositpaid": false,
    "roomid": 2064,
    "email": "jane@example.com",
    "lastname": "Smith"
}
HTTP/1.1 201 Created
Date: Mon, 30 Mar 2026 07:21:11 GMT
Content-Type: application/json
Transfer-Encoding: chunked
Connection: keep-alive
Server: cloudflare
vary: rsc, next-router-state-tree, next-router-prefetch, next-router-segment-prefetch
x-railway-edge: railway/asia-southeast1-eqsg3a
x-railway-request-id: N6sdT_L0R9CNHNVMAXC71g
x-railway-cdn-edge: fastly/cache-sin-wsat1880037-SIN
x-cache: MISS
x-cache-hits: 0
x-served-by: cache-sin-wsat1880037-SIN
cf-cache-status: DYNAMIC
Nel: {"report_to":"cf-nel","success_fraction":0.0,"max_age":604800}
Report-To: {"group":"cf-nel","max_age":604800,"endpoints":[{"url":"https://a.nel.cloudflare.com/report/v4?s=cKbwgpnL2I%2FLCgTTor3QuVHgfAlHX9ihIX2xr8GHTGL6QYfthelyhYOKsSDrSO5v3osU7efOuSJR6n%2Fbp0oLCoc5riA5T3xqAhXz1kKi2koekUsN5U3LSovuTqOeS3bWcxMOBmtH6lcto8PAug%3D%3D"}]}
CF-RAY: 9e455b272dc17d7c-SIN
alt-svc: h3=":443"; ma=86400

{
    "bookingid": 11,
    "roomid": 2064,
    "firstname": "Jane",
    "lastname": "Smith",
    "depositpaid": false,
    "bookingdates": {
        "checkin": "2025-12-20",
        "checkout": "2025-12-25"
    }
}
  And User creates a new booking with following details and submits the booking:       # com.booking.stepDefinitions.E2EHotelBooking.User_creates_a_new_booking_with_following_details_and_submits_the_booking(io.cucumber.datatable.DataTable)
  Then API response status code should be 201 for booking creation                     # com.booking.stepDefinitions.E2EHotelBooking.API_response_status_code_should_be_for_booking_creation(int)
  And User should see booking confirmation page with booking ID displayed              # com.booking.stepDefinitions.E2EHotelBooking.User_should_see_booking_confirmation_page_with_booking_ID_displayed()
{firstname=Josh, depositpaid=false, bookingid=11, roomid=6, lastname=Mick}
Spec: io.restassured.internal.RequestSpecificationImpl@7701f97d
Request method:	PUT
Request URI:	https://automationintesting.online/api/booking/11
Proxy:			<none>
Request params:	<none>
Query params:	<none>
Form params:	<none>
Path params:	<none>
Headers:		Accept=application/json, application/javascript, text/javascript, text/json
				Cookie=token=lDnbfojJbZaY7EX1
				Authorization=automationintesting.online
				Content-Type=application/json; charset=UTF-8
Cookies:		<none>
Multiparts:		<none>
Body:
{
    "firstname": "Josh",
    "bookingdates": {
        "checkin": "2026-03-11",
        "checkout": "2026-03-12"
    },
    "depositpaid": false,
    "bookingid": 11,
    "roomid": 6,
    "lastname": "Mick"
}
HTTP/1.1 200 OK
Date: Mon, 30 Mar 2026 07:21:12 GMT
Content-Type: application/json
Transfer-Encoding: chunked
Connection: keep-alive
Server: cloudflare
vary: rsc, next-router-state-tree, next-router-prefetch, next-router-segment-prefetch
x-railway-edge: railway/asia-southeast1-eqsg3a
x-railway-request-id: d2jTuOJCSfaY-WEx-8Y8hA
x-railway-cdn-edge: fastly/cache-sin-wsat1880037-SIN
x-cache: MISS
x-cache-hits: 0
x-served-by: cache-sin-wsat1880037-SIN
cf-cache-status: DYNAMIC
Nel: {"report_to":"cf-nel","success_fraction":0.0,"max_age":604800}
Report-To: {"group":"cf-nel","max_age":604800,"endpoints":[{"url":"https://a.nel.cloudflare.com/report/v4?s=eCPUXzaW7EtLUX1UirQBf17fc52JLvVik4VQA9ru7yZzL4mict%2Byo8CO2QPTZRbwfwjWiVRq1NqSn8QOATtj7cHmmZQYwHRBMCR24e5XbKqozCDGqHSgkMYs9KaFyvSomkL4VLhH8aHfH478Aw%3D%3D"}]}
Content-Encoding: gzip
CF-RAY: 9e455b29ca28347c-SIN
alt-svc: h3=":443"; ma=86400

{
    "success": true
}
  When User attempts to update booking ID with following details:                      # com.booking.stepDefinitions.E2EHotelBooking.User_attempts_to_update_booking_ID_with_following_details(io.cucumber.datatable.DataTable)
  Then Booking update should be successful with status 200                             # com.booking.stepDefinitions.E2EHotelBooking.Booking_update_should_be_successful_with_status(int)
{"success":true}
  And Updated booking details should be reflected in system                            # com.booking.stepDefinitions.E2EHotelBooking.Updated_booking_details_should_be_reflected_in_system()
Request method:	GET
Request URI:	https://automationintesting.online/api/booking/11
Proxy:			<none>
Request params:	<none>
Query params:	<none>
Form params:	<none>
Path params:	<none>
Headers:		Accept=application/json, application/javascript, text/javascript, text/json
				Authorization=Bearer lDnbfojJbZaY7EX1
				Cookie=token=lDnbfojJbZaY7EX1
				Content-Type=application/json; charset=UTF-8
Cookies:		<none>
Multiparts:		<none>
Body:			<none>
HTTP/1.1 200 OK
Date: Mon, 30 Mar 2026 07:21:13 GMT
Content-Type: application/json
Transfer-Encoding: chunked
Connection: keep-alive
Server: cloudflare
vary: rsc, next-router-state-tree, next-router-prefetch, next-router-segment-prefetch
x-railway-edge: railway/asia-southeast1-eqsg3a
x-railway-request-id: L5wxLEYOQtCNQFTO-8Y8hA
x-railway-cdn-edge: fastly/cache-sin-wsap440062-SIN
x-cache: MISS
x-cache-hits: 0
x-served-by: cache-sin-wsap440062-SIN
cf-cache-status: DYNAMIC
Nel: {"report_to":"cf-nel","success_fraction":0.0,"max_age":604800}
Report-To: {"group":"cf-nel","max_age":604800,"endpoints":[{"url":"https://a.nel.cloudflare.com/report/v4?s=isjYKcXOTJIQC3dpXPRgXeUt12L7p%2BV%2Fk9im4DAS8b%2B9%2FvNImT8sYCJoqOjtqqB%2B%2FX%2F2xdYagSKweaiYRW3D0rOWvRSpE4zalJNIRJSAaBX8qaU2FmwvpV8lV0MppB4oiUhZfaPmRAwi1mtp9g%3D%3D"}]}
Content-Encoding: gzip
CF-RAY: 9e455b2c7bed0b5f-SIN
alt-svc: h3=":443"; ma=86400

{
    "bookingid": 11,
    "roomid": 2064,
    "firstname": "Josh",
    "lastname": "Mick",
    "depositpaid": false,
    "bookingdates": {
        "checkin": "2026-03-11",
        "checkout": "2026-03-12"
    }
}
  When User retrieves booking details using stored booking ID via API                  # com.booking.stepDefinitions.E2EHotelBooking.User_retrieves_booking_details_using_stored_booking_ID_via_API()
  Then API response should contain updated booking details with status code 200        # com.booking.stepDefinitions.E2EHotelBooking.API_response_should_contain_updated_booking_details_with_status_code(int)
Request method:	DELETE
Request URI:	https://automationintesting.online/api/booking/11
Proxy:			<none>
Request params:	<none>
Query params:	<none>
Form params:	<none>
Path params:	<none>
Headers:		Accept=application/json, application/javascript, text/javascript, text/json
				Authorization=Bearer lDnbfojJbZaY7EX1
				Cookie=token=lDnbfojJbZaY7EX1
				Content-Type=application/json; charset=UTF-8
Cookies:		<none>
Multiparts:		<none>
Body:			<none>
HTTP/1.1 200 OK
Date: Mon, 30 Mar 2026 07:21:13 GMT
Content-Type: application/json
Transfer-Encoding: chunked
Connection: keep-alive
Server: cloudflare
vary: rsc, next-router-state-tree, next-router-prefetch, next-router-segment-prefetch
x-railway-edge: railway/asia-southeast1-eqsg3a
x-railway-request-id: 1LpY8fxMRCaiePYmipRofQ
x-railway-cdn-edge: fastly/cache-sin-wsat1880034-SIN
x-cache: MISS
x-cache-hits: 0
x-served-by: cache-sin-wsat1880034-SIN
cf-cache-status: DYNAMIC
Nel: {"report_to":"cf-nel","success_fraction":0.0,"max_age":604800}
Report-To: {"group":"cf-nel","max_age":604800,"endpoints":[{"url":"https://a.nel.cloudflare.com/report/v4?s=ECp1GHWYoOOIk99rnBHAbt8ri7pf%2F3U97ri7kJ9DmNLHEgqmS%2FIv9pl6659fHhrfnzQncAwaC%2BufkHlB%2FowQR%2BRZorIyspk8AjBI0Va5s9rZJiiAym06UOi9OgxNjpqpesP2gOICRiU0Ynf%2F%2Fw%3D%3D"}]}
Content-Encoding: gzip
CF-RAY: 9e455b334f7ffd13-SIN
alt-svc: h3=":443"; ma=86400

{
    "success": true
}
  When User attempts to cancel booking with ID via API                                 # com.booking.stepDefinitions.E2EHotelBooking.User_attempts_to_cancel_booking_with_ID_via_API()
  Then Booking cancellation should be successful with status 200                       # com.booking.stepDefinitions.E2EHotelBooking.Booking_cancellation_should_be_successful_with_status(int)
Request method:	GET
Request URI:	https://automationintesting.online/api/booking/11
Proxy:			<none>
Request params:	<none>
Query params:	<none>
Form params:	<none>
Path params:	<none>
Headers:		Accept=application/json, application/javascript, text/javascript, text/json
				Authorization=Bearer lDnbfojJbZaY7EX1
				Cookie=token=lDnbfojJbZaY7EX1
				Content-Type=application/json; charset=UTF-8
Cookies:		<none>
Multiparts:		<none>
Body:			<none>
HTTP/1.1 404 Not Found
Date: Mon, 30 Mar 2026 07:21:14 GMT
Content-Type: application/json
Transfer-Encoding: chunked
Connection: keep-alive
Server: cloudflare
vary: rsc, next-router-state-tree, next-router-prefetch, next-router-segment-prefetch
x-railway-edge: railway/asia-southeast1-eqsg3a
x-railway-request-id: oxMmq_KSSX6E-rELoB_USg
x-railway-cdn-edge: fastly/cache-sin-wsat1880037-SIN
x-cache: MISS
x-cache-hits: 0
x-served-by: cache-sin-wsat1880037-SIN
cf-cache-status: DYNAMIC
Nel: {"report_to":"cf-nel","success_fraction":0.0,"max_age":604800}
Report-To: {"group":"cf-nel","max_age":604800,"endpoints":[{"url":"https://a.nel.cloudflare.com/report/v4?s=fC3e%2FDR0pbQncomBQk46DHTMhE2NL%2Bjc6Q6QVH%2Bw2XCEMMzPUYjFgfi44zncKIwSBe28Xg8%2FmRB3%2FhwAKSPAFcp85wXJkq8V9HVnVVTQyz%2BRN7LH94tHlSC5gvGKElNd3lXmHXpJirvRv26rhQ%3D%3D"}]}
Content-Encoding: gzip
CF-RAY: 9e455b36ea0aa667-SIN
alt-svc: h3=":443"; ma=86400

{
    "error": "Failed to fetch booking: 404"
}
  And API response should return 404 when retrieving cancelled booking details         # com.booking.stepDefinitions.E2EHotelBooking.API_response_should_return_when_retrieving_cancelled_booking_details(int)

@E2E @HotelBookingAPI @e2e @smoke @regression @positive @E2E_1 @api
Scenario Outline: Complete happy path - Create, Book, and Receive Confirmation         # src/test/resources/features/09_e2eHotelBooking.feature:57
Request method:	POST
Request URI:	https://automationintesting.online/api/auth/login
Proxy:			<none>
Request params:	<none>
Query params:	<none>
Form params:	<none>
Path params:	<none>
Headers:		Accept=application/json, application/javascript, text/javascript, text/json
				Content-Type=application/json; charset=UTF-8
Cookies:		<none>
Multiparts:		<none>
Body:
{
    "password": "password",
    "username": "admin"
}
HTTP/1.1 200 OK
Date: Mon, 30 Mar 2026 07:21:15 GMT
Content-Type: application/json
Transfer-Encoding: chunked
Connection: keep-alive
Server: cloudflare
vary: rsc, next-router-state-tree, next-router-prefetch, next-router-segment-prefetch
x-railway-edge: railway/asia-southeast1-eqsg3a
x-railway-request-id: UcTFKvAORV-k95P0JH0Vcg
x-railway-cdn-edge: fastly/cache-sin-wsat1880057-SIN
x-cache: MISS
x-cache-hits: 0
x-served-by: cache-sin-wsat1880057-SIN
cf-cache-status: DYNAMIC
Nel: {"report_to":"cf-nel","success_fraction":0.0,"max_age":604800}
Report-To: {"group":"cf-nel","max_age":604800,"endpoints":[{"url":"https://a.nel.cloudflare.com/report/v4?s=%2Fy%2FMsgIgqeRbIBk00sDkq8yyO%2B4sp68lFTdBrH2zqqpDMAcQ97Ioo2VmHGGe2M%2F701MKYmAsnBoHsdNnEYIO1cUCoaEQAyDV5vSCqc1IsRHpKo81BiIxOItzMcOovoaiONYc4NmvcsXk0LVXew%3D%3D"}]}
Content-Encoding: gzip
CF-RAY: 9e455b3a9d48f875-SIN
alt-svc: h3=":443"; ma=86400

{
    "token": "Lr3GXOyqZF41hMoy"
}
  When User authenticates as user credentials:                                         # com.booking.stepDefinitions.E2EHotelBooking.User_authenticates_as_admin_credentials(io.cucumber.datatable.DataTable)
  And User stores the authentication token                                             # com.booking.stepDefinitions.E2EHotelBooking.User_stores_the_authentication_token()
  Then API response status code for E2E should be 200                                  # com.booking.stepDefinitions.E2EHotelBooking.API_response_status_code_for_E_E_should_be(int)
  When User enters search criteria with checkin "2025-12-10" and checkout "2025-12-12" # com.booking.stepDefinitions.E2EHotelBooking.User_enters_search_criteria_with_checkin_and_checkout(java.lang.String,java.lang.String)
Authentication Token: Cookie , token=Lr3GXOyqZF41hMoy
requestBody: {firstname=Bob, bookingdates={checkin=2025-12-10, checkout=2025-12-12}, phone=07358480687, depositpaid=false, roomid=2016, email=bob@example.com, lastname=Johnson}
Endpoint: reservation/2016?checkin=2025-12-10&checkout=2025-12-12
Spec: io.restassured.internal.RequestSpecificationImpl@29ef0ab8
Request method:	POST
Request URI:	https://automationintesting.online/api/booking
Proxy:			<none>
Request params:	<none>
Query params:	<none>
Form params:	<none>
Path params:	<none>
Headers:		Accept=application/json, application/javascript, text/javascript, text/json
				Cookie=token=Lr3GXOyqZF41hMoy
				Authorization=automationintesting.online
				Content-Type=application/json; charset=UTF-8
Cookies:		<none>
Multiparts:		<none>
Body:
{
    "firstname": "Bob",
    "bookingdates": {
        "checkin": "2025-12-10",
        "checkout": "2025-12-12"
    },
    "phone": "07358480687",
    "depositpaid": false,
    "roomid": 2016,
    "email": "bob@example.com",
    "lastname": "Johnson"
}
HTTP/1.1 201 Created
Date: Mon, 30 Mar 2026 07:21:15 GMT
Content-Type: application/json
Transfer-Encoding: chunked
Connection: keep-alive
Server: cloudflare
vary: rsc, next-router-state-tree, next-router-prefetch, next-router-segment-prefetch
x-railway-edge: railway/asia-southeast1-eqsg3a
x-railway-request-id: vy_UzgiIRcCEwfcB0ubPiw
x-railway-cdn-edge: fastly/cache-sin-wsat1880033-SIN
x-cache: MISS
x-cache-hits: 0
x-served-by: cache-sin-wsat1880033-SIN
cf-cache-status: DYNAMIC
Nel: {"report_to":"cf-nel","success_fraction":0.0,"max_age":604800}
Report-To: {"group":"cf-nel","max_age":604800,"endpoints":[{"url":"https://a.nel.cloudflare.com/report/v4?s=3%2F0LDkCywkBOUjG5OAtzechro2MhT0pq78ijzPLw6PTg5C42hxQg422hvR0PpXf4T6uSy1npyP%2FHtNFYMMhE0wDLfonF%2B77IKNaqN9Q1iHlbmidJKJmyHt5War67pF%2FWpgtIZmPM7%2BzU5t1nxA%3D%3D"}]}
CF-RAY: 9e455b3f8929eba1-SIN
alt-svc: h3=":443"; ma=86400

{
    "bookingid": 12,
    "roomid": 2016,
    "firstname": "Bob",
    "lastname": "Johnson",
    "depositpaid": false,
    "bookingdates": {
        "checkin": "2025-12-10",
        "checkout": "2025-12-12"
    }
}
  And User creates a new booking with following details and submits the booking:       # com.booking.stepDefinitions.E2EHotelBooking.User_creates_a_new_booking_with_following_details_and_submits_the_booking(io.cucumber.datatable.DataTable)
  Then API response status code should be 201 for booking creation                     # com.booking.stepDefinitions.E2EHotelBooking.API_response_status_code_should_be_for_booking_creation(int)
  And User should see booking confirmation page with booking ID displayed              # com.booking.stepDefinitions.E2EHotelBooking.User_should_see_booking_confirmation_page_with_booking_ID_displayed()
{firstname=Josh, depositpaid=false, bookingid=12, roomid=6, lastname=Mick}
Spec: io.restassured.internal.RequestSpecificationImpl@193de3bb
Request method:	PUT
Request URI:	https://automationintesting.online/api/booking/12
Proxy:			<none>
Request params:	<none>
Query params:	<none>
Form params:	<none>
Path params:	<none>
Headers:		Accept=application/json, application/javascript, text/javascript, text/json
				Cookie=token=Lr3GXOyqZF41hMoy
				Authorization=automationintesting.online
				Content-Type=application/json; charset=UTF-8
Cookies:		<none>
Multiparts:		<none>
Body:
{
    "firstname": "Josh",
    "bookingdates": {
        "checkin": "2026-03-11",
        "checkout": "2026-03-12"
    },
    "depositpaid": false,
    "bookingid": 12,
    "roomid": 6,
    "lastname": "Mick"
}
HTTP/1.1 200 OK
Date: Mon, 30 Mar 2026 07:21:16 GMT
Content-Type: application/json
Transfer-Encoding: chunked
Connection: keep-alive
Server: cloudflare
vary: rsc, next-router-state-tree, next-router-prefetch, next-router-segment-prefetch
x-railway-edge: railway/asia-southeast1-eqsg3a
x-railway-request-id: k_w4XMyuTMqkmK5bV7rehQ
x-railway-cdn-edge: fastly/cache-sin-wsat1880034-SIN
x-cache: MISS
x-cache-hits: 0
x-served-by: cache-sin-wsat1880034-SIN
cf-cache-status: DYNAMIC
Nel: {"report_to":"cf-nel","success_fraction":0.0,"max_age":604800}
Report-To: {"group":"cf-nel","max_age":604800,"endpoints":[{"url":"https://a.nel.cloudflare.com/report/v4?s=YvGc05df90u4tHO%2B4yqwvSbfA3C6bHIT78gbiCC0abVza2oVrBJvLxb85bHnIFLuaGarwJHjwGtnT5bsx2arjkZebpGYNaVhTA%2FHsr%2B0ygdplmpNH20QCZ6L52gmFDPaPvtITDofSWxVO3IIIw%3D%3D"}]}
Content-Encoding: gzip
CF-RAY: 9e455b42bbe6fcf7-SIN
alt-svc: h3=":443"; ma=86400

{
    "success": true
}
  When User attempts to update booking ID with following details:                      # com.booking.stepDefinitions.E2EHotelBooking.User_attempts_to_update_booking_ID_with_following_details(io.cucumber.datatable.DataTable)
  Then Booking update should be successful with status 200                             # com.booking.stepDefinitions.E2EHotelBooking.Booking_update_should_be_successful_with_status(int)
{"success":true}
  And Updated booking details should be reflected in system                            # com.booking.stepDefinitions.E2EHotelBooking.Updated_booking_details_should_be_reflected_in_system()
Request method:	GET
Request URI:	https://automationintesting.online/api/booking/12
Proxy:			<none>
Request params:	<none>
Query params:	<none>
Form params:	<none>
Path params:	<none>
Headers:		Accept=application/json, application/javascript, text/javascript, text/json
				Authorization=Bearer Lr3GXOyqZF41hMoy
				Cookie=token=Lr3GXOyqZF41hMoy
				Content-Type=application/json; charset=UTF-8
Cookies:		<none>
Multiparts:		<none>
Body:			<none>
HTTP/1.1 200 OK
Date: Mon, 30 Mar 2026 07:21:16 GMT
Content-Type: application/json
Transfer-Encoding: chunked
Connection: keep-alive
Server: cloudflare
vary: rsc, next-router-state-tree, next-router-prefetch, next-router-segment-prefetch
x-railway-edge: railway/asia-southeast1-eqsg3a
x-railway-request-id: vMlowS0HRqm3GnTTV7rehQ
x-railway-cdn-edge: fastly/cache-sin-wsat1880037-SIN
x-cache: MISS
x-cache-hits: 0
x-served-by: cache-sin-wsat1880037-SIN
cf-cache-status: DYNAMIC
Nel: {"report_to":"cf-nel","success_fraction":0.0,"max_age":604800}
Report-To: {"group":"cf-nel","max_age":604800,"endpoints":[{"url":"https://a.nel.cloudflare.com/report/v4?s=XSeACeLb3erCwEW9O8he0DUyh5yVzUrTYP3KugyZFOA2b9jBLObnJu67kYmUNJ9JW3LyIJ5DEuvlWnyJzUtCWp1y7beGNt%2BkbLwNWtOc%2BhIljUXlK%2FpnJumIc1EJh1e%2BpqLE7xhISKsPzthMXg%3D%3D"}]}
Content-Encoding: gzip
CF-RAY: 9e455b47cec70cd4-SIN
alt-svc: h3=":443"; ma=86400

{
    "bookingid": 12,
    "roomid": 2016,
    "firstname": "Josh",
    "lastname": "Mick",
    "depositpaid": false,
    "bookingdates": {
        "checkin": "2026-03-11",
        "checkout": "2026-03-12"
    }
}
  When User retrieves booking details using stored booking ID via API                  # com.booking.stepDefinitions.E2EHotelBooking.User_retrieves_booking_details_using_stored_booking_ID_via_API()
  Then API response should contain updated booking details with status code 200        # com.booking.stepDefinitions.E2EHotelBooking.API_response_should_contain_updated_booking_details_with_status_code(int)
Request method:	DELETE
Request URI:	https://automationintesting.online/api/booking/12
Proxy:			<none>
Request params:	<none>
Query params:	<none>
Form params:	<none>
Path params:	<none>
Headers:		Accept=application/json, application/javascript, text/javascript, text/json
				Authorization=Bearer Lr3GXOyqZF41hMoy
				Cookie=token=Lr3GXOyqZF41hMoy
				Content-Type=application/json; charset=UTF-8
Cookies:		<none>
Multiparts:		<none>
Body:			<none>
HTTP/1.1 200 OK
Date: Mon, 30 Mar 2026 07:21:17 GMT
Content-Type: application/json
Transfer-Encoding: chunked
Connection: keep-alive
Server: cloudflare
vary: rsc, next-router-state-tree, next-router-prefetch, next-router-segment-prefetch
x-railway-edge: railway/asia-southeast1-eqsg3a
x-railway-request-id: DOAz7X4fSrWhgnqtoB_USg
x-railway-cdn-edge: fastly/cache-sin-wsat1880033-SIN
x-cache: MISS
x-cache-hits: 0
x-served-by: cache-sin-wsat1880033-SIN
cf-cache-status: DYNAMIC
Nel: {"report_to":"cf-nel","success_fraction":0.0,"max_age":604800}
Report-To: {"group":"cf-nel","max_age":604800,"endpoints":[{"url":"https://a.nel.cloudflare.com/report/v4?s=OAQPj2tteaEtZEkZ3dCa5R58hTD6RukGa4bh7LT0lNDMqJ4FPSyJcolcn0jTsoWlE8%2FWgIhf0NCRxU%2BblVfjp2BFnX0ofKvdB9XiinB8muGuPdr%2BId%2BAEg9%2BetN20E7wZqbxQ3LIBqFt28Ceow%3D%3D"}]}
Content-Encoding: gzip
CF-RAY: 9e455b4a485f447c-SIN
alt-svc: h3=":443"; ma=86400

{
    "success": true
}
  When User attempts to cancel booking with ID via API                                 # com.booking.stepDefinitions.E2EHotelBooking.User_attempts_to_cancel_booking_with_ID_via_API()
  Then Booking cancellation should be successful with status 200                       # com.booking.stepDefinitions.E2EHotelBooking.Booking_cancellation_should_be_successful_with_status(int)
Request method:	GET
Request URI:	https://automationintesting.online/api/booking/12
Proxy:			<none>
Request params:	<none>
Query params:	<none>
Form params:	<none>
Path params:	<none>
Headers:		Accept=application/json, application/javascript, text/javascript, text/json
				Authorization=Bearer Lr3GXOyqZF41hMoy
				Cookie=token=Lr3GXOyqZF41hMoy
				Content-Type=application/json; charset=UTF-8
Cookies:		<none>
Multiparts:		<none>
Body:			<none>
HTTP/1.1 404 Not Found
Date: Mon, 30 Mar 2026 07:21:17 GMT
Content-Type: application/json
Transfer-Encoding: chunked
Connection: keep-alive
Server: cloudflare
vary: rsc, next-router-state-tree, next-router-prefetch, next-router-segment-prefetch
x-railway-edge: railway/asia-southeast1-eqsg3a
x-railway-request-id: Duy2YTjITPC9bbfuVOLIQQ
x-railway-cdn-edge: fastly/cache-sin-wsat1880088-SIN
x-cache: MISS
x-cache-hits: 0
x-served-by: cache-sin-wsat1880088-SIN
cf-cache-status: DYNAMIC
Nel: {"report_to":"cf-nel","success_fraction":0.0,"max_age":604800}
Report-To: {"group":"cf-nel","max_age":604800,"endpoints":[{"url":"https://a.nel.cloudflare.com/report/v4?s=CD73iLyb5ov2PqWhA93%2F6YBUaVSCF2jYIPjh%2Bd%2FypfELcpsD17hv1sHTtqeGSa073NOTXi1mjwMDUCE5ltewEY0O%2BsQLj%2B2965CLzyOxEhSuhGqjS2rvHrAK%2BY7E2Q882VpnMKi4PyFZQpzp7g%3D%3D"}]}
Content-Encoding: gzip
CF-RAY: 9e455b4d1a91ce59-SIN
alt-svc: h3=":443"; ma=86400

{
    "error": "Failed to fetch booking: 404"
}
  And API response should return 404 when retrieving cancelled booking details         # com.booking.stepDefinitions.E2EHotelBooking.API_response_should_return_when_retrieving_cancelled_booking_details(int)
ΓöîΓöÇΓöÇΓöÇΓöÇΓöÇΓöÇΓöÇΓöÇΓöÇΓöÇΓöÇΓöÇΓöÇΓöÇΓöÇΓöÇΓöÇΓöÇΓöÇΓöÇΓöÇΓöÇΓöÇΓöÇΓöÇΓ
öÇΓöÇΓöÇΓöÇΓöÇΓöÇΓöÇΓöÇΓöÇΓöÇΓöÇΓöÇΓöÇΓöÇΓöÇΓöÇΓöÇΓöÇΓöÇΓöÇΓöÇΓöÇΓöÇΓöÇΓöÇΓöÇΓö
ÇΓöÇΓöÇΓöÇΓöÇΓöÇΓöÇΓöÇΓöÇΓöÇΓöÇΓöÇΓöÇΓöÇΓöÇΓöÇΓöÇΓöÇΓöÇΓöÇΓöÇΓöÇΓöÇΓöÉ
Γöé View your Cucumber Report at:                                            
Γöé
Γöé https://reports.cucumber.io/reports/97e4e7ad-552e-4b0d-962e-8553524166fe 
Γöé
Γöé                                                                          
Γöé
Γöé This report will self-destruct in 24h.                                   
Γöé
[ERROR] Tests run: 49, Failures: 7, Errors: 0, Skipped: 0, Time elapsed: 163.535 s <<< FAILURE! - in TestSuite
[ERROR] com.booking.runners.TestRunner.runScenario["Check room availability with invalid date formats and ranges", "Optional[Check Room Availability API]"](18)  Time elapsed: 0.511 s  <<< FAILURE!
java.lang.AssertionError: Response status code mismatch. Expected: 400 Actual: 200 Body: {"rooms":[{"roomid":1,"roomName":"101","type":"Single","accessible":true,"image":"/images/room1.jpg","description":"Aenean porttitor mauris sit amet lacinia molestie. In posuere accumsan aliquet. Maecenas sit amet nisl massa. Interdum et malesuada fames ac ante.","features":["TV","WiFi","Safe"],"roomPrice":100},{"roomid":2,"roomName":"102","type":"Double","accessible":true,"image":"/images/room2.jpg","description":"Vestibulum sollicitudin, lectus ac mollis consequat, lorem orci ultrices tellus, eleifend euismod tortor dui egestas erat. Phasellus et ipsum nisl. ","features":["TV","Radio","Safe"],"roomPrice":150},{"roomid":3,"roomName":"103","type":"Suite","accessible":true,"image":"/images/room3.jpg","description":"Etiam metus metus, fringilla ac sagittis id, consequat vel neque. Nunc commodo quis nisl nec posuere. Etiam at accumsan ex. ","features":["Radio","WiFi","Safe"],"roomPrice":225}]} expected [400] but found [200]
	at org.testng.Assert.fail(Assert.java:99)
	at org.testng.Assert.failNotEquals(Assert.java:1037)
	at org.testng.Assert.assertEqualsImpl(Assert.java:140)
	at org.testng.Assert.assertEquals(Assert.java:122)
	at org.testng.Assert.assertEquals(Assert.java:907)
	at com.booking.stepDefinitions.RoomManagementAPI.API_response_status_code_should_be(RoomManagementAPI.java:90)
	at Γ£╜.API response status code of RM should be 400(file:///D:/Joshiba/Kata_Cucumber_Project/api_hotel_booking/src/test/resources/features/02_checkRoomAvailability.feature:46)

[ERROR] com.booking.runners.TestRunner.runScenario["Check room availability with invalid date formats and ranges", "Optional[Check Room Availability API]"](19)  Time elapsed: 33.259 s  <<< FAILURE!
java.lang.AssertionError: Response status code mismatch. Expected: 503 Actual: 500 Body: [] expected [503] but found [500]
	at org.testng.Assert.fail(Assert.java:99)
	at org.testng.Assert.failNotEquals(Assert.java:1037)
	at org.testng.Assert.assertEqualsImpl(Assert.java:140)
	at org.testng.Assert.assertEquals(Assert.java:122)
	at org.testng.Assert.assertEquals(Assert.java:907)
	at com.booking.stepDefinitions.RoomManagementAPI.API_response_status_code_should_be(RoomManagementAPI.java:90)
	at Γ£╜.API response status code of RM should be 503(file:///D:/Joshiba/Kata_Cucumber_Project/api_hotel_booking/src/test/resources/features/02_checkRoomAvailability.feature:46)

[ERROR] com.booking.runners.TestRunner.runScenario["Check room availability with invalid date formats and ranges", "Optional[Check Room Availability API]"](20)  Time elapsed: 1.169 s  <<< FAILURE!
java.lang.AssertionError: Response status code mismatch. Expected: 400 Actual: 200 Body: {"rooms":[{"roomid":1,"roomName":"101","type":"Single","accessible":true,"image":"/images/room1.jpg","description":"Aenean porttitor mauris sit amet lacinia molestie. In posuere accumsan aliquet. Maecenas sit amet nisl massa. Interdum et malesuada fames ac ante.","features":["TV","WiFi","Safe"],"roomPrice":100},{"roomid":2,"roomName":"102","type":"Double","accessible":true,"image":"/images/room2.jpg","description":"Vestibulum sollicitudin, lectus ac mollis consequat, lorem orci ultrices tellus, eleifend euismod tortor dui egestas erat. Phasellus et ipsum nisl. ","features":["TV","Radio","Safe"],"roomPrice":150},{"roomid":3,"roomName":"103","type":"Suite","accessible":true,"image":"/images/room3.jpg","description":"Etiam metus metus, fringilla ac sagittis id, consequat vel neque. Nunc commodo quis nisl nec posuere. Etiam at accumsan ex. ","features":["Radio","WiFi","Safe"],"roomPrice":225}]} expected [400] but found [200]
	at org.testng.Assert.fail(Assert.java:99)
	at org.testng.Assert.failNotEquals(Assert.java:1037)
	at org.testng.Assert.assertEqualsImpl(Assert.java:140)
	at org.testng.Assert.assertEquals(Assert.java:122)
	at org.testng.Assert.assertEquals(Assert.java:907)
	at com.booking.stepDefinitions.RoomManagementAPI.API_response_status_code_should_be(RoomManagementAPI.java:90)
	at Γ£╜.API response status code of RM should be 400(file:///D:/Joshiba/Kata_Cucumber_Project/api_hotel_booking/src/test/resources/features/02_checkRoomAvailability.feature:46)

[ERROR] com.booking.runners.TestRunner.runScenario["Get room details with invalid room ID", "Optional[Get Room Details API]"](24)  Time elapsed: 33.057 s  <<< FAILURE!
java.lang.AssertionError: Response status code mismatch. Expected: 503 Actual: 500 Body: {"timestamp":"2026-03-30T07:20:08.818+00:00","status":500,"error":"Internal Server Error","path":"/room/99999"} expected [503] but found [500]
	at org.testng.Assert.fail(Assert.java:99)
	at org.testng.Assert.failNotEquals(Assert.java:1037)
	at org.testng.Assert.assertEqualsImpl(Assert.java:140)
	at org.testng.Assert.assertEquals(Assert.java:122)
	at org.testng.Assert.assertEquals(Assert.java:907)
	at com.booking.stepDefinitions.RoomManagementAPI.API_response_status_code_should_be(RoomManagementAPI.java:90)
	at Γ£╜.API response status code of RM should be 503(file:///D:/Joshiba/Kata_Cucumber_Project/api_hotel_booking/src/test/resources/features/03_getRoomDetails.feature:50)

[ERROR] com.booking.runners.TestRunner.runScenario["Attempt to create a booking with missing/invalid required fields", "Optional[Create Booking]"](32)  Time elapsed: 0.521 s  <<< FAILURE!
java.lang.AssertionError: Expected status code 400 for bad request, but got: 201 Body: {"bookingid":6,"roomid":2614,"firstname":"John","lastname":"Doe","depositpaid":false,"bookingdates":{"checkin":"2025-08-01","checkout":"2025-08-05"}} expected [400] but found [201]
	at org.testng.Assert.fail(Assert.java:99)
	at org.testng.Assert.failNotEquals(Assert.java:1037)
	at org.testng.Assert.assertEqualsImpl(Assert.java:140)
	at org.testng.Assert.assertEquals(Assert.java:122)
	at org.testng.Assert.assertEquals(Assert.java:907)
	at com.booking.stepDefinitions.E2EHotelBooking.API_response_status_code_should_be_for_bad_request(E2EHotelBooking.java:437)
	at Γ£╜.API response status code should be 400 for bad request(file:///D:/Joshiba/Kata_Cucumber_Project/api_hotel_booking/src/test/resources/features/04_createBooking.feature:58)

[ERROR] com.booking.runners.TestRunner.runScenario["Attempt to create a booking with missing/invalid required fields", "Optional[Create Booking]"](33)  Time elapsed: 0.771 s  <<< FAILURE!
java.lang.AssertionError: Expected status code 400 for bad request, but got: 201 Body: {"bookingid":7,"roomid":2041,"firstname":"John","lastname":"Doe","depositpaid":false,"bookingdates":{"checkin":"2025-08-01","checkout":"2025-08-05"}} expected [400] but found [201]
	at org.testng.Assert.fail(Assert.java:99)
	at org.testng.Assert.failNotEquals(Assert.java:1037)
	at org.testng.Assert.assertEqualsImpl(Assert.java:140)
	at org.testng.Assert.assertEquals(Assert.java:122)
	at org.testng.Assert.assertEquals(Assert.java:907)
	at com.booking.stepDefinitions.E2EHotelBooking.API_response_status_code_should_be_for_bad_request(E2EHotelBooking.java:437)
	at Γ£╜.API response status code should be 400 for bad request(file:///D:/Joshiba/Kata_Cucumber_Project/api_hotel_booking/src/test/resources/features/04_createBooking.feature:58)

[ERROR] com.booking.runners.TestRunner.runScenario["Attempt to retrieve room information with invalid ID", "Optional[Room Information Retrieval]"](42)  Time elapsed: 33.276 s  <<< FAILURE!
java.lang.AssertionError: Response status code mismatch. Expected: 404 Actual: 500 Body: {"timestamp":"2026-03-30T07:21:00.546+00:00","status":500,"error":"Internal Server Error","path":"/room/999"} expected [404] but found [500]
	at org.testng.Assert.fail(Assert.java:99)
	at org.testng.Assert.failNotEquals(Assert.java:1037)
	at org.testng.Assert.assertEqualsImpl(Assert.java:140)
	at org.testng.Assert.assertEquals(Assert.java:122)
	at org.testng.Assert.assertEquals(Assert.java:907)
	at com.booking.stepDefinitions.E2EHotelBooking.API_response_status_code_should_be_for_not_found(E2EHotelBooking.java:866)
	at Γ£╜.API response status code should be 404 for not found(file:///D:/Joshiba/Kata_Cucumber_Project/api_hotel_booking/src/test/resources/features/07_getBookingDetail.feature:27)

[ERROR] Failures: 
[ERROR]   TestRunner.runScenario Expected status code 400 for bad request, but got: 201 Body: {"bookingid":6,"roomid":2614,"firstname":"John","lastname":"Doe","depositpaid":false,"bookingdates":{"checkin":"2025-08-01","checkout":"2025-08-05"}} expected [400] but found [201]
[ERROR]   TestRunner.runScenario Expected status code 400 for bad request, but got: 201 Body: {"bookingid":7,"roomid":2041,"firstname":"John","lastname":"Doe","depositpaid":false,"bookingdates":{"checkin":"2025-08-01","checkout":"2025-08-05"}} expected [400] but found [201]
[ERROR]   TestRunner.runScenario Response status code mismatch. Expected: 404 Actual: 500 Body: {"timestamp":"2026-03-30T07:21:00.546+00:00","status":500,"error":"Internal Server Error","path":"/room/999"} expected [404] but found [500]
[ERROR]   TestRunner.runScenario Response status code mismatch. Expected: 400 Actual: 200 Body: {"rooms":[{"roomid":1,"roomName":"101","type":"Single","accessible":true,"image":"/images/room1.jpg","description":"Aenean porttitor mauris sit amet lacinia molestie. In posuere accumsan aliquet. Maecenas sit amet nisl massa. Interdum et malesuada fames ac ante.","features":["TV","WiFi","Safe"],"roomPrice":100},{"roomid":2,"roomName":"102","type":"Double","accessible":true,"image":"/images/room2.jpg","description":"Vestibulum sollicitudin, lectus ac mollis consequat, lorem orci ultrices tellus, eleifend euismod tortor dui egestas erat. Phasellus et ipsum nisl. ","features":["TV","Radio","Safe"],"roomPrice":150},{"roomid":3,"roomName":"103","type":"Suite","accessible":true,"image":"/images/room3.jpg","description":"Etiam metus metus, fringilla ac sagittis id, consequat vel neque. Nunc commodo quis nisl nec posuere. Etiam at accumsan ex. ","features":["Radio","WiFi","Safe"],"roomPrice":225}]} expected [400] but found [200]
[ERROR]   TestRunner.runScenario Response status code mismatch. Expected: 503 Actual: 500 Body: [] expected [503] but found [500]
[ERROR]   TestRunner.runScenario Response status code mismatch. Expected: 400 Actual: 200 Body: {"rooms":[{"roomid":1,"roomName":"101","type":"Single","accessible":true,"image":"/images/room1.jpg","description":"Aenean porttitor mauris sit amet lacinia molestie. In posuere accumsan aliquet. Maecenas sit amet nisl massa. Interdum et malesuada fames ac ante.","features":["TV","WiFi","Safe"],"roomPrice":100},{"roomid":2,"roomName":"102","type":"Double","accessible":true,"image":"/images/room2.jpg","description":"Vestibulum sollicitudin, lectus ac mollis consequat, lorem orci ultrices tellus, eleifend euismod tortor dui egestas erat. Phasellus et ipsum nisl. ","features":["TV","Radio","Safe"],"roomPrice":150},{"roomid":3,"roomName":"103","type":"Suite","accessible":true,"image":"/images/room3.jpg","description":"Etiam metus metus, fringilla ac sagittis id, consequat vel neque. Nunc commodo quis nisl nec posuere. Etiam at accumsan ex. ","features":["Radio","WiFi","Safe"],"roomPrice":225}]} expected [400] but found [200]
[ERROR]   TestRunner.runScenario Response status code mismatch. Expected: 503 Actual: 500 Body: {"timestamp":"2026-03-30T07:20:08.818+00:00","status":500,"error":"Internal Server Error","path":"/room/99999"} expected [503] but found [500]
[ERROR] Tests run: 49, Failures: 7, Errors: 0, Skipped: 0
[ERROR] Failed to execute goal org.apache.maven.plugins:maven-surefire-plugin:3.0.0-M9:test (default-test) on project api_hotel_booking: There are test failures.
[ERROR] 
[ERROR] Please refer to D:\Joshiba\Kata_Cucumber_Project\api_hotel_booking\target\surefire-reports for the individual test results.
[ERROR] Please refer to dump files (if any exist) [date].dump, [date]-jvmRun[N].dump and [date].dumpstream.
[ERROR] -> [Help 1]
[ERROR] 
[ERROR] To see the full stack trace of the errors, re-run Maven with the -e switch.
[ERROR] Re-run Maven using the -X switch to enable full debug logging.
[ERROR] 
[ERROR] For more information about the errors and possible solutions, please read the following articles:
[ERROR] [Help 1] http://cwiki.apache.org/confluence/display/MAVEN/MojoFailureException
ΓööΓöÇΓöÇΓöÇΓöÇΓöÇΓöÇΓöÇΓöÇΓöÇΓöÇΓöÇΓöÇΓöÇΓöÇΓöÇΓöÇΓöÇΓöÇΓöÇΓöÇΓöÇΓöÇΓöÇΓöÇΓöÇΓ
öÇΓöÇΓöÇΓöÇΓöÇΓöÇΓöÇΓöÇΓöÇΓöÇΓöÇΓöÇΓöÇΓöÇΓöÇΓöÇΓöÇΓöÇΓöÇΓöÇΓöÇΓöÇΓöÇΓöÇΓöÇΓöÇΓö
ÇΓöÇΓöÇΓöÇΓöÇΓöÇΓöÇΓöÇΓöÇΓöÇΓöÇΓöÇΓöÇΓöÇΓöÇΓöÇΓöÇΓöÇΓöÇΓöÇΓöÇΓöÇΓöÇΓöÿ
