mvn : WARNING: A restricted method in java.lang.System has been called
At line:1 char:1
+ mvn test 2>&1 > test-output.log; Get-Content test-output.log | Select ...
+ ~~~~~~~~~~~~~~~~~~~~~~~~~~~~~~~
    + CategoryInfo          : NotSpecified: (WARNING: A rest...has been called 
   :String) [], RemoteException
    + FullyQualifiedErrorId : NativeCommandError
 
WARNING: java.lang.System::load has been called by 
org.fusesource.jansi.internal.JansiLoader in an unnamed module 
(file:/C:/maven/lib/jansi-2.4.0.jar)
WARNING: Use --enable-native-access=ALL-UNNAMED to avoid a warning for callers 
in this module
WARNING: Restricted methods will be blocked in a future release unless native 
access is enabled

WARNING: A terminally deprecated method in sun.misc.Unsafe has been called
WARNING: sun.misc.Unsafe::objectFieldOffset has been called by 
com.google.common.util.concurrent.AbstractFuture$UnsafeAtomicHelper 
(file:/C:/maven/lib/guava-32.0.1-jre.jar)
WARNING: Please consider reporting this to the maintainers of class 
com.google.common.util.concurrent.AbstractFuture$UnsafeAtomicHelper
WARNING: sun.misc.Unsafe::objectFieldOffset will be removed in a future release
WARNING: Final field _cipher in class 
org.sonatype.plexus.components.sec.dispatcher.DefaultSecDispatcher has been 
mutated reflectively by class org.eclipse.sisu.bean.BeanPropertyField in 
unnamed module @3b2da18f 
(file:/C:/maven/lib/org.eclipse.sisu.inject-0.9.0.M2.jar)
WARNING: Use --enable-final-field-mutation=ALL-UNNAMED to avoid a warning
WARNING: Mutating final fields will be blocked in a future release unless 
final field mutation is enabled
[INFO] Scanning for projects...
[INFO] 
[INFO] -------------------< com.booking:api_hotel_booking >--------------------
[INFO] Building api_hotel_booking 1.0-SNAPSHOT
[INFO]   from pom.xml
[INFO] --------------------------------[ jar ]---------------------------------
[INFO] 
[INFO] --- resources:3.0.2:resources (default-resources) @ api_hotel_booking ---
[INFO] Using 'UTF-8' encoding to copy filtered resources.
[INFO] skip non existing resourceDirectory D:\Joshiba\Kata_Cucumber_Project\api_hotel_booking\src\main\resources
[INFO] 
[INFO] --- compiler:3.8.0:compile (default-compile) @ api_hotel_booking ---
[INFO] Nothing to compile - all classes are up to date
[INFO] 
[INFO] --- resources:3.0.2:testResources (default-testResources) @ api_hotel_booking ---
[INFO] Using 'UTF-8' encoding to copy filtered resources.
[INFO] Copying 10 resources
[INFO] 
[INFO] --- compiler:3.8.0:testCompile (default-testCompile) @ api_hotel_booking ---
[INFO] Nothing to compile - all classes are up to date
[INFO] 
[INFO] --- surefire:3.0.0-M9:test (default-test) @ api_hotel_booking ---
[INFO] Using auto detected provider org.apache.maven.surefire.testng.TestNGProvider
[INFO] 
[INFO] -------------------------------------------------------
[INFO]  T E S T S
[INFO] -------------------------------------------------------
[INFO] Running TestSuite
WARNING: A terminally deprecated method in sun.misc.Unsafe has been called
WARNING: sun.misc.Unsafe::arrayBaseOffset has been called by 
io.cucumber.messages.internal.com.google.protobuf.UnsafeUtil$MemoryAccessor (fi
le:/C:/Users/Juanita/.m2/repository/io/cucumber/messages/15.0.0/messages-15.0.0
.jar)
WARNING: Please consider reporting this to the maintainers of class 
io.cucumber.messages.internal.com.google.protobuf.UnsafeUtil$MemoryAccessor
WARNING: sun.misc.Unsafe::arrayBaseOffset will be removed in a future release

@smoke @regression @positive @CreateBooking_1 @api
Scenario Outline: Create a booking with valid details                                  # src/test/resources/features/createBooking.feature:41
  When User enters search criteria with checkin "2025-07-17" and checkout "2025-07-18" # com.booking.stepDefinitions.E2EHotelBooking.User_enters_search_criteria_with_checkin_and_checkout(java.lang.String,java.lang.String)
Authentication Token: Cookie , token=null
requestBody: {firstname=Krishnan, bookingdates={checkin=2025-07-17, checkout=2025-07-18}, phone=07358480685, depositpaid=false, roomid=2895, email=suresh1@gmail.com, lastname=Krishnan}
Endpoint: reservation/2895?checkin=2025-07-17&checkout=2025-07-18
Spec: io.restassured.internal.RequestSpecificationImpl@e90146a
Request method:	POST
Request URI:	https://automationintesting.online/api/booking
Proxy:			<none>
Request params:	<none>
Query params:	<none>
Form params:	<none>
Path params:	<none>
Headers:		Accept=application/json, application/javascript, text/javascript, text/json
				Cookie=token=null
				Authorization=automationintesting.online
				Content-Type=application/json; charset=UTF-8
Cookies:		<none>
Multiparts:		<none>
Body:
{
    "firstname": "Krishnan",
    "bookingdates": {
        "checkin": "2025-07-17",
        "checkout": "2025-07-18"
    },
    "phone": "07358480685",
    "depositpaid": false,
    "roomid": 2895,
    "email": "suresh1@gmail.com",
    "lastname": "Krishnan"
}
HTTP/1.1 201 Created
Date: Sun, 29 Mar 2026 12:40:19 GMT
Content-Type: application/json
Transfer-Encoding: chunked
Connection: keep-alive
Server: cloudflare
vary: rsc, next-router-state-tree, next-router-prefetch, next-router-segment-prefetch
x-railway-edge: railway/asia-southeast1-eqsg3a
x-railway-request-id: teHjAlEnTYiWvG-DAQeqjw
x-railway-cdn-edge: fastly/cache-sin-wsap440027-SIN
x-cache: MISS
x-cache-hits: 0
x-served-by: cache-sin-wsap440027-SIN
cf-cache-status: DYNAMIC
Nel: {"report_to":"cf-nel","success_fraction":0.0,"max_age":604800}
Report-To: {"group":"cf-nel","max_age":604800,"endpoints":[{"url":"https://a.nel.cloudflare.com/report/v4?s=%2FWTKjfpW%2BRcVrJjNeWJIGZnJk6grxRx26B8IGyYtBTKNfRNWLHJxR5wSXsif19tgBXmXaOz1BK86FzokTHAo23Vssc%2FJj%2BA4nSjUnnsGCzY2%2F4fCCvi5P%2BouL0S69Ijfq%2BlyIh3PwjEjGj0kCg%3D%3D"}]}
CF-RAY: 9e3ef13ae82ed98b-SIN
alt-svc: h3=":443"; ma=86400

{
    "bookingid": 5,
    "roomid": 2895,
    "firstname": "Krishnan",
    "lastname": "Krishnan",
    "depositpaid": false,
    "bookingdates": {
        "checkin": "2025-07-17",
        "checkout": "2025-07-18"
    }
}
  And User creates a new booking with following details and submits the booking:       # com.booking.stepDefinitions.E2EHotelBooking.User_creates_a_new_booking_with_following_details_and_submits_the_booking(io.cucumber.datatable.DataTable)
  Then API response status code should be 201 for booking creation                     # com.booking.stepDefinitions.E2EHotelBooking.API_response_status_code_should_be_for_booking_creation(int)
  And User should see booking confirmation page with booking ID displayed              # com.booking.stepDefinitions.E2EHotelBooking.User_should_see_booking_confirmation_page_with_booking_ID_displayed()
  And Booking should contain all submitted details                                     # com.booking.stepDefinitions.E2EHotelBooking.Booking_should_contain_all_submitted_details()
      java.lang.AssertionError: Response should contain email: suresh1@gmail.com expected [true] but found [false]
	at org.testng.Assert.fail(Assert.java:99)
	at org.testng.Assert.failNotEquals(Assert.java:1037)
	at org.testng.Assert.assertTrue(Assert.java:45)
	at com.booking.stepDefinitions.E2EHotelBooking.Booking_should_contain_all_submitted_details(E2EHotelBooking.java:335)
	at Γ£╜.Booking should contain all submitted details(file:///D:/Joshiba/Kata_Cucumber_Project/api_hotel_booking/src/test/resources/features/createBooking.feature:37)


@smoke @regression @positive @CreateBooking_1 @api
Scenario Outline: Create a booking with valid details                                  # src/test/resources/features/createBooking.feature:42
  When User enters search criteria with checkin "2025-08-01" and checkout "2025-08-05" # com.booking.stepDefinitions.E2EHotelBooking.User_enters_search_criteria_with_checkin_and_checkout(java.lang.String,java.lang.String)
Authentication Token: Cookie , token=null
requestBody: {firstname=John, bookingdates={checkin=2025-08-01, checkout=2025-08-05}, phone=1234567890, depositpaid=true, roomid=2560, email=john.doe@example.com, lastname=Doe}
Endpoint: reservation/2560?checkin=2025-08-01&checkout=2025-08-05
Spec: io.restassured.internal.RequestSpecificationImpl@4da481a3
Request method:	POST
Request URI:	https://automationintesting.online/api/booking
Proxy:			<none>
Request params:	<none>
Query params:	<none>
Form params:	<none>
Path params:	<none>
Headers:		Accept=application/json, application/javascript, text/javascript, text/json
				Cookie=token=null
				Authorization=automationintesting.online
				Content-Type=application/json; charset=UTF-8
Cookies:		<none>
Multiparts:		<none>
Body:
{
    "firstname": "John",
    "bookingdates": {
        "checkin": "2025-08-01",
        "checkout": "2025-08-05"
    },
    "phone": "1234567890",
    "depositpaid": true,
    "roomid": 2560,
    "email": "john.doe@example.com",
    "lastname": "Doe"
}
HTTP/1.1 400 Bad Request
Date: Sun, 29 Mar 2026 12:40:20 GMT
Content-Type: application/json
Transfer-Encoding: chunked
Connection: keep-alive
Server: cloudflare
vary: rsc, next-router-state-tree, next-router-prefetch, next-router-segment-prefetch
x-railway-edge: railway/asia-southeast1-eqsg3a
x-railway-request-id: OTTjPR3dQiGRka_HVOLIQQ
x-railway-cdn-edge: fastly/cache-sin-wsap440078-SIN
x-cache: MISS
x-cache-hits: 0
x-served-by: cache-sin-wsap440078-SIN
cf-cache-status: DYNAMIC
Nel: {"report_to":"cf-nel","success_fraction":0.0,"max_age":604800}
Report-To: {"group":"cf-nel","max_age":604800,"endpoints":[{"url":"https://a.nel.cloudflare.com/report/v4?s=ykJRJWXuqeBzfrg27k%2FcNcyXpPmMySDlbULirwiYQ2yBTgd5Hk9tX5F%2BaujHW1Cj5r8c9fB8u9JdNEZgGiH4Pvrl%2Ffm9wpjKZKPGKItfxjbD16Bv3qa4DrWeC8Iv1wUdDg6CNIk%2BEw6LHjRB%2Fw%3D%3D"}]}
CF-RAY: 9e3ef1428cd95feb-SIN
alt-svc: h3=":443"; ma=86400

{
    "errors": [
        "size must be between 11 and 21"
    ]
}
  And User creates a new booking with following details and submits the booking:       # com.booking.stepDefinitions.E2EHotelBooking.User_creates_a_new_booking_with_following_details_and_submits_the_booking(io.cucumber.datatable.DataTable)
  Then API response status code should be 201 for booking creation                     # com.booking.stepDefinitions.E2EHotelBooking.API_response_status_code_should_be_for_booking_creation(int)
      java.lang.AssertionError: Response status code mismatch. Expected: 201 Actual: 400 Body: {"errors":["size must be between 11 and 21"]} expected [201] but found [400]
	at org.testng.Assert.fail(Assert.java:99)
	at org.testng.Assert.failNotEquals(Assert.java:1037)
	at org.testng.Assert.assertEqualsImpl(Assert.java:140)
	at org.testng.Assert.assertEquals(Assert.java:122)
	at org.testng.Assert.assertEquals(Assert.java:907)
	at com.booking.stepDefinitions.E2EHotelBooking.API_response_status_code_should_be_for_booking_creation(E2EHotelBooking.java:197)
	at Γ£╜.API response status code should be 201 for booking creation(file:///D:/Joshiba/Kata_Cucumber_Project/api_hotel_booking/src/test/resources/features/createBooking.feature:35)

  And User should see booking confirmation page with booking ID displayed              # com.booking.stepDefinitions.E2EHotelBooking.User_should_see_booking_confirmation_page_with_booking_ID_displayed()
  And Booking should contain all submitted details                                     # com.booking.stepDefinitions.E2EHotelBooking.Booking_should_contain_all_submitted_details()
ΓöîΓöÇΓöÇΓöÇΓöÇΓöÇΓöÇΓöÇΓöÇΓöÇΓöÇΓöÇΓöÇΓöÇΓöÇΓöÇΓöÇΓöÇΓöÇΓöÇΓöÇΓöÇΓöÇΓöÇΓöÇΓöÇΓ
öÇΓöÇΓöÇΓöÇΓöÇΓöÇΓöÇΓöÇΓöÇΓöÇΓöÇΓöÇΓöÇΓöÇΓöÇΓöÇΓöÇΓöÇΓöÇΓöÇΓöÇΓöÇΓöÇΓöÇΓöÇΓöÇΓö
ÇΓöÇΓöÇΓöÇΓöÇΓöÇΓöÇΓöÇΓöÇΓöÇΓöÇΓöÇΓöÇΓöÇΓöÇΓöÇΓöÇΓöÇΓöÇΓöÇΓöÇΓöÇΓöÇΓöÉ
Γöé View your Cucumber Report at:                                            
Γöé
Γöé https://reports.cucumber.io/reports/222f2829-3fa7-4588-bb5b-cb117138b02f 
Γöé
Γöé                                                                          
Γöé
Γöé This report will self-destruct in 24h.                                   
Γöé
[ERROR] Tests run: 2, Failures: 2, Errors: 0, Skipped: 0, Time elapsed: 7.498 s <<< FAILURE! - in TestSuite
[ERROR] com.booking.runners.TestRunner.runScenario["Create a booking with valid details", "Optional[Create Booking]"](1)  Time elapsed: 3.648 s  <<< FAILURE!
java.lang.AssertionError: Response should contain email: suresh1@gmail.com expected [true] but found [false]
	at org.testng.Assert.fail(Assert.java:99)
	at org.testng.Assert.failNotEquals(Assert.java:1037)
	at org.testng.Assert.assertTrue(Assert.java:45)
	at com.booking.stepDefinitions.E2EHotelBooking.Booking_should_contain_all_submitted_details(E2EHotelBooking.java:335)
	at Γ£╜.Booking should contain all submitted details(file:///D:/Joshiba/Kata_Cucumber_Project/api_hotel_booking/src/test/resources/features/createBooking.feature:37)

[ERROR] com.booking.runners.TestRunner.runScenario["Create a booking with valid details", "Optional[Create Booking]"](2)  Time elapsed: 0.787 s  <<< FAILURE!
java.lang.AssertionError: Response status code mismatch. Expected: 201 Actual: 400 Body: {"errors":["size must be between 11 and 21"]} expected [201] but found [400]
	at org.testng.Assert.fail(Assert.java:99)
	at org.testng.Assert.failNotEquals(Assert.java:1037)
	at org.testng.Assert.assertEqualsImpl(Assert.java:140)
	at org.testng.Assert.assertEquals(Assert.java:122)
	at org.testng.Assert.assertEquals(Assert.java:907)
	at com.booking.stepDefinitions.E2EHotelBooking.API_response_status_code_should_be_for_booking_creation(E2EHotelBooking.java:197)
	at Γ£╜.API response status code should be 201 for booking creation(file:///D:/Joshiba/Kata_Cucumber_Project/api_hotel_booking/src/test/resources/features/createBooking.feature:35)

[INFO] 
[INFO] Results:
[INFO] 
[ERROR] Failures: 
[ERROR]   TestRunner.runScenario Response should contain email: suresh1@gmail.com expected [true] but found [false]
[ERROR]   TestRunner.runScenario Response status code mismatch. Expected: 201 Actual: 400 Body: {"errors":["size must be between 11 and 21"]} expected [201] but found [400]
[INFO] 
[ERROR] Tests run: 2, Failures: 2, Errors: 0, Skipped: 0
[INFO] 
[INFO] ------------------------------------------------------------------------
[INFO] BUILD FAILURE
[INFO] ------------------------------------------------------------------------
[INFO] Total time:  10.722 s
[INFO] Finished at: 2026-03-29T18:10:23+05:30
[INFO] ------------------------------------------------------------------------
[ERROR] Failed to execute goal org.apache.maven.plugins:maven-surefire-plugin:3.0.0-M9:test (default-test) on project api_hotel_booking: There are test failures.
[ERROR] 
[ERROR] Please refer to D:\Joshiba\Kata_Cucumber_Project\api_hotel_booking\target\surefire-reports for the individual test results.
[ERROR] Please refer to dump files (if any exist) [date].dump, [date]-jvmRun[N].dump and [date].dumpstream.
[ERROR] -> [Help 1]
[ERROR] 
[ERROR] To see the full stack trace of the errors, re-run Maven with the -e switch.
[ERROR] Re-run Maven using the -X switch to enable full debug logging.
[ERROR] 
[ERROR] For more information about the errors and possible solutions, please read the following articles:
[ERROR] [Help 1] http://cwiki.apache.org/confluence/display/MAVEN/MojoFailureException
ΓööΓöÇΓöÇΓöÇΓöÇΓöÇΓöÇΓöÇΓöÇΓöÇΓöÇΓöÇΓöÇΓöÇΓöÇΓöÇΓöÇΓöÇΓöÇΓöÇΓöÇΓöÇΓöÇΓöÇΓöÇΓöÇΓ
öÇΓöÇΓöÇΓöÇΓöÇΓöÇΓöÇΓöÇΓöÇΓöÇΓöÇΓöÇΓöÇΓöÇΓöÇΓöÇΓöÇΓöÇΓöÇΓöÇΓöÇΓöÇΓöÇΓöÇΓöÇΓöÇΓö
ÇΓöÇΓöÇΓöÇΓöÇΓöÇΓöÇΓöÇΓöÇΓöÇΓöÇΓöÇΓöÇΓöÇΓöÇΓöÇΓöÇΓöÇΓöÇΓöÇΓöÇΓöÇΓöÇΓöÿ
